*** IR Dump Before VerifierPass on [module] ***
; ModuleID = 'classify.in.ll'
source_filename = "classify.c"
target datalayout = "e-m:e-i8:8:32-i16:16:32-i64:64-i128:128-n32:64-S128"
target triple = "aarch64-unknown-linux-gnu"

; Function Attrs: nounwind uwtable
define dso_local i32 @classify(i32 noundef %0) #0 {
  %2 = alloca i32, align 4
  %3 = alloca i32, align 4
  store i32 %0, i32* %2, align 4
  %4 = load i32, i32* %2, align 4
  %5 = icmp sgt i32 %4, 0
  br i1 %5, label %6, label %7

6:                                                ; preds = %1
  store i32 1, i32* %3, align 4
  br label %8

7:                                                ; preds = %1
  store i32 1, i32* %3, align 4
  br label %8

8:                                                ; preds = %7, %6
  %9 = load i32, i32* %3, align 4
  ret i32 %9
}

attributes #0 = { nounwind uwtable "frame-pointer"="non-leaf" "min-legal-vector-width"="0" "no-trapping-math"="true" "stack-protector-buffer-size"="8" "target-cpu"="generic" "target-features"="+neon,+outline-atomics,+v8a" }

!llvm.module.flags = !{!0, !1, !2, !3, !4, !5, !6, !7, !8}
!llvm.ident = !{!9}

!0 = !{i32 1, !"wchar_size", i32 4}
!1 = !{i32 1, !"branch-target-enforcement", i32 0}
!2 = !{i32 1, !"sign-return-address", i32 0}
!3 = !{i32 1, !"sign-return-address-all", i32 0}
!4 = !{i32 1, !"sign-return-address-with-bkey", i32 0}
!5 = !{i32 7, !"PIC Level", i32 2}
!6 = !{i32 7, !"PIE Level", i32 2}
!7 = !{i32 7, !"uwtable", i32 1}
!8 = !{i32 7, !"frame-pointer", i32 1}
!9 = !{!"Ubuntu clang version 14.0.0-1ubuntu1.1"}
*** IR Dump After VerifierPass on [module] ***
; ModuleID = 'classify.in.ll'
source_filename = "classify.c"
target datalayout = "e-m:e-i8:8:32-i16:16:32-i64:64-i128:128-n32:64-S128"
target triple = "aarch64-unknown-linux-gnu"

; Function Attrs: nounwind uwtable
define dso_local i32 @classify(i32 noundef %0) #0 {
  %2 = alloca i32, align 4
  %3 = alloca i32, align 4
  store i32 %0, i32* %2, align 4
  %4 = load i32, i32* %2, align 4
  %5 = icmp sgt i32 %4, 0
  br i1 %5, label %6, label %7

6:                                                ; preds = %1
  store i32 1, i32* %3, align 4
  br label %8

7:                                                ; preds = %1
  store i32 1, i32* %3, align 4
  br label %8

8:                                                ; preds = %7, %6
  %9 = load i32, i32* %3, align 4
  ret i32 %9
}

attributes #0 = { nounwind uwtable "frame-pointer"="non-leaf" "min-legal-vector-width"="0" "no-trapping-math"="true" "stack-protector-buffer-size"="8" "target-cpu"="generic" "target-features"="+neon,+outline-atomics,+v8a" }

!llvm.module.flags = !{!0, !1, !2, !3, !4, !5, !6, !7, !8}
!llvm.ident = !{!9}

!0 = !{i32 1, !"wchar_size", i32 4}
!1 = !{i32 1, !"branch-target-enforcement", i32 0}
!2 = !{i32 1, !"sign-return-address", i32 0}
!3 = !{i32 1, !"sign-return-address-all", i32 0}
!4 = !{i32 1, !"sign-return-address-with-bkey", i32 0}
!5 = !{i32 7, !"PIC Level", i32 2}
!6 = !{i32 7, !"PIE Level", i32 2}
!7 = !{i32 7, !"uwtable", i32 1}
!8 = !{i32 7, !"frame-pointer", i32 1}
!9 = !{!"Ubuntu clang version 14.0.0-1ubuntu1.1"}
*** IR Dump Before Annotation2MetadataPass on [module] ***
; ModuleID = 'classify.in.ll'
source_filename = "classify.c"
target datalayout = "e-m:e-i8:8:32-i16:16:32-i64:64-i128:128-n32:64-S128"
target triple = "aarch64-unknown-linux-gnu"

; Function Attrs: nounwind uwtable
define dso_local i32 @classify(i32 noundef %0) #0 {
  %2 = alloca i32, align 4
  %3 = alloca i32, align 4
  store i32 %0, i32* %2, align 4
  %4 = load i32, i32* %2, align 4
  %5 = icmp sgt i32 %4, 0
  br i1 %5, label %6, label %7

6:                                                ; preds = %1
  store i32 1, i32* %3, align 4
  br label %8

7:                                                ; preds = %1
  store i32 1, i32* %3, align 4
  br label %8

8:                                                ; preds = %7, %6
  %9 = load i32, i32* %3, align 4
  ret i32 %9
}

attributes #0 = { nounwind uwtable "frame-pointer"="non-leaf" "min-legal-vector-width"="0" "no-trapping-math"="true" "stack-protector-buffer-size"="8" "target-cpu"="generic" "target-features"="+neon,+outline-atomics,+v8a" }

!llvm.module.flags = !{!0, !1, !2, !3, !4, !5, !6, !7, !8}
!llvm.ident = !{!9}

!0 = !{i32 1, !"wchar_size", i32 4}
!1 = !{i32 1, !"branch-target-enforcement", i32 0}
!2 = !{i32 1, !"sign-return-address", i32 0}
!3 = !{i32 1, !"sign-return-address-all", i32 0}
!4 = !{i32 1, !"sign-return-address-with-bkey", i32 0}
!5 = !{i32 7, !"PIC Level", i32 2}
!6 = !{i32 7, !"PIE Level", i32 2}
!7 = !{i32 7, !"uwtable", i32 1}
!8 = !{i32 7, !"frame-pointer", i32 1}
!9 = !{!"Ubuntu clang version 14.0.0-1ubuntu1.1"}
*** IR Dump After Annotation2MetadataPass on [module] ***
; ModuleID = 'classify.in.ll'
source_filename = "classify.c"
target datalayout = "e-m:e-i8:8:32-i16:16:32-i64:64-i128:128-n32:64-S128"
target triple = "aarch64-unknown-linux-gnu"

; Function Attrs: nounwind uwtable
define dso_local i32 @classify(i32 noundef %0) #0 {
  %2 = alloca i32, align 4
  %3 = alloca i32, align 4
  store i32 %0, i32* %2, align 4
  %4 = load i32, i32* %2, align 4
  %5 = icmp sgt i32 %4, 0
  br i1 %5, label %6, label %7

6:                                                ; preds = %1
  store i32 1, i32* %3, align 4
  br label %8

7:                                                ; preds = %1
  store i32 1, i32* %3, align 4
  br label %8

8:                                                ; preds = %7, %6
  %9 = load i32, i32* %3, align 4
  ret i32 %9
}

attributes #0 = { nounwind uwtable "frame-pointer"="non-leaf" "min-legal-vector-width"="0" "no-trapping-math"="true" "stack-protector-buffer-size"="8" "target-cpu"="generic" "target-features"="+neon,+outline-atomics,+v8a" }

!llvm.module.flags = !{!0, !1, !2, !3, !4, !5, !6, !7, !8}
!llvm.ident = !{!9}

!0 = !{i32 1, !"wchar_size", i32 4}
!1 = !{i32 1, !"branch-target-enforcement", i32 0}
!2 = !{i32 1, !"sign-return-address", i32 0}
!3 = !{i32 1, !"sign-return-address-all", i32 0}
!4 = !{i32 1, !"sign-return-address-with-bkey", i32 0}
!5 = !{i32 7, !"PIC Level", i32 2}
!6 = !{i32 7, !"PIE Level", i32 2}
!7 = !{i32 7, !"uwtable", i32 1}
!8 = !{i32 7, !"frame-pointer", i32 1}
!9 = !{!"Ubuntu clang version 14.0.0-1ubuntu1.1"}
*** IR Dump Before ForceFunctionAttrsPass on [module] ***
; ModuleID = 'classify.in.ll'
source_filename = "classify.c"
target datalayout = "e-m:e-i8:8:32-i16:16:32-i64:64-i128:128-n32:64-S128"
target triple = "aarch64-unknown-linux-gnu"

; Function Attrs: nounwind uwtable
define dso_local i32 @classify(i32 noundef %0) #0 {
  %2 = alloca i32, align 4
  %3 = alloca i32, align 4
  store i32 %0, i32* %2, align 4
  %4 = load i32, i32* %2, align 4
  %5 = icmp sgt i32 %4, 0
  br i1 %5, label %6, label %7

6:                                                ; preds = %1
  store i32 1, i32* %3, align 4
  br label %8

7:                                                ; preds = %1
  store i32 1, i32* %3, align 4
  br label %8

8:                                                ; preds = %7, %6
  %9 = load i32, i32* %3, align 4
  ret i32 %9
}

attributes #0 = { nounwind uwtable "frame-pointer"="non-leaf" "min-legal-vector-width"="0" "no-trapping-math"="true" "stack-protector-buffer-size"="8" "target-cpu"="generic" "target-features"="+neon,+outline-atomics,+v8a" }

!llvm.module.flags = !{!0, !1, !2, !3, !4, !5, !6, !7, !8}
!llvm.ident = !{!9}

!0 = !{i32 1, !"wchar_size", i32 4}
!1 = !{i32 1, !"branch-target-enforcement", i32 0}
!2 = !{i32 1, !"sign-return-address", i32 0}
!3 = !{i32 1, !"sign-return-address-all", i32 0}
!4 = !{i32 1, !"sign-return-address-with-bkey", i32 0}
!5 = !{i32 7, !"PIC Level", i32 2}
!6 = !{i32 7, !"PIE Level", i32 2}
!7 = !{i32 7, !"uwtable", i32 1}
!8 = !{i32 7, !"frame-pointer", i32 1}
!9 = !{!"Ubuntu clang version 14.0.0-1ubuntu1.1"}
*** IR Dump After ForceFunctionAttrsPass on [module] ***
; ModuleID = 'classify.in.ll'
source_filename = "classify.c"
target datalayout = "e-m:e-i8:8:32-i16:16:32-i64:64-i128:128-n32:64-S128"
target triple = "aarch64-unknown-linux-gnu"

; Function Attrs: nounwind uwtable
define dso_local i32 @classify(i32 noundef %0) #0 {
  %2 = alloca i32, align 4
  %3 = alloca i32, align 4
  store i32 %0, i32* %2, align 4
  %4 = load i32, i32* %2, align 4
  %5 = icmp sgt i32 %4, 0
  br i1 %5, label %6, label %7

6:                                                ; preds = %1
  store i32 1, i32* %3, align 4
  br label %8

7:                                                ; preds = %1
  store i32 1, i32* %3, align 4
  br label %8

8:                                                ; preds = %7, %6
  %9 = load i32, i32* %3, align 4
  ret i32 %9
}

attributes #0 = { nounwind uwtable "frame-pointer"="non-leaf" "min-legal-vector-width"="0" "no-trapping-math"="true" "stack-protector-buffer-size"="8" "target-cpu"="generic" "target-features"="+neon,+outline-atomics,+v8a" }

!llvm.module.flags = !{!0, !1, !2, !3, !4, !5, !6, !7, !8}
!llvm.ident = !{!9}

!0 = !{i32 1, !"wchar_size", i32 4}
!1 = !{i32 1, !"branch-target-enforcement", i32 0}
!2 = !{i32 1, !"sign-return-address", i32 0}
!3 = !{i32 1, !"sign-return-address-all", i32 0}
!4 = !{i32 1, !"sign-return-address-with-bkey", i32 0}
!5 = !{i32 7, !"PIC Level", i32 2}
!6 = !{i32 7, !"PIE Level", i32 2}
!7 = !{i32 7, !"uwtable", i32 1}
!8 = !{i32 7, !"frame-pointer", i32 1}
!9 = !{!"Ubuntu clang version 14.0.0-1ubuntu1.1"}
*** IR Dump Before InferFunctionAttrsPass on [module] ***
; ModuleID = 'classify.in.ll'
source_filename = "classify.c"
target datalayout = "e-m:e-i8:8:32-i16:16:32-i64:64-i128:128-n32:64-S128"
target triple = "aarch64-unknown-linux-gnu"

; Function Attrs: nounwind uwtable
define dso_local i32 @classify(i32 noundef %0) #0 {
  %2 = alloca i32, align 4
  %3 = alloca i32, align 4
  store i32 %0, i32* %2, align 4
  %4 = load i32, i32* %2, align 4
  %5 = icmp sgt i32 %4, 0
  br i1 %5, label %6, label %7

6:                                                ; preds = %1
  store i32 1, i32* %3, align 4
  br label %8

7:                                                ; preds = %1
  store i32 1, i32* %3, align 4
  br label %8

8:                                                ; preds = %7, %6
  %9 = load i32, i32* %3, align 4
  ret i32 %9
}

attributes #0 = { nounwind uwtable "frame-pointer"="non-leaf" "min-legal-vector-width"="0" "no-trapping-math"="true" "stack-protector-buffer-size"="8" "target-cpu"="generic" "target-features"="+neon,+outline-atomics,+v8a" }

!llvm.module.flags = !{!0, !1, !2, !3, !4, !5, !6, !7, !8}
!llvm.ident = !{!9}

!0 = !{i32 1, !"wchar_size", i32 4}
!1 = !{i32 1, !"branch-target-enforcement", i32 0}
!2 = !{i32 1, !"sign-return-address", i32 0}
!3 = !{i32 1, !"sign-return-address-all", i32 0}
!4 = !{i32 1, !"sign-return-address-with-bkey", i32 0}
!5 = !{i32 7, !"PIC Level", i32 2}
!6 = !{i32 7, !"PIE Level", i32 2}
!7 = !{i32 7, !"uwtable", i32 1}
!8 = !{i32 7, !"frame-pointer", i32 1}
!9 = !{!"Ubuntu clang version 14.0.0-1ubuntu1.1"}
*** IR Dump After InferFunctionAttrsPass on [module] ***
; ModuleID = 'classify.in.ll'
source_filename = "classify.c"
target datalayout = "e-m:e-i8:8:32-i16:16:32-i64:64-i128:128-n32:64-S128"
target triple = "aarch64-unknown-linux-gnu"

; Function Attrs: nounwind uwtable
define dso_local i32 @classify(i32 noundef %0) #0 {
  %2 = alloca i32, align 4
  %3 = alloca i32, align 4
  store i32 %0, i32* %2, align 4
  %4 = load i32, i32* %2, align 4
  %5 = icmp sgt i32 %4, 0
  br i1 %5, label %6, label %7

6:                                                ; preds = %1
  store i32 1, i32* %3, align 4
  br label %8

7:                                                ; preds = %1
  store i32 1, i32* %3, align 4
  br label %8

8:                                                ; preds = %7, %6
  %9 = load i32, i32* %3, align 4
  ret i32 %9
}

attributes #0 = { nounwind uwtable "frame-pointer"="non-leaf" "min-legal-vector-width"="0" "no-trapping-math"="true" "stack-protector-buffer-size"="8" "target-cpu"="generic" "target-features"="+neon,+outline-atomics,+v8a" }

!llvm.module.flags = !{!0, !1, !2, !3, !4, !5, !6, !7, !8}
!llvm.ident = !{!9}

!0 = !{i32 1, !"wchar_size", i32 4}
!1 = !{i32 1, !"branch-target-enforcement", i32 0}
!2 = !{i32 1, !"sign-return-address", i32 0}
!3 = !{i32 1, !"sign-return-address-all", i32 0}
!4 = !{i32 1, !"sign-return-address-with-bkey", i32 0}
!5 = !{i32 7, !"PIC Level", i32 2}
!6 = !{i32 7, !"PIE Level", i32 2}
!7 = !{i32 7, !"uwtable", i32 1}
!8 = !{i32 7, !"frame-pointer", i32 1}
!9 = !{!"Ubuntu clang version 14.0.0-1ubuntu1.1"}
*** IR Dump Before LowerExpectIntrinsicPass on classify ***
; Function Attrs: nounwind uwtable
define dso_local i32 @classify(i32 noundef %0) #0 {
  %2 = alloca i32, align 4
  %3 = alloca i32, align 4
  store i32 %0, i32* %2, align 4
  %4 = load i32, i32* %2, align 4
  %5 = icmp sgt i32 %4, 0
  br i1 %5, label %6, label %7

6:                                                ; preds = %1
  store i32 1, i32* %3, align 4
  br label %8

7:                                                ; preds = %1
  store i32 1, i32* %3, align 4
  br label %8

8:                                                ; preds = %7, %6
  %9 = load i32, i32* %3, align 4
  ret i32 %9
}
*** IR Dump After LowerExpectIntrinsicPass on classify ***
; Function Attrs: nounwind uwtable
define dso_local i32 @classify(i32 noundef %0) #0 {
  %2 = alloca i32, align 4
  %3 = alloca i32, align 4
  store i32 %0, i32* %2, align 4
  %4 = load i32, i32* %2, align 4
  %5 = icmp sgt i32 %4, 0
  br i1 %5, label %6, label %7

6:                                                ; preds = %1
  store i32 1, i32* %3, align 4
  br label %8

7:                                                ; preds = %1
  store i32 1, i32* %3, align 4
  br label %8

8:                                                ; preds = %7, %6
  %9 = load i32, i32* %3, align 4
  ret i32 %9
}
*** IR Dump Before SimplifyCFGPass on classify ***
; Function Attrs: nounwind uwtable
define dso_local i32 @classify(i32 noundef %0) #0 {
  %2 = alloca i32, align 4
  %3 = alloca i32, align 4
  store i32 %0, i32* %2, align 4
  %4 = load i32, i32* %2, align 4
  %5 = icmp sgt i32 %4, 0
  br i1 %5, label %6, label %7

6:                                                ; preds = %1
  store i32 1, i32* %3, align 4
  br label %8

7:                                                ; preds = %1
  store i32 1, i32* %3, align 4
  br label %8

8:                                                ; preds = %7, %6
  %9 = load i32, i32* %3, align 4
  ret i32 %9
}
*** IR Dump After SimplifyCFGPass on classify ***
; Function Attrs: nounwind uwtable
define dso_local i32 @classify(i32 noundef %0) #0 {
  %2 = alloca i32, align 4
  %3 = alloca i32, align 4
  store i32 %0, i32* %2, align 4
  %4 = load i32, i32* %2, align 4
  %5 = icmp sgt i32 %4, 0
  br i1 %5, label %6, label %7

6:                                                ; preds = %1
  store i32 1, i32* %3, align 4
  br label %8

7:                                                ; preds = %1
  store i32 1, i32* %3, align 4
  br label %8

8:                                                ; preds = %7, %6
  %9 = load i32, i32* %3, align 4
  ret i32 %9
}
*** IR Dump Before SROAPass on classify ***
; Function Attrs: nounwind uwtable
define dso_local i32 @classify(i32 noundef %0) #0 {
  %2 = alloca i32, align 4
  %3 = alloca i32, align 4
  store i32 %0, i32* %2, align 4
  %4 = load i32, i32* %2, align 4
  %5 = icmp sgt i32 %4, 0
  br i1 %5, label %6, label %7

6:                                                ; preds = %1
  store i32 1, i32* %3, align 4
  br label %8

7:                                                ; preds = %1
  store i32 1, i32* %3, align 4
  br label %8

8:                                                ; preds = %7, %6
  %9 = load i32, i32* %3, align 4
  ret i32 %9
}
*** IR Dump After SROAPass on classify ***
; Function Attrs: nounwind uwtable
define dso_local i32 @classify(i32 noundef %0) #0 {
  %2 = icmp sgt i32 %0, 0
  br i1 %2, label %3, label %4

3:                                                ; preds = %1
  br label %5

4:                                                ; preds = %1
  br label %5

5:                                                ; preds = %4, %3
  ret i32 1
}
*** IR Dump Before EarlyCSEPass on classify ***
; Function Attrs: nounwind uwtable
define dso_local i32 @classify(i32 noundef %0) #0 {
  %2 = icmp sgt i32 %0, 0
  br i1 %2, label %3, label %4

3:                                                ; preds = %1
  br label %5

4:                                                ; preds = %1
  br label %5

5:                                                ; preds = %4, %3
  ret i32 1
}
*** IR Dump After EarlyCSEPass on classify ***
; Function Attrs: nounwind uwtable
define dso_local i32 @classify(i32 noundef %0) #0 {
  %2 = icmp sgt i32 %0, 0
  br i1 %2, label %3, label %4

3:                                                ; preds = %1
  br label %5

4:                                                ; preds = %1
  br label %5

5:                                                ; preds = %4, %3
  ret i32 1
}
*** IR Dump Before CoroEarlyPass on classify ***
; Function Attrs: nounwind uwtable
define dso_local i32 @classify(i32 noundef %0) #0 {
  %2 = icmp sgt i32 %0, 0
  br i1 %2, label %3, label %4

3:                                                ; preds = %1
  br label %5

4:                                                ; preds = %1
  br label %5

5:                                                ; preds = %4, %3
  ret i32 1
}
*** IR Dump After CoroEarlyPass on classify ***
; Function Attrs: nounwind uwtable
define dso_local i32 @classify(i32 noundef %0) #0 {
  %2 = icmp sgt i32 %0, 0
  br i1 %2, label %3, label %4

3:                                                ; preds = %1
  br label %5

4:                                                ; preds = %1
  br label %5

5:                                                ; preds = %4, %3
  ret i32 1
}
*** IR Dump Before OpenMPOptPass on [module] ***
; ModuleID = 'classify.in.ll'
source_filename = "classify.c"
target datalayout = "e-m:e-i8:8:32-i16:16:32-i64:64-i128:128-n32:64-S128"
target triple = "aarch64-unknown-linux-gnu"

; Function Attrs: nounwind uwtable
define dso_local i32 @classify(i32 noundef %0) #0 {
  %2 = icmp sgt i32 %0, 0
  br i1 %2, label %3, label %4

3:                                                ; preds = %1
  br label %5

4:                                                ; preds = %1
  br label %5

5:                                                ; preds = %4, %3
  ret i32 1
}

attributes #0 = { nounwind uwtable "frame-pointer"="non-leaf" "min-legal-vector-width"="0" "no-trapping-math"="true" "stack-protector-buffer-size"="8" "target-cpu"="generic" "target-features"="+neon,+outline-atomics,+v8a" }

!llvm.module.flags = !{!0, !1, !2, !3, !4, !5, !6, !7, !8}
!llvm.ident = !{!9}

!0 = !{i32 1, !"wchar_size", i32 4}
!1 = !{i32 1, !"branch-target-enforcement", i32 0}
!2 = !{i32 1, !"sign-return-address", i32 0}
!3 = !{i32 1, !"sign-return-address-all", i32 0}
!4 = !{i32 1, !"sign-return-address-with-bkey", i32 0}
!5 = !{i32 7, !"PIC Level", i32 2}
!6 = !{i32 7, !"PIE Level", i32 2}
!7 = !{i32 7, !"uwtable", i32 1}
!8 = !{i32 7, !"frame-pointer", i32 1}
!9 = !{!"Ubuntu clang version 14.0.0-1ubuntu1.1"}
*** IR Dump After OpenMPOptPass on [module] ***
; ModuleID = 'classify.in.ll'
source_filename = "classify.c"
target datalayout = "e-m:e-i8:8:32-i16:16:32-i64:64-i128:128-n32:64-S128"
target triple = "aarch64-unknown-linux-gnu"

; Function Attrs: nounwind uwtable
define dso_local i32 @classify(i32 noundef %0) #0 {
  %2 = icmp sgt i32 %0, 0
  br i1 %2, label %3, label %4

3:                                                ; preds = %1
  br label %5

4:                                                ; preds = %1
  br label %5

5:                                                ; preds = %4, %3
  ret i32 1
}

attributes #0 = { nounwind uwtable "frame-pointer"="non-leaf" "min-legal-vector-width"="0" "no-trapping-math"="true" "stack-protector-buffer-size"="8" "target-cpu"="generic" "target-features"="+neon,+outline-atomics,+v8a" }

!llvm.module.flags = !{!0, !1, !2, !3, !4, !5, !6, !7, !8}
!llvm.ident = !{!9}

!0 = !{i32 1, !"wchar_size", i32 4}
!1 = !{i32 1, !"branch-target-enforcement", i32 0}
!2 = !{i32 1, !"sign-return-address", i32 0}
!3 = !{i32 1, !"sign-return-address-all", i32 0}
!4 = !{i32 1, !"sign-return-address-with-bkey", i32 0}
!5 = !{i32 7, !"PIC Level", i32 2}
!6 = !{i32 7, !"PIE Level", i32 2}
!7 = !{i32 7, !"uwtable", i32 1}
!8 = !{i32 7, !"frame-pointer", i32 1}
!9 = !{!"Ubuntu clang version 14.0.0-1ubuntu1.1"}
*** IR Dump Before IPSCCPPass on [module] ***
; ModuleID = 'classify.in.ll'
source_filename = "classify.c"
target datalayout = "e-m:e-i8:8:32-i16:16:32-i64:64-i128:128-n32:64-S128"
target triple = "aarch64-unknown-linux-gnu"

; Function Attrs: nounwind uwtable
define dso_local i32 @classify(i32 noundef %0) #0 {
  %2 = icmp sgt i32 %0, 0
  br i1 %2, label %3, label %4

3:                                                ; preds = %1
  br label %5

4:                                                ; preds = %1
  br label %5

5:                                                ; preds = %4, %3
  ret i32 1
}

attributes #0 = { nounwind uwtable "frame-pointer"="non-leaf" "min-legal-vector-width"="0" "no-trapping-math"="true" "stack-protector-buffer-size"="8" "target-cpu"="generic" "target-features"="+neon,+outline-atomics,+v8a" }

!llvm.module.flags = !{!0, !1, !2, !3, !4, !5, !6, !7, !8}
!llvm.ident = !{!9}

!0 = !{i32 1, !"wchar_size", i32 4}
!1 = !{i32 1, !"branch-target-enforcement", i32 0}
!2 = !{i32 1, !"sign-return-address", i32 0}
!3 = !{i32 1, !"sign-return-address-all", i32 0}
!4 = !{i32 1, !"sign-return-address-with-bkey", i32 0}
!5 = !{i32 7, !"PIC Level", i32 2}
!6 = !{i32 7, !"PIE Level", i32 2}
!7 = !{i32 7, !"uwtable", i32 1}
!8 = !{i32 7, !"frame-pointer", i32 1}
!9 = !{!"Ubuntu clang version 14.0.0-1ubuntu1.1"}
*** IR Dump After IPSCCPPass on [module] ***
; ModuleID = 'classify.in.ll'
source_filename = "classify.c"
target datalayout = "e-m:e-i8:8:32-i16:16:32-i64:64-i128:128-n32:64-S128"
target triple = "aarch64-unknown-linux-gnu"

; Function Attrs: nounwind uwtable
define dso_local i32 @classify(i32 noundef %0) #0 {
  %2 = icmp sgt i32 %0, 0
  br i1 %2, label %3, label %4

3:                                                ; preds = %1
  br label %5

4:                                                ; preds = %1
  br label %5

5:                                                ; preds = %4, %3
  ret i32 1
}

attributes #0 = { nounwind uwtable "frame-pointer"="non-leaf" "min-legal-vector-width"="0" "no-trapping-math"="true" "stack-protector-buffer-size"="8" "target-cpu"="generic" "target-features"="+neon,+outline-atomics,+v8a" }

!llvm.module.flags = !{!0, !1, !2, !3, !4, !5, !6, !7, !8}
!llvm.ident = !{!9}

!0 = !{i32 1, !"wchar_size", i32 4}
!1 = !{i32 1, !"branch-target-enforcement", i32 0}
!2 = !{i32 1, !"sign-return-address", i32 0}
!3 = !{i32 1, !"sign-return-address-all", i32 0}
!4 = !{i32 1, !"sign-return-address-with-bkey", i32 0}
!5 = !{i32 7, !"PIC Level", i32 2}
!6 = !{i32 7, !"PIE Level", i32 2}
!7 = !{i32 7, !"uwtable", i32 1}
!8 = !{i32 7, !"frame-pointer", i32 1}
!9 = !{!"Ubuntu clang version 14.0.0-1ubuntu1.1"}
*** IR Dump Before CalledValuePropagationPass on [module] ***
; ModuleID = 'classify.in.ll'
source_filename = "classify.c"
target datalayout = "e-m:e-i8:8:32-i16:16:32-i64:64-i128:128-n32:64-S128"
target triple = "aarch64-unknown-linux-gnu"

; Function Attrs: nounwind uwtable
define dso_local i32 @classify(i32 noundef %0) #0 {
  %2 = icmp sgt i32 %0, 0
  br i1 %2, label %3, label %4

3:                                                ; preds = %1
  br label %5

4:                                                ; preds = %1
  br label %5

5:                                                ; preds = %4, %3
  ret i32 1
}

attributes #0 = { nounwind uwtable "frame-pointer"="non-leaf" "min-legal-vector-width"="0" "no-trapping-math"="true" "stack-protector-buffer-size"="8" "target-cpu"="generic" "target-features"="+neon,+outline-atomics,+v8a" }

!llvm.module.flags = !{!0, !1, !2, !3, !4, !5, !6, !7, !8}
!llvm.ident = !{!9}

!0 = !{i32 1, !"wchar_size", i32 4}
!1 = !{i32 1, !"branch-target-enforcement", i32 0}
!2 = !{i32 1, !"sign-return-address", i32 0}
!3 = !{i32 1, !"sign-return-address-all", i32 0}
!4 = !{i32 1, !"sign-return-address-with-bkey", i32 0}
!5 = !{i32 7, !"PIC Level", i32 2}
!6 = !{i32 7, !"PIE Level", i32 2}
!7 = !{i32 7, !"uwtable", i32 1}
!8 = !{i32 7, !"frame-pointer", i32 1}
!9 = !{!"Ubuntu clang version 14.0.0-1ubuntu1.1"}
*** IR Dump After CalledValuePropagationPass on [module] ***
; ModuleID = 'classify.in.ll'
source_filename = "classify.c"
target datalayout = "e-m:e-i8:8:32-i16:16:32-i64:64-i128:128-n32:64-S128"
target triple = "aarch64-unknown-linux-gnu"

; Function Attrs: nounwind uwtable
define dso_local i32 @classify(i32 noundef %0) #0 {
  %2 = icmp sgt i32 %0, 0
  br i1 %2, label %3, label %4

3:                                                ; preds = %1
  br label %5

4:                                                ; preds = %1
  br label %5

5:                                                ; preds = %4, %3
  ret i32 1
}

attributes #0 = { nounwind uwtable "frame-pointer"="non-leaf" "min-legal-vector-width"="0" "no-trapping-math"="true" "stack-protector-buffer-size"="8" "target-cpu"="generic" "target-features"="+neon,+outline-atomics,+v8a" }

!llvm.module.flags = !{!0, !1, !2, !3, !4, !5, !6, !7, !8}
!llvm.ident = !{!9}

!0 = !{i32 1, !"wchar_size", i32 4}
!1 = !{i32 1, !"branch-target-enforcement", i32 0}
!2 = !{i32 1, !"sign-return-address", i32 0}
!3 = !{i32 1, !"sign-return-address-all", i32 0}
!4 = !{i32 1, !"sign-return-address-with-bkey", i32 0}
!5 = !{i32 7, !"PIC Level", i32 2}
!6 = !{i32 7, !"PIE Level", i32 2}
!7 = !{i32 7, !"uwtable", i32 1}
!8 = !{i32 7, !"frame-pointer", i32 1}
!9 = !{!"Ubuntu clang version 14.0.0-1ubuntu1.1"}
*** IR Dump Before GlobalOptPass on [module] ***
; ModuleID = 'classify.in.ll'
source_filename = "classify.c"
target datalayout = "e-m:e-i8:8:32-i16:16:32-i64:64-i128:128-n32:64-S128"
target triple = "aarch64-unknown-linux-gnu"

; Function Attrs: nounwind uwtable
define dso_local i32 @classify(i32 noundef %0) #0 {
  %2 = icmp sgt i32 %0, 0
  br i1 %2, label %3, label %4

3:                                                ; preds = %1
  br label %5

4:                                                ; preds = %1
  br label %5

5:                                                ; preds = %4, %3
  ret i32 1
}

attributes #0 = { nounwind uwtable "frame-pointer"="non-leaf" "min-legal-vector-width"="0" "no-trapping-math"="true" "stack-protector-buffer-size"="8" "target-cpu"="generic" "target-features"="+neon,+outline-atomics,+v8a" }

!llvm.module.flags = !{!0, !1, !2, !3, !4, !5, !6, !7, !8}
!llvm.ident = !{!9}

!0 = !{i32 1, !"wchar_size", i32 4}
!1 = !{i32 1, !"branch-target-enforcement", i32 0}
!2 = !{i32 1, !"sign-return-address", i32 0}
!3 = !{i32 1, !"sign-return-address-all", i32 0}
!4 = !{i32 1, !"sign-return-address-with-bkey", i32 0}
!5 = !{i32 7, !"PIC Level", i32 2}
!6 = !{i32 7, !"PIE Level", i32 2}
!7 = !{i32 7, !"uwtable", i32 1}
!8 = !{i32 7, !"frame-pointer", i32 1}
!9 = !{!"Ubuntu clang version 14.0.0-1ubuntu1.1"}
*** IR Dump After GlobalOptPass on [module] ***
; ModuleID = 'classify.in.ll'
source_filename = "classify.c"
target datalayout = "e-m:e-i8:8:32-i16:16:32-i64:64-i128:128-n32:64-S128"
target triple = "aarch64-unknown-linux-gnu"

; Function Attrs: nounwind uwtable
define dso_local i32 @classify(i32 noundef %0) local_unnamed_addr #0 {
  %2 = icmp sgt i32 %0, 0
  br i1 %2, label %3, label %4

3:                                                ; preds = %1
  br label %5

4:                                                ; preds = %1
  br label %5

5:                                                ; preds = %4, %3
  ret i32 1
}

attributes #0 = { nounwind uwtable "frame-pointer"="non-leaf" "min-legal-vector-width"="0" "no-trapping-math"="true" "stack-protector-buffer-size"="8" "target-cpu"="generic" "target-features"="+neon,+outline-atomics,+v8a" }

!llvm.module.flags = !{!0, !1, !2, !3, !4, !5, !6, !7, !8}
!llvm.ident = !{!9}

!0 = !{i32 1, !"wchar_size", i32 4}
!1 = !{i32 1, !"branch-target-enforcement", i32 0}
!2 = !{i32 1, !"sign-return-address", i32 0}
!3 = !{i32 1, !"sign-return-address-all", i32 0}
!4 = !{i32 1, !"sign-return-address-with-bkey", i32 0}
!5 = !{i32 7, !"PIC Level", i32 2}
!6 = !{i32 7, !"PIE Level", i32 2}
!7 = !{i32 7, !"uwtable", i32 1}
!8 = !{i32 7, !"frame-pointer", i32 1}
!9 = !{!"Ubuntu clang version 14.0.0-1ubuntu1.1"}
*** IR Dump Before PromotePass on classify ***
; Function Attrs: nounwind uwtable
define dso_local i32 @classify(i32 noundef %0) local_unnamed_addr #0 {
  %2 = icmp sgt i32 %0, 0
  br i1 %2, label %3, label %4

3:                                                ; preds = %1
  br label %5

4:                                                ; preds = %1
  br label %5

5:                                                ; preds = %4, %3
  ret i32 1
}
*** IR Dump After PromotePass on classify ***
; Function Attrs: nounwind uwtable
define dso_local i32 @classify(i32 noundef %0) local_unnamed_addr #0 {
  %2 = icmp sgt i32 %0, 0
  br i1 %2, label %3, label %4

3:                                                ; preds = %1
  br label %5

4:                                                ; preds = %1
  br label %5

5:                                                ; preds = %4, %3
  ret i32 1
}
*** IR Dump Before DeadArgumentEliminationPass on [module] ***
; ModuleID = 'classify.in.ll'
source_filename = "classify.c"
target datalayout = "e-m:e-i8:8:32-i16:16:32-i64:64-i128:128-n32:64-S128"
target triple = "aarch64-unknown-linux-gnu"

; Function Attrs: nounwind uwtable
define dso_local i32 @classify(i32 noundef %0) local_unnamed_addr #0 {
  %2 = icmp sgt i32 %0, 0
  br i1 %2, label %3, label %4

3:                                                ; preds = %1
  br label %5

4:                                                ; preds = %1
  br label %5

5:                                                ; preds = %4, %3
  ret i32 1
}

attributes #0 = { nounwind uwtable "frame-pointer"="non-leaf" "min-legal-vector-width"="0" "no-trapping-math"="true" "stack-protector-buffer-size"="8" "target-cpu"="generic" "target-features"="+neon,+outline-atomics,+v8a" }

!llvm.module.flags = !{!0, !1, !2, !3, !4, !5, !6, !7, !8}
!llvm.ident = !{!9}

!0 = !{i32 1, !"wchar_size", i32 4}
!1 = !{i32 1, !"branch-target-enforcement", i32 0}
!2 = !{i32 1, !"sign-return-address", i32 0}
!3 = !{i32 1, !"sign-return-address-all", i32 0}
!4 = !{i32 1, !"sign-return-address-with-bkey", i32 0}
!5 = !{i32 7, !"PIC Level", i32 2}
!6 = !{i32 7, !"PIE Level", i32 2}
!7 = !{i32 7, !"uwtable", i32 1}
!8 = !{i32 7, !"frame-pointer", i32 1}
!9 = !{!"Ubuntu clang version 14.0.0-1ubuntu1.1"}
*** IR Dump After DeadArgumentEliminationPass on [module] ***
; ModuleID = 'classify.in.ll'
source_filename = "classify.c"
target datalayout = "e-m:e-i8:8:32-i16:16:32-i64:64-i128:128-n32:64-S128"
target triple = "aarch64-unknown-linux-gnu"

; Function Attrs: nounwind uwtable
define dso_local i32 @classify(i32 noundef %0) local_unnamed_addr #0 {
  %2 = icmp sgt i32 %0, 0
  br i1 %2, label %3, label %4

3:                                                ; preds = %1
  br label %5

4:                                                ; preds = %1
  br label %5

5:                                                ; preds = %4, %3
  ret i32 1
}

attributes #0 = { nounwind uwtable "frame-pointer"="non-leaf" "min-legal-vector-width"="0" "no-trapping-math"="true" "stack-protector-buffer-size"="8" "target-cpu"="generic" "target-features"="+neon,+outline-atomics,+v8a" }

!llvm.module.flags = !{!0, !1, !2, !3, !4, !5, !6, !7, !8}
!llvm.ident = !{!9}

!0 = !{i32 1, !"wchar_size", i32 4}
!1 = !{i32 1, !"branch-target-enforcement", i32 0}
!2 = !{i32 1, !"sign-return-address", i32 0}
!3 = !{i32 1, !"sign-return-address-all", i32 0}
!4 = !{i32 1, !"sign-return-address-with-bkey", i32 0}
!5 = !{i32 7, !"PIC Level", i32 2}
!6 = !{i32 7, !"PIE Level", i32 2}
!7 = !{i32 7, !"uwtable", i32 1}
!8 = !{i32 7, !"frame-pointer", i32 1}
!9 = !{!"Ubuntu clang version 14.0.0-1ubuntu1.1"}
*** IR Dump Before InstCombinePass on classify ***
; Function Attrs: nounwind uwtable
define dso_local i32 @classify(i32 noundef %0) local_unnamed_addr #0 {
  %2 = icmp sgt i32 %0, 0
  br i1 %2, label %3, label %4

3:                                                ; preds = %1
  br label %5

4:                                                ; preds = %1
  br label %5

5:                                                ; preds = %4, %3
  ret i32 1
}
*** IR Dump After InstCombinePass on classify ***
; Function Attrs: nounwind uwtable
define dso_local i32 @classify(i32 noundef %0) local_unnamed_addr #0 {
  %2 = icmp sgt i32 %0, 0
  br i1 %2, label %3, label %4

3:                                                ; preds = %1
  br label %5

4:                                                ; preds = %1
  br label %5

5:                                                ; preds = %4, %3
  ret i32 1
}
*** IR Dump Before SimplifyCFGPass on classify ***
; Function Attrs: nounwind uwtable
define dso_local i32 @classify(i32 noundef %0) local_unnamed_addr #0 {
  %2 = icmp sgt i32 %0, 0
  br i1 %2, label %3, label %4

3:                                                ; preds = %1
  br label %5

4:                                                ; preds = %1
  br label %5

5:                                                ; preds = %4, %3
  ret i32 1
}
*** IR Dump After SimplifyCFGPass on classify ***
; Function Attrs: nounwind uwtable
define dso_local i32 @classify(i32 noundef %0) local_unnamed_addr #0 {
  ret i32 1
}
*** IR Dump Before RequireAnalysisPass<llvm::GlobalsAA, llvm::Module> on [module] ***
; ModuleID = 'classify.in.ll'
source_filename = "classify.c"
target datalayout = "e-m:e-i8:8:32-i16:16:32-i64:64-i128:128-n32:64-S128"
target triple = "aarch64-unknown-linux-gnu"

; Function Attrs: nounwind uwtable
define dso_local i32 @classify(i32 noundef %0) local_unnamed_addr #0 {
  ret i32 1
}

attributes #0 = { nounwind uwtable "frame-pointer"="non-leaf" "min-legal-vector-width"="0" "no-trapping-math"="true" "stack-protector-buffer-size"="8" "target-cpu"="generic" "target-features"="+neon,+outline-atomics,+v8a" }

!llvm.module.flags = !{!0, !1, !2, !3, !4, !5, !6, !7, !8}
!llvm.ident = !{!9}

!0 = !{i32 1, !"wchar_size", i32 4}
!1 = !{i32 1, !"branch-target-enforcement", i32 0}
!2 = !{i32 1, !"sign-return-address", i32 0}
!3 = !{i32 1, !"sign-return-address-all", i32 0}
!4 = !{i32 1, !"sign-return-address-with-bkey", i32 0}
!5 = !{i32 7, !"PIC Level", i32 2}
!6 = !{i32 7, !"PIE Level", i32 2}
!7 = !{i32 7, !"uwtable", i32 1}
!8 = !{i32 7, !"frame-pointer", i32 1}
!9 = !{!"Ubuntu clang version 14.0.0-1ubuntu1.1"}
*** IR Dump After RequireAnalysisPass<llvm::GlobalsAA, llvm::Module> on [module] ***
; ModuleID = 'classify.in.ll'
source_filename = "classify.c"
target datalayout = "e-m:e-i8:8:32-i16:16:32-i64:64-i128:128-n32:64-S128"
target triple = "aarch64-unknown-linux-gnu"

; Function Attrs: nounwind uwtable
define dso_local i32 @classify(i32 noundef %0) local_unnamed_addr #0 {
  ret i32 1
}

attributes #0 = { nounwind uwtable "frame-pointer"="non-leaf" "min-legal-vector-width"="0" "no-trapping-math"="true" "stack-protector-buffer-size"="8" "target-cpu"="generic" "target-features"="+neon,+outline-atomics,+v8a" }

!llvm.module.flags = !{!0, !1, !2, !3, !4, !5, !6, !7, !8}
!llvm.ident = !{!9}

!0 = !{i32 1, !"wchar_size", i32 4}
!1 = !{i32 1, !"branch-target-enforcement", i32 0}
!2 = !{i32 1, !"sign-return-address", i32 0}
!3 = !{i32 1, !"sign-return-address-all", i32 0}
!4 = !{i32 1, !"sign-return-address-with-bkey", i32 0}
!5 = !{i32 7, !"PIC Level", i32 2}
!6 = !{i32 7, !"PIE Level", i32 2}
!7 = !{i32 7, !"uwtable", i32 1}
!8 = !{i32 7, !"frame-pointer", i32 1}
!9 = !{!"Ubuntu clang version 14.0.0-1ubuntu1.1"}
*** IR Dump Before InvalidateAnalysisPass<llvm::AAManager> on classify ***
; Function Attrs: nounwind uwtable
define dso_local i32 @classify(i32 noundef %0) local_unnamed_addr #0 {
  ret i32 1
}
*** IR Dump After InvalidateAnalysisPass<llvm::AAManager> on classify ***
; Function Attrs: nounwind uwtable
define dso_local i32 @classify(i32 noundef %0) local_unnamed_addr #0 {
  ret i32 1
}
*** IR Dump Before RequireAnalysisPass<llvm::ProfileSummaryAnalysis, llvm::Module> on [module] ***
; ModuleID = 'classify.in.ll'
source_filename = "classify.c"
target datalayout = "e-m:e-i8:8:32-i16:16:32-i64:64-i128:128-n32:64-S128"
target triple = "aarch64-unknown-linux-gnu"

; Function Attrs: nounwind uwtable
define dso_local i32 @classify(i32 noundef %0) local_unnamed_addr #0 {
  ret i32 1
}

attributes #0 = { nounwind uwtable "frame-pointer"="non-leaf" "min-legal-vector-width"="0" "no-trapping-math"="true" "stack-protector-buffer-size"="8" "target-cpu"="generic" "target-features"="+neon,+outline-atomics,+v8a" }

!llvm.module.flags = !{!0, !1, !2, !3, !4, !5, !6, !7, !8}
!llvm.ident = !{!9}

!0 = !{i32 1, !"wchar_size", i32 4}
!1 = !{i32 1, !"branch-target-enforcement", i32 0}
!2 = !{i32 1, !"sign-return-address", i32 0}
!3 = !{i32 1, !"sign-return-address-all", i32 0}
!4 = !{i32 1, !"sign-return-address-with-bkey", i32 0}
!5 = !{i32 7, !"PIC Level", i32 2}
!6 = !{i32 7, !"PIE Level", i32 2}
!7 = !{i32 7, !"uwtable", i32 1}
!8 = !{i32 7, !"frame-pointer", i32 1}
!9 = !{!"Ubuntu clang version 14.0.0-1ubuntu1.1"}
*** IR Dump After RequireAnalysisPass<llvm::ProfileSummaryAnalysis, llvm::Module> on [module] ***
; ModuleID = 'classify.in.ll'
source_filename = "classify.c"
target datalayout = "e-m:e-i8:8:32-i16:16:32-i64:64-i128:128-n32:64-S128"
target triple = "aarch64-unknown-linux-gnu"

; Function Attrs: nounwind uwtable
define dso_local i32 @classify(i32 noundef %0) local_unnamed_addr #0 {
  ret i32 1
}

attributes #0 = { nounwind uwtable "frame-pointer"="non-leaf" "min-legal-vector-width"="0" "no-trapping-math"="true" "stack-protector-buffer-size"="8" "target-cpu"="generic" "target-features"="+neon,+outline-atomics,+v8a" }

!llvm.module.flags = !{!0, !1, !2, !3, !4, !5, !6, !7, !8}
!llvm.ident = !{!9}

!0 = !{i32 1, !"wchar_size", i32 4}
!1 = !{i32 1, !"branch-target-enforcement", i32 0}
!2 = !{i32 1, !"sign-return-address", i32 0}
!3 = !{i32 1, !"sign-return-address-all", i32 0}
!4 = !{i32 1, !"sign-return-address-with-bkey", i32 0}
!5 = !{i32 7, !"PIC Level", i32 2}
!6 = !{i32 7, !"PIE Level", i32 2}
!7 = !{i32 7, !"uwtable", i32 1}
!8 = !{i32 7, !"frame-pointer", i32 1}
!9 = !{!"Ubuntu clang version 14.0.0-1ubuntu1.1"}
*** IR Dump Before InlinerPass on (classify) ***
; Function Attrs: nounwind uwtable
define dso_local i32 @classify(i32 noundef %0) local_unnamed_addr #0 {
  ret i32 1
}
*** IR Dump After InlinerPass on (classify) ***
; Function Attrs: nounwind uwtable
define dso_local i32 @classify(i32 noundef %0) local_unnamed_addr #0 {
  ret i32 1
}
*** IR Dump Before InlinerPass on (classify) ***
; Function Attrs: nounwind uwtable
define dso_local i32 @classify(i32 noundef %0) local_unnamed_addr #0 {
  ret i32 1
}
*** IR Dump After InlinerPass on (classify) ***
; Function Attrs: nounwind uwtable
define dso_local i32 @classify(i32 noundef %0) local_unnamed_addr #0 {
  ret i32 1
}
*** IR Dump Before PostOrderFunctionAttrsPass on (classify) ***
; Function Attrs: nounwind uwtable
define dso_local i32 @classify(i32 noundef %0) local_unnamed_addr #0 {
  ret i32 1
}
*** IR Dump After PostOrderFunctionAttrsPass on (classify) ***
; Function Attrs: mustprogress nofree norecurse nosync nounwind readnone uwtable willreturn
define dso_local i32 @classify(i32 noundef %0) local_unnamed_addr #0 {
  ret i32 1
}
*** IR Dump Before SROAPass on classify ***
; Function Attrs: mustprogress nofree norecurse nosync nounwind readnone uwtable willreturn
define dso_local i32 @classify(i32 noundef %0) local_unnamed_addr #0 {
  ret i32 1
}
*** IR Dump After SROAPass on classify ***
; Function Attrs: mustprogress nofree norecurse nosync nounwind readnone uwtable willreturn
define dso_local i32 @classify(i32 noundef %0) local_unnamed_addr #0 {
  ret i32 1
}
*** IR Dump Before EarlyCSEPass on classify ***
; Function Attrs: mustprogress nofree norecurse nosync nounwind readnone uwtable willreturn
define dso_local i32 @classify(i32 noundef %0) local_unnamed_addr #0 {
  ret i32 1
}
*** IR Dump After EarlyCSEPass on classify ***
; Function Attrs: mustprogress nofree norecurse nosync nounwind readnone uwtable willreturn
define dso_local i32 @classify(i32 noundef %0) local_unnamed_addr #0 {
  ret i32 1
}
*** IR Dump Before SimplifyCFGPass on classify ***
; Function Attrs: mustprogress nofree norecurse nosync nounwind readnone uwtable willreturn
define dso_local i32 @classify(i32 noundef %0) local_unnamed_addr #0 {
  ret i32 1
}
*** IR Dump After SimplifyCFGPass on classify ***
; Function Attrs: mustprogress nofree norecurse nosync nounwind readnone uwtable willreturn
define dso_local i32 @classify(i32 noundef %0) local_unnamed_addr #0 {
  ret i32 1
}
*** IR Dump Before InstCombinePass on classify ***
; Function Attrs: mustprogress nofree norecurse nosync nounwind readnone uwtable willreturn
define dso_local i32 @classify(i32 noundef %0) local_unnamed_addr #0 {
  ret i32 1
}
*** IR Dump After InstCombinePass on classify ***
; Function Attrs: mustprogress nofree norecurse nosync nounwind readnone uwtable willreturn
define dso_local i32 @classify(i32 noundef %0) local_unnamed_addr #0 {
  ret i32 1
}
*** IR Dump Before LibCallsShrinkWrapPass on classify ***
; Function Attrs: mustprogress nofree norecurse nosync nounwind readnone uwtable willreturn
define dso_local i32 @classify(i32 noundef %0) local_unnamed_addr #0 {
  ret i32 1
}
*** IR Dump After LibCallsShrinkWrapPass on classify ***
; Function Attrs: mustprogress nofree norecurse nosync nounwind readnone uwtable willreturn
define dso_local i32 @classify(i32 noundef %0) local_unnamed_addr #0 {
  ret i32 1
}
*** IR Dump Before SimplifyCFGPass on classify ***
; Function Attrs: mustprogress nofree norecurse nosync nounwind readnone uwtable willreturn
define dso_local i32 @classify(i32 noundef %0) local_unnamed_addr #0 {
  ret i32 1
}
*** IR Dump After SimplifyCFGPass on classify ***
; Function Attrs: mustprogress nofree norecurse nosync nounwind readnone uwtable willreturn
define dso_local i32 @classify(i32 noundef %0) local_unnamed_addr #0 {
  ret i32 1
}
*** IR Dump Before ReassociatePass on classify ***
; Function Attrs: mustprogress nofree norecurse nosync nounwind readnone uwtable willreturn
define dso_local i32 @classify(i32 noundef %0) local_unnamed_addr #0 {
  ret i32 1
}
*** IR Dump After ReassociatePass on classify ***
; Function Attrs: mustprogress nofree norecurse nosync nounwind readnone uwtable willreturn
define dso_local i32 @classify(i32 noundef %0) local_unnamed_addr #0 {
  ret i32 1
}
*** IR Dump Before RequireAnalysisPass<llvm::OptimizationRemarkEmitterAnalysis, llvm::Function> on classify ***
; Function Attrs: mustprogress nofree norecurse nosync nounwind readnone uwtable willreturn
define dso_local i32 @classify(i32 noundef %0) local_unnamed_addr #0 {
  ret i32 1
}
*** IR Dump After RequireAnalysisPass<llvm::OptimizationRemarkEmitterAnalysis, llvm::Function> on classify ***
; Function Attrs: mustprogress nofree norecurse nosync nounwind readnone uwtable willreturn
define dso_local i32 @classify(i32 noundef %0) local_unnamed_addr #0 {
  ret i32 1
}
*** IR Dump Before LoopSimplifyPass on classify ***
; Function Attrs: mustprogress nofree norecurse nosync nounwind readnone uwtable willreturn
define dso_local i32 @classify(i32 noundef %0) local_unnamed_addr #0 {
  ret i32 1
}
*** IR Dump After LoopSimplifyPass on classify ***
; Function Attrs: mustprogress nofree norecurse nosync nounwind readnone uwtable willreturn
define dso_local i32 @classify(i32 noundef %0) local_unnamed_addr #0 {
  ret i32 1
}
*** IR Dump Before LCSSAPass on classify ***
; Function Attrs: mustprogress nofree norecurse nosync nounwind readnone uwtable willreturn
define dso_local i32 @classify(i32 noundef %0) local_unnamed_addr #0 {
  ret i32 1
}
*** IR Dump After LCSSAPass on classify ***
; Function Attrs: mustprogress nofree norecurse nosync nounwind readnone uwtable willreturn
define dso_local i32 @classify(i32 noundef %0) local_unnamed_addr #0 {
  ret i32 1
}
*** IR Dump Before SimplifyCFGPass on classify ***
; Function Attrs: mustprogress nofree norecurse nosync nounwind readnone uwtable willreturn
define dso_local i32 @classify(i32 noundef %0) local_unnamed_addr #0 {
  ret i32 1
}
*** IR Dump After SimplifyCFGPass on classify ***
; Function Attrs: mustprogress nofree norecurse nosync nounwind readnone uwtable willreturn
define dso_local i32 @classify(i32 noundef %0) local_unnamed_addr #0 {
  ret i32 1
}
*** IR Dump Before InstCombinePass on classify ***
; Function Attrs: mustprogress nofree norecurse nosync nounwind readnone uwtable willreturn
define dso_local i32 @classify(i32 noundef %0) local_unnamed_addr #0 {
  ret i32 1
}
*** IR Dump After InstCombinePass on classify ***
; Function Attrs: mustprogress nofree norecurse nosync nounwind readnone uwtable willreturn
define dso_local i32 @classify(i32 noundef %0) local_unnamed_addr #0 {
  ret i32 1
}
*** IR Dump Before LoopSimplifyPass on classify ***
; Function Attrs: mustprogress nofree norecurse nosync nounwind readnone uwtable willreturn
define dso_local i32 @classify(i32 noundef %0) local_unnamed_addr #0 {
  ret i32 1
}
*** IR Dump After LoopSimplifyPass on classify ***
; Function Attrs: mustprogress nofree norecurse nosync nounwind readnone uwtable willreturn
define dso_local i32 @classify(i32 noundef %0) local_unnamed_addr #0 {
  ret i32 1
}
*** IR Dump Before LCSSAPass on classify ***
; Function Attrs: mustprogress nofree norecurse nosync nounwind readnone uwtable willreturn
define dso_local i32 @classify(i32 noundef %0) local_unnamed_addr #0 {
  ret i32 1
}
*** IR Dump After LCSSAPass on classify ***
; Function Attrs: mustprogress nofree norecurse nosync nounwind readnone uwtable willreturn
define dso_local i32 @classify(i32 noundef %0) local_unnamed_addr #0 {
  ret i32 1
}
*** IR Dump Before SROAPass on classify ***
; Function Attrs: mustprogress nofree norecurse nosync nounwind readnone uwtable willreturn
define dso_local i32 @classify(i32 noundef %0) local_unnamed_addr #0 {
  ret i32 1
}
*** IR Dump After SROAPass on classify ***
; Function Attrs: mustprogress nofree norecurse nosync nounwind readnone uwtable willreturn
define dso_local i32 @classify(i32 noundef %0) local_unnamed_addr #0 {
  ret i32 1
}
*** IR Dump Before MemCpyOptPass on classify ***
; Function Attrs: mustprogress nofree norecurse nosync nounwind readnone uwtable willreturn
define dso_local i32 @classify(i32 noundef %0) local_unnamed_addr #0 {
  ret i32 1
}
*** IR Dump After MemCpyOptPass on classify ***
; Function Attrs: mustprogress nofree norecurse nosync nounwind readnone uwtable willreturn
define dso_local i32 @classify(i32 noundef %0) local_unnamed_addr #0 {
  ret i32 1
}
*** IR Dump Before SCCPPass on classify ***
; Function Attrs: mustprogress nofree norecurse nosync nounwind readnone uwtable willreturn
define dso_local i32 @classify(i32 noundef %0) local_unnamed_addr #0 {
  ret i32 1
}
*** IR Dump After SCCPPass on classify ***
; Function Attrs: mustprogress nofree norecurse nosync nounwind readnone uwtable willreturn
define dso_local i32 @classify(i32 noundef %0) local_unnamed_addr #0 {
  ret i32 1
}
*** IR Dump Before BDCEPass on classify ***
; Function Attrs: mustprogress nofree norecurse nosync nounwind readnone uwtable willreturn
define dso_local i32 @classify(i32 noundef %0) local_unnamed_addr #0 {
  ret i32 1
}
*** IR Dump After BDCEPass on classify ***
; Function Attrs: mustprogress nofree norecurse nosync nounwind readnone uwtable willreturn
define dso_local i32 @classify(i32 noundef %0) local_unnamed_addr #0 {
  ret i32 1
}
*** IR Dump Before InstCombinePass on classify ***
; Function Attrs: mustprogress nofree norecurse nosync nounwind readnone uwtable willreturn
define dso_local i32 @classify(i32 noundef %0) local_unnamed_addr #0 {
  ret i32 1
}
*** IR Dump After InstCombinePass on classify ***
; Function Attrs: mustprogress nofree norecurse nosync nounwind readnone uwtable willreturn
define dso_local i32 @classify(i32 noundef %0) local_unnamed_addr #0 {
  ret i32 1
}
*** IR Dump Before CoroElidePass on classify ***
; Function Attrs: mustprogress nofree norecurse nosync nounwind readnone uwtable willreturn
define dso_local i32 @classify(i32 noundef %0) local_unnamed_addr #0 {
  ret i32 1
}
*** IR Dump After CoroElidePass on classify ***
; Function Attrs: mustprogress nofree norecurse nosync nounwind readnone uwtable willreturn
define dso_local i32 @classify(i32 noundef %0) local_unnamed_addr #0 {
  ret i32 1
}
*** IR Dump Before ADCEPass on classify ***
; Function Attrs: mustprogress nofree norecurse nosync nounwind readnone uwtable willreturn
define dso_local i32 @classify(i32 noundef %0) local_unnamed_addr #0 {
  ret i32 1
}
*** IR Dump After ADCEPass on classify ***
; Function Attrs: mustprogress nofree norecurse nosync nounwind readnone uwtable willreturn
define dso_local i32 @classify(i32 noundef %0) local_unnamed_addr #0 {
  ret i32 1
}
*** IR Dump Before SimplifyCFGPass on classify ***
; Function Attrs: mustprogress nofree norecurse nosync nounwind readnone uwtable willreturn
define dso_local i32 @classify(i32 noundef %0) local_unnamed_addr #0 {
  ret i32 1
}
*** IR Dump After SimplifyCFGPass on classify ***
; Function Attrs: mustprogress nofree norecurse nosync nounwind readnone uwtable willreturn
define dso_local i32 @classify(i32 noundef %0) local_unnamed_addr #0 {
  ret i32 1
}
*** IR Dump Before InstCombinePass on classify ***
; Function Attrs: mustprogress nofree norecurse nosync nounwind readnone uwtable willreturn
define dso_local i32 @classify(i32 noundef %0) local_unnamed_addr #0 {
  ret i32 1
}
*** IR Dump After InstCombinePass on classify ***
; Function Attrs: mustprogress nofree norecurse nosync nounwind readnone uwtable willreturn
define dso_local i32 @classify(i32 noundef %0) local_unnamed_addr #0 {
  ret i32 1
}
*** IR Dump Before CoroSplitPass on (classify) ***
; Function Attrs: mustprogress nofree norecurse nosync nounwind readnone uwtable willreturn
define dso_local i32 @classify(i32 noundef %0) local_unnamed_addr #0 {
  ret i32 1
}
*** IR Dump After CoroSplitPass on (classify) ***
; Function Attrs: mustprogress nofree norecurse nosync nounwind readnone uwtable willreturn
define dso_local i32 @classify(i32 noundef %0) local_unnamed_addr #0 {
  ret i32 1
}
*** IR Dump Before GlobalOptPass on [module] ***
; ModuleID = 'classify.in.ll'
source_filename = "classify.c"
target datalayout = "e-m:e-i8:8:32-i16:16:32-i64:64-i128:128-n32:64-S128"
target triple = "aarch64-unknown-linux-gnu"

; Function Attrs: mustprogress nofree norecurse nosync nounwind readnone uwtable willreturn
define dso_local i32 @classify(i32 noundef %0) local_unnamed_addr #0 {
  ret i32 1
}

attributes #0 = { mustprogress nofree norecurse nosync nounwind readnone uwtable willreturn "frame-pointer"="non-leaf" "min-legal-vector-width"="0" "no-trapping-math"="true" "stack-protector-buffer-size"="8" "target-cpu"="generic" "target-features"="+neon,+outline-atomics,+v8a" }

!llvm.module.flags = !{!0, !1, !2, !3, !4, !5, !6, !7, !8}
!llvm.ident = !{!9}

!0 = !{i32 1, !"wchar_size", i32 4}
!1 = !{i32 1, !"branch-target-enforcement", i32 0}
!2 = !{i32 1, !"sign-return-address", i32 0}
!3 = !{i32 1, !"sign-return-address-all", i32 0}
!4 = !{i32 1, !"sign-return-address-with-bkey", i32 0}
!5 = !{i32 7, !"PIC Level", i32 2}
!6 = !{i32 7, !"PIE Level", i32 2}
!7 = !{i32 7, !"uwtable", i32 1}
!8 = !{i32 7, !"frame-pointer", i32 1}
!9 = !{!"Ubuntu clang version 14.0.0-1ubuntu1.1"}
*** IR Dump After GlobalOptPass on [module] ***
; ModuleID = 'classify.in.ll'
source_filename = "classify.c"
target datalayout = "e-m:e-i8:8:32-i16:16:32-i64:64-i128:128-n32:64-S128"
target triple = "aarch64-unknown-linux-gnu"

; Function Attrs: mustprogress nofree norecurse nosync nounwind readnone uwtable willreturn
define dso_local i32 @classify(i32 noundef %0) local_unnamed_addr #0 {
  ret i32 1
}

attributes #0 = { mustprogress nofree norecurse nosync nounwind readnone uwtable willreturn "frame-pointer"="non-leaf" "min-legal-vector-width"="0" "no-trapping-math"="true" "stack-protector-buffer-size"="8" "target-cpu"="generic" "target-features"="+neon,+outline-atomics,+v8a" }

!llvm.module.flags = !{!0, !1, !2, !3, !4, !5, !6, !7, !8}
!llvm.ident = !{!9}

!0 = !{i32 1, !"wchar_size", i32 4}
!1 = !{i32 1, !"branch-target-enforcement", i32 0}
!2 = !{i32 1, !"sign-return-address", i32 0}
!3 = !{i32 1, !"sign-return-address-all", i32 0}
!4 = !{i32 1, !"sign-return-address-with-bkey", i32 0}
!5 = !{i32 7, !"PIC Level", i32 2}
!6 = !{i32 7, !"PIE Level", i32 2}
!7 = !{i32 7, !"uwtable", i32 1}
!8 = !{i32 7, !"frame-pointer", i32 1}
!9 = !{!"Ubuntu clang version 14.0.0-1ubuntu1.1"}
*** IR Dump Before GlobalDCEPass on [module] ***
; ModuleID = 'classify.in.ll'
source_filename = "classify.c"
target datalayout = "e-m:e-i8:8:32-i16:16:32-i64:64-i128:128-n32:64-S128"
target triple = "aarch64-unknown-linux-gnu"

; Function Attrs: mustprogress nofree norecurse nosync nounwind readnone uwtable willreturn
define dso_local i32 @classify(i32 noundef %0) local_unnamed_addr #0 {
  ret i32 1
}

attributes #0 = { mustprogress nofree norecurse nosync nounwind readnone uwtable willreturn "frame-pointer"="non-leaf" "min-legal-vector-width"="0" "no-trapping-math"="true" "stack-protector-buffer-size"="8" "target-cpu"="generic" "target-features"="+neon,+outline-atomics,+v8a" }

!llvm.module.flags = !{!0, !1, !2, !3, !4, !5, !6, !7, !8}
!llvm.ident = !{!9}

!0 = !{i32 1, !"wchar_size", i32 4}
!1 = !{i32 1, !"branch-target-enforcement", i32 0}
!2 = !{i32 1, !"sign-return-address", i32 0}
!3 = !{i32 1, !"sign-return-address-all", i32 0}
!4 = !{i32 1, !"sign-return-address-with-bkey", i32 0}
!5 = !{i32 7, !"PIC Level", i32 2}
!6 = !{i32 7, !"PIE Level", i32 2}
!7 = !{i32 7, !"uwtable", i32 1}
!8 = !{i32 7, !"frame-pointer", i32 1}
!9 = !{!"Ubuntu clang version 14.0.0-1ubuntu1.1"}
*** IR Dump After GlobalDCEPass on [module] ***
; ModuleID = 'classify.in.ll'
source_filename = "classify.c"
target datalayout = "e-m:e-i8:8:32-i16:16:32-i64:64-i128:128-n32:64-S128"
target triple = "aarch64-unknown-linux-gnu"

; Function Attrs: mustprogress nofree norecurse nosync nounwind readnone uwtable willreturn
define dso_local i32 @classify(i32 noundef %0) local_unnamed_addr #0 {
  ret i32 1
}

attributes #0 = { mustprogress nofree norecurse nosync nounwind readnone uwtable willreturn "frame-pointer"="non-leaf" "min-legal-vector-width"="0" "no-trapping-math"="true" "stack-protector-buffer-size"="8" "target-cpu"="generic" "target-features"="+neon,+outline-atomics,+v8a" }

!llvm.module.flags = !{!0, !1, !2, !3, !4, !5, !6, !7, !8}
!llvm.ident = !{!9}

!0 = !{i32 1, !"wchar_size", i32 4}
!1 = !{i32 1, !"branch-target-enforcement", i32 0}
!2 = !{i32 1, !"sign-return-address", i32 0}
!3 = !{i32 1, !"sign-return-address-all", i32 0}
!4 = !{i32 1, !"sign-return-address-with-bkey", i32 0}
!5 = !{i32 7, !"PIC Level", i32 2}
!6 = !{i32 7, !"PIE Level", i32 2}
!7 = !{i32 7, !"uwtable", i32 1}
!8 = !{i32 7, !"frame-pointer", i32 1}
!9 = !{!"Ubuntu clang version 14.0.0-1ubuntu1.1"}
*** IR Dump Before EliminateAvailableExternallyPass on [module] ***
; ModuleID = 'classify.in.ll'
source_filename = "classify.c"
target datalayout = "e-m:e-i8:8:32-i16:16:32-i64:64-i128:128-n32:64-S128"
target triple = "aarch64-unknown-linux-gnu"

; Function Attrs: mustprogress nofree norecurse nosync nounwind readnone uwtable willreturn
define dso_local i32 @classify(i32 noundef %0) local_unnamed_addr #0 {
  ret i32 1
}

attributes #0 = { mustprogress nofree norecurse nosync nounwind readnone uwtable willreturn "frame-pointer"="non-leaf" "min-legal-vector-width"="0" "no-trapping-math"="true" "stack-protector-buffer-size"="8" "target-cpu"="generic" "target-features"="+neon,+outline-atomics,+v8a" }

!llvm.module.flags = !{!0, !1, !2, !3, !4, !5, !6, !7, !8}
!llvm.ident = !{!9}

!0 = !{i32 1, !"wchar_size", i32 4}
!1 = !{i32 1, !"branch-target-enforcement", i32 0}
!2 = !{i32 1, !"sign-return-address", i32 0}
!3 = !{i32 1, !"sign-return-address-all", i32 0}
!4 = !{i32 1, !"sign-return-address-with-bkey", i32 0}
!5 = !{i32 7, !"PIC Level", i32 2}
!6 = !{i32 7, !"PIE Level", i32 2}
!7 = !{i32 7, !"uwtable", i32 1}
!8 = !{i32 7, !"frame-pointer", i32 1}
!9 = !{!"Ubuntu clang version 14.0.0-1ubuntu1.1"}
*** IR Dump After EliminateAvailableExternallyPass on [module] ***
; ModuleID = 'classify.in.ll'
source_filename = "classify.c"
target datalayout = "e-m:e-i8:8:32-i16:16:32-i64:64-i128:128-n32:64-S128"
target triple = "aarch64-unknown-linux-gnu"

; Function Attrs: mustprogress nofree norecurse nosync nounwind readnone uwtable willreturn
define dso_local i32 @classify(i32 noundef %0) local_unnamed_addr #0 {
  ret i32 1
}

attributes #0 = { mustprogress nofree norecurse nosync nounwind readnone uwtable willreturn "frame-pointer"="non-leaf" "min-legal-vector-width"="0" "no-trapping-math"="true" "stack-protector-buffer-size"="8" "target-cpu"="generic" "target-features"="+neon,+outline-atomics,+v8a" }

!llvm.module.flags = !{!0, !1, !2, !3, !4, !5, !6, !7, !8}
!llvm.ident = !{!9}

!0 = !{i32 1, !"wchar_size", i32 4}
!1 = !{i32 1, !"branch-target-enforcement", i32 0}
!2 = !{i32 1, !"sign-return-address", i32 0}
!3 = !{i32 1, !"sign-return-address-all", i32 0}
!4 = !{i32 1, !"sign-return-address-with-bkey", i32 0}
!5 = !{i32 7, !"PIC Level", i32 2}
!6 = !{i32 7, !"PIE Level", i32 2}
!7 = !{i32 7, !"uwtable", i32 1}
!8 = !{i32 7, !"frame-pointer", i32 1}
!9 = !{!"Ubuntu clang version 14.0.0-1ubuntu1.1"}
*** IR Dump Before ReversePostOrderFunctionAttrsPass on [module] ***
; ModuleID = 'classify.in.ll'
source_filename = "classify.c"
target datalayout = "e-m:e-i8:8:32-i16:16:32-i64:64-i128:128-n32:64-S128"
target triple = "aarch64-unknown-linux-gnu"

; Function Attrs: mustprogress nofree norecurse nosync nounwind readnone uwtable willreturn
define dso_local i32 @classify(i32 noundef %0) local_unnamed_addr #0 {
  ret i32 1
}

attributes #0 = { mustprogress nofree norecurse nosync nounwind readnone uwtable willreturn "frame-pointer"="non-leaf" "min-legal-vector-width"="0" "no-trapping-math"="true" "stack-protector-buffer-size"="8" "target-cpu"="generic" "target-features"="+neon,+outline-atomics,+v8a" }

!llvm.module.flags = !{!0, !1, !2, !3, !4, !5, !6, !7, !8}
!llvm.ident = !{!9}

!0 = !{i32 1, !"wchar_size", i32 4}
!1 = !{i32 1, !"branch-target-enforcement", i32 0}
!2 = !{i32 1, !"sign-return-address", i32 0}
!3 = !{i32 1, !"sign-return-address-all", i32 0}
!4 = !{i32 1, !"sign-return-address-with-bkey", i32 0}
!5 = !{i32 7, !"PIC Level", i32 2}
!6 = !{i32 7, !"PIE Level", i32 2}
!7 = !{i32 7, !"uwtable", i32 1}
!8 = !{i32 7, !"frame-pointer", i32 1}
!9 = !{!"Ubuntu clang version 14.0.0-1ubuntu1.1"}
*** IR Dump After ReversePostOrderFunctionAttrsPass on [module] ***
; ModuleID = 'classify.in.ll'
source_filename = "classify.c"
target datalayout = "e-m:e-i8:8:32-i16:16:32-i64:64-i128:128-n32:64-S128"
target triple = "aarch64-unknown-linux-gnu"

; Function Attrs: mustprogress nofree norecurse nosync nounwind readnone uwtable willreturn
define dso_local i32 @classify(i32 noundef %0) local_unnamed_addr #0 {
  ret i32 1
}

attributes #0 = { mustprogress nofree norecurse nosync nounwind readnone uwtable willreturn "frame-pointer"="non-leaf" "min-legal-vector-width"="0" "no-trapping-math"="true" "stack-protector-buffer-size"="8" "target-cpu"="generic" "target-features"="+neon,+outline-atomics,+v8a" }

!llvm.module.flags = !{!0, !1, !2, !3, !4, !5, !6, !7, !8}
!llvm.ident = !{!9}

!0 = !{i32 1, !"wchar_size", i32 4}
!1 = !{i32 1, !"branch-target-enforcement", i32 0}
!2 = !{i32 1, !"sign-return-address", i32 0}
!3 = !{i32 1, !"sign-return-address-all", i32 0}
!4 = !{i32 1, !"sign-return-address-with-bkey", i32 0}
!5 = !{i32 7, !"PIC Level", i32 2}
!6 = !{i32 7, !"PIE Level", i32 2}
!7 = !{i32 7, !"uwtable", i32 1}
!8 = !{i32 7, !"frame-pointer", i32 1}
!9 = !{!"Ubuntu clang version 14.0.0-1ubuntu1.1"}
*** IR Dump Before RequireAnalysisPass<llvm::GlobalsAA, llvm::Module> on [module] ***
; ModuleID = 'classify.in.ll'
source_filename = "classify.c"
target datalayout = "e-m:e-i8:8:32-i16:16:32-i64:64-i128:128-n32:64-S128"
target triple = "aarch64-unknown-linux-gnu"

; Function Attrs: mustprogress nofree norecurse nosync nounwind readnone uwtable willreturn
define dso_local i32 @classify(i32 noundef %0) local_unnamed_addr #0 {
  ret i32 1
}

attributes #0 = { mustprogress nofree norecurse nosync nounwind readnone uwtable willreturn "frame-pointer"="non-leaf" "min-legal-vector-width"="0" "no-trapping-math"="true" "stack-protector-buffer-size"="8" "target-cpu"="generic" "target-features"="+neon,+outline-atomics,+v8a" }

!llvm.module.flags = !{!0, !1, !2, !3, !4, !5, !6, !7, !8}
!llvm.ident = !{!9}

!0 = !{i32 1, !"wchar_size", i32 4}
!1 = !{i32 1, !"branch-target-enforcement", i32 0}
!2 = !{i32 1, !"sign-return-address", i32 0}
!3 = !{i32 1, !"sign-return-address-all", i32 0}
!4 = !{i32 1, !"sign-return-address-with-bkey", i32 0}
!5 = !{i32 7, !"PIC Level", i32 2}
!6 = !{i32 7, !"PIE Level", i32 2}
!7 = !{i32 7, !"uwtable", i32 1}
!8 = !{i32 7, !"frame-pointer", i32 1}
!9 = !{!"Ubuntu clang version 14.0.0-1ubuntu1.1"}
*** IR Dump After RequireAnalysisPass<llvm::GlobalsAA, llvm::Module> on [module] ***
; ModuleID = 'classify.in.ll'
source_filename = "classify.c"
target datalayout = "e-m:e-i8:8:32-i16:16:32-i64:64-i128:128-n32:64-S128"
target triple = "aarch64-unknown-linux-gnu"

; Function Attrs: mustprogress nofree norecurse nosync nounwind readnone uwtable willreturn
define dso_local i32 @classify(i32 noundef %0) local_unnamed_addr #0 {
  ret i32 1
}

attributes #0 = { mustprogress nofree norecurse nosync nounwind readnone uwtable willreturn "frame-pointer"="non-leaf" "min-legal-vector-width"="0" "no-trapping-math"="true" "stack-protector-buffer-size"="8" "target-cpu"="generic" "target-features"="+neon,+outline-atomics,+v8a" }

!llvm.module.flags = !{!0, !1, !2, !3, !4, !5, !6, !7, !8}
!llvm.ident = !{!9}

!0 = !{i32 1, !"wchar_size", i32 4}
!1 = !{i32 1, !"branch-target-enforcement", i32 0}
!2 = !{i32 1, !"sign-return-address", i32 0}
!3 = !{i32 1, !"sign-return-address-all", i32 0}
!4 = !{i32 1, !"sign-return-address-with-bkey", i32 0}
!5 = !{i32 7, !"PIC Level", i32 2}
!6 = !{i32 7, !"PIE Level", i32 2}
!7 = !{i32 7, !"uwtable", i32 1}
!8 = !{i32 7, !"frame-pointer", i32 1}
!9 = !{!"Ubuntu clang version 14.0.0-1ubuntu1.1"}
*** IR Dump Before Float2IntPass on classify ***
; Function Attrs: mustprogress nofree norecurse nosync nounwind readnone uwtable willreturn
define dso_local i32 @classify(i32 noundef %0) local_unnamed_addr #0 {
  ret i32 1
}
*** IR Dump After Float2IntPass on classify ***
; Function Attrs: mustprogress nofree norecurse nosync nounwind readnone uwtable willreturn
define dso_local i32 @classify(i32 noundef %0) local_unnamed_addr #0 {
  ret i32 1
}
*** IR Dump Before LowerConstantIntrinsicsPass on classify ***
; Function Attrs: mustprogress nofree norecurse nosync nounwind readnone uwtable willreturn
define dso_local i32 @classify(i32 noundef %0) local_unnamed_addr #0 {
  ret i32 1
}
*** IR Dump After LowerConstantIntrinsicsPass on classify ***
; Function Attrs: mustprogress nofree norecurse nosync nounwind readnone uwtable willreturn
define dso_local i32 @classify(i32 noundef %0) local_unnamed_addr #0 {
  ret i32 1
}
*** IR Dump Before LoopSimplifyPass on classify ***
; Function Attrs: mustprogress nofree norecurse nosync nounwind readnone uwtable willreturn
define dso_local i32 @classify(i32 noundef %0) local_unnamed_addr #0 {
  ret i32 1
}
*** IR Dump After LoopSimplifyPass on classify ***
; Function Attrs: mustprogress nofree norecurse nosync nounwind readnone uwtable willreturn
define dso_local i32 @classify(i32 noundef %0) local_unnamed_addr #0 {
  ret i32 1
}
*** IR Dump Before LCSSAPass on classify ***
; Function Attrs: mustprogress nofree norecurse nosync nounwind readnone uwtable willreturn
define dso_local i32 @classify(i32 noundef %0) local_unnamed_addr #0 {
  ret i32 1
}
*** IR Dump After LCSSAPass on classify ***
; Function Attrs: mustprogress nofree norecurse nosync nounwind readnone uwtable willreturn
define dso_local i32 @classify(i32 noundef %0) local_unnamed_addr #0 {
  ret i32 1
}
*** IR Dump Before LoopDistributePass on classify ***
; Function Attrs: mustprogress nofree norecurse nosync nounwind readnone uwtable willreturn
define dso_local i32 @classify(i32 noundef %0) local_unnamed_addr #0 {
  ret i32 1
}
*** IR Dump After LoopDistributePass on classify ***
; Function Attrs: mustprogress nofree norecurse nosync nounwind readnone uwtable willreturn
define dso_local i32 @classify(i32 noundef %0) local_unnamed_addr #0 {
  ret i32 1
}
*** IR Dump Before InjectTLIMappings on classify ***
; Function Attrs: mustprogress nofree norecurse nosync nounwind readnone uwtable willreturn
define dso_local i32 @classify(i32 noundef %0) local_unnamed_addr #0 {
  ret i32 1
}
*** IR Dump After InjectTLIMappings on classify ***
; Function Attrs: mustprogress nofree norecurse nosync nounwind readnone uwtable willreturn
define dso_local i32 @classify(i32 noundef %0) local_unnamed_addr #0 {
  ret i32 1
}
*** IR Dump Before LoopVectorizePass on classify ***
; Function Attrs: mustprogress nofree norecurse nosync nounwind readnone uwtable willreturn
define dso_local i32 @classify(i32 noundef %0) local_unnamed_addr #0 {
  ret i32 1
}
*** IR Dump After LoopVectorizePass on classify ***
; Function Attrs: mustprogress nofree norecurse nosync nounwind readnone uwtable willreturn
define dso_local i32 @classify(i32 noundef %0) local_unnamed_addr #0 {
  ret i32 1
}
*** IR Dump Before LoopLoadEliminationPass on classify ***
; Function Attrs: mustprogress nofree norecurse nosync nounwind readnone uwtable willreturn
define dso_local i32 @classify(i32 noundef %0) local_unnamed_addr #0 {
  ret i32 1
}
*** IR Dump After LoopLoadEliminationPass on classify ***
; Function Attrs: mustprogress nofree norecurse nosync nounwind readnone uwtable willreturn
define dso_local i32 @classify(i32 noundef %0) local_unnamed_addr #0 {
  ret i32 1
}
*** IR Dump Before InstCombinePass on classify ***
; Function Attrs: mustprogress nofree norecurse nosync nounwind readnone uwtable willreturn
define dso_local i32 @classify(i32 noundef %0) local_unnamed_addr #0 {
  ret i32 1
}
*** IR Dump After InstCombinePass on classify ***
; Function Attrs: mustprogress nofree norecurse nosync nounwind readnone uwtable willreturn
define dso_local i32 @classify(i32 noundef %0) local_unnamed_addr #0 {
  ret i32 1
}
*** IR Dump Before SimplifyCFGPass on classify ***
; Function Attrs: mustprogress nofree norecurse nosync nounwind readnone uwtable willreturn
define dso_local i32 @classify(i32 noundef %0) local_unnamed_addr #0 {
  ret i32 1
}
*** IR Dump After SimplifyCFGPass on classify ***
; Function Attrs: mustprogress nofree norecurse nosync nounwind readnone uwtable willreturn
define dso_local i32 @classify(i32 noundef %0) local_unnamed_addr #0 {
  ret i32 1
}
*** IR Dump Before VectorCombinePass on classify ***
; Function Attrs: mustprogress nofree norecurse nosync nounwind readnone uwtable willreturn
define dso_local i32 @classify(i32 noundef %0) local_unnamed_addr #0 {
  ret i32 1
}
*** IR Dump After VectorCombinePass on classify ***
; Function Attrs: mustprogress nofree norecurse nosync nounwind readnone uwtable willreturn
define dso_local i32 @classify(i32 noundef %0) local_unnamed_addr #0 {
  ret i32 1
}
*** IR Dump Before InstCombinePass on classify ***
; Function Attrs: mustprogress nofree norecurse nosync nounwind readnone uwtable willreturn
define dso_local i32 @classify(i32 noundef %0) local_unnamed_addr #0 {
  ret i32 1
}
*** IR Dump After InstCombinePass on classify ***
; Function Attrs: mustprogress nofree norecurse nosync nounwind readnone uwtable willreturn
define dso_local i32 @classify(i32 noundef %0) local_unnamed_addr #0 {
  ret i32 1
}
*** IR Dump Before LoopUnrollPass on classify ***
; Function Attrs: mustprogress nofree norecurse nosync nounwind readnone uwtable willreturn
define dso_local i32 @classify(i32 noundef %0) local_unnamed_addr #0 {
  ret i32 1
}
*** IR Dump After LoopUnrollPass on classify ***
; Function Attrs: mustprogress nofree norecurse nosync nounwind readnone uwtable willreturn
define dso_local i32 @classify(i32 noundef %0) local_unnamed_addr #0 {
  ret i32 1
}
*** IR Dump Before WarnMissedTransformationsPass on classify ***
; Function Attrs: mustprogress nofree norecurse nosync nounwind readnone uwtable willreturn
define dso_local i32 @classify(i32 noundef %0) local_unnamed_addr #0 {
  ret i32 1
}
*** IR Dump After WarnMissedTransformationsPass on classify ***
; Function Attrs: mustprogress nofree norecurse nosync nounwind readnone uwtable willreturn
define dso_local i32 @classify(i32 noundef %0) local_unnamed_addr #0 {
  ret i32 1
}
*** IR Dump Before InstCombinePass on classify ***
; Function Attrs: mustprogress nofree norecurse nosync nounwind readnone uwtable willreturn
define dso_local i32 @classify(i32 noundef %0) local_unnamed_addr #0 {
  ret i32 1
}
*** IR Dump After InstCombinePass on classify ***
; Function Attrs: mustprogress nofree norecurse nosync nounwind readnone uwtable willreturn
define dso_local i32 @classify(i32 noundef %0) local_unnamed_addr #0 {
  ret i32 1
}
*** IR Dump Before RequireAnalysisPass<llvm::OptimizationRemarkEmitterAnalysis, llvm::Function> on classify ***
; Function Attrs: mustprogress nofree norecurse nosync nounwind readnone uwtable willreturn
define dso_local i32 @classify(i32 noundef %0) local_unnamed_addr #0 {
  ret i32 1
}
*** IR Dump After RequireAnalysisPass<llvm::OptimizationRemarkEmitterAnalysis, llvm::Function> on classify ***
; Function Attrs: mustprogress nofree norecurse nosync nounwind readnone uwtable willreturn
define dso_local i32 @classify(i32 noundef %0) local_unnamed_addr #0 {
  ret i32 1
}
*** IR Dump Before LoopSimplifyPass on classify ***
; Function Attrs: mustprogress nofree norecurse nosync nounwind readnone uwtable willreturn
define dso_local i32 @classify(i32 noundef %0) local_unnamed_addr #0 {
  ret i32 1
}
*** IR Dump After LoopSimplifyPass on classify ***
; Function Attrs: mustprogress nofree norecurse nosync nounwind readnone uwtable willreturn
define dso_local i32 @classify(i32 noundef %0) local_unnamed_addr #0 {
  ret i32 1
}
*** IR Dump Before LCSSAPass on classify ***
; Function Attrs: mustprogress nofree norecurse nosync nounwind readnone uwtable willreturn
define dso_local i32 @classify(i32 noundef %0) local_unnamed_addr #0 {
  ret i32 1
}
*** IR Dump After LCSSAPass on classify ***
; Function Attrs: mustprogress nofree norecurse nosync nounwind readnone uwtable willreturn
define dso_local i32 @classify(i32 noundef %0) local_unnamed_addr #0 {
  ret i32 1
}
*** IR Dump Before AlignmentFromAssumptionsPass on classify ***
; Function Attrs: mustprogress nofree norecurse nosync nounwind readnone uwtable willreturn
define dso_local i32 @classify(i32 noundef %0) local_unnamed_addr #0 {
  ret i32 1
}
*** IR Dump After AlignmentFromAssumptionsPass on classify ***
; Function Attrs: mustprogress nofree norecurse nosync nounwind readnone uwtable willreturn
define dso_local i32 @classify(i32 noundef %0) local_unnamed_addr #0 {
  ret i32 1
}
*** IR Dump Before LoopSinkPass on classify ***
; Function Attrs: mustprogress nofree norecurse nosync nounwind readnone uwtable willreturn
define dso_local i32 @classify(i32 noundef %0) local_unnamed_addr #0 {
  ret i32 1
}
*** IR Dump After LoopSinkPass on classify ***
; Function Attrs: mustprogress nofree norecurse nosync nounwind readnone uwtable willreturn
define dso_local i32 @classify(i32 noundef %0) local_unnamed_addr #0 {
  ret i32 1
}
*** IR Dump Before InstSimplifyPass on classify ***
; Function Attrs: mustprogress nofree norecurse nosync nounwind readnone uwtable willreturn
define dso_local i32 @classify(i32 noundef %0) local_unnamed_addr #0 {
  ret i32 1
}
*** IR Dump After InstSimplifyPass on classify ***
; Function Attrs: mustprogress nofree norecurse nosync nounwind readnone uwtable willreturn
define dso_local i32 @classify(i32 noundef %0) local_unnamed_addr #0 {
  ret i32 1
}
*** IR Dump Before DivRemPairsPass on classify ***
; Function Attrs: mustprogress nofree norecurse nosync nounwind readnone uwtable willreturn
define dso_local i32 @classify(i32 noundef %0) local_unnamed_addr #0 {
  ret i32 1
}
*** IR Dump After DivRemPairsPass on classify ***
; Function Attrs: mustprogress nofree norecurse nosync nounwind readnone uwtable willreturn
define dso_local i32 @classify(i32 noundef %0) local_unnamed_addr #0 {
  ret i32 1
}
*** IR Dump Before SimplifyCFGPass on classify ***
; Function Attrs: mustprogress nofree norecurse nosync nounwind readnone uwtable willreturn
define dso_local i32 @classify(i32 noundef %0) local_unnamed_addr #0 {
  ret i32 1
}
*** IR Dump After SimplifyCFGPass on classify ***
; Function Attrs: mustprogress nofree norecurse nosync nounwind readnone uwtable willreturn
define dso_local i32 @classify(i32 noundef %0) local_unnamed_addr #0 {
  ret i32 1
}
*** IR Dump Before CoroCleanupPass on classify ***
; Function Attrs: mustprogress nofree norecurse nosync nounwind readnone uwtable willreturn
define dso_local i32 @classify(i32 noundef %0) local_unnamed_addr #0 {
  ret i32 1
}
*** IR Dump After CoroCleanupPass on classify ***
; Function Attrs: mustprogress nofree norecurse nosync nounwind readnone uwtable willreturn
define dso_local i32 @classify(i32 noundef %0) local_unnamed_addr #0 {
  ret i32 1
}
*** IR Dump Before CGProfilePass on [module] ***
; ModuleID = 'classify.in.ll'
source_filename = "classify.c"
target datalayout = "e-m:e-i8:8:32-i16:16:32-i64:64-i128:128-n32:64-S128"
target triple = "aarch64-unknown-linux-gnu"

; Function Attrs: mustprogress nofree norecurse nosync nounwind readnone uwtable willreturn
define dso_local i32 @classify(i32 noundef %0) local_unnamed_addr #0 {
  ret i32 1
}

attributes #0 = { mustprogress nofree norecurse nosync nounwind readnone uwtable willreturn "frame-pointer"="non-leaf" "min-legal-vector-width"="0" "no-trapping-math"="true" "stack-protector-buffer-size"="8" "target-cpu"="generic" "target-features"="+neon,+outline-atomics,+v8a" }

!llvm.module.flags = !{!0, !1, !2, !3, !4, !5, !6, !7, !8}
!llvm.ident = !{!9}

!0 = !{i32 1, !"wchar_size", i32 4}
!1 = !{i32 1, !"branch-target-enforcement", i32 0}
!2 = !{i32 1, !"sign-return-address", i32 0}
!3 = !{i32 1, !"sign-return-address-all", i32 0}
!4 = !{i32 1, !"sign-return-address-with-bkey", i32 0}
!5 = !{i32 7, !"PIC Level", i32 2}
!6 = !{i32 7, !"PIE Level", i32 2}
!7 = !{i32 7, !"uwtable", i32 1}
!8 = !{i32 7, !"frame-pointer", i32 1}
!9 = !{!"Ubuntu clang version 14.0.0-1ubuntu1.1"}
*** IR Dump After CGProfilePass on [module] ***
; ModuleID = 'classify.in.ll'
source_filename = "classify.c"
target datalayout = "e-m:e-i8:8:32-i16:16:32-i64:64-i128:128-n32:64-S128"
target triple = "aarch64-unknown-linux-gnu"

; Function Attrs: mustprogress nofree norecurse nosync nounwind readnone uwtable willreturn
define dso_local i32 @classify(i32 noundef %0) local_unnamed_addr #0 {
  ret i32 1
}

attributes #0 = { mustprogress nofree norecurse nosync nounwind readnone uwtable willreturn "frame-pointer"="non-leaf" "min-legal-vector-width"="0" "no-trapping-math"="true" "stack-protector-buffer-size"="8" "target-cpu"="generic" "target-features"="+neon,+outline-atomics,+v8a" }

!llvm.module.flags = !{!0, !1, !2, !3, !4, !5, !6, !7, !8}
!llvm.ident = !{!9}

!0 = !{i32 1, !"wchar_size", i32 4}
!1 = !{i32 1, !"branch-target-enforcement", i32 0}
!2 = !{i32 1, !"sign-return-address", i32 0}
!3 = !{i32 1, !"sign-return-address-all", i32 0}
!4 = !{i32 1, !"sign-return-address-with-bkey", i32 0}
!5 = !{i32 7, !"PIC Level", i32 2}
!6 = !{i32 7, !"PIE Level", i32 2}
!7 = !{i32 7, !"uwtable", i32 1}
!8 = !{i32 7, !"frame-pointer", i32 1}
!9 = !{!"Ubuntu clang version 14.0.0-1ubuntu1.1"}
*** IR Dump Before GlobalDCEPass on [module] ***
; ModuleID = 'classify.in.ll'
source_filename = "classify.c"
target datalayout = "e-m:e-i8:8:32-i16:16:32-i64:64-i128:128-n32:64-S128"
target triple = "aarch64-unknown-linux-gnu"

; Function Attrs: mustprogress nofree norecurse nosync nounwind readnone uwtable willreturn
define dso_local i32 @classify(i32 noundef %0) local_unnamed_addr #0 {
  ret i32 1
}

attributes #0 = { mustprogress nofree norecurse nosync nounwind readnone uwtable willreturn "frame-pointer"="non-leaf" "min-legal-vector-width"="0" "no-trapping-math"="true" "stack-protector-buffer-size"="8" "target-cpu"="generic" "target-features"="+neon,+outline-atomics,+v8a" }

!llvm.module.flags = !{!0, !1, !2, !3, !4, !5, !6, !7, !8}
!llvm.ident = !{!9}

!0 = !{i32 1, !"wchar_size", i32 4}
!1 = !{i32 1, !"branch-target-enforcement", i32 0}
!2 = !{i32 1, !"sign-return-address", i32 0}
!3 = !{i32 1, !"sign-return-address-all", i32 0}
!4 = !{i32 1, !"sign-return-address-with-bkey", i32 0}
!5 = !{i32 7, !"PIC Level", i32 2}
!6 = !{i32 7, !"PIE Level", i32 2}
!7 = !{i32 7, !"uwtable", i32 1}
!8 = !{i32 7, !"frame-pointer", i32 1}
!9 = !{!"Ubuntu clang version 14.0.0-1ubuntu1.1"}
*** IR Dump After GlobalDCEPass on [module] ***
; ModuleID = 'classify.in.ll'
source_filename = "classify.c"
target datalayout = "e-m:e-i8:8:32-i16:16:32-i64:64-i128:128-n32:64-S128"
target triple = "aarch64-unknown-linux-gnu"

; Function Attrs: mustprogress nofree norecurse nosync nounwind readnone uwtable willreturn
define dso_local i32 @classify(i32 noundef %0) local_unnamed_addr #0 {
  ret i32 1
}

attributes #0 = { mustprogress nofree norecurse nosync nounwind readnone uwtable willreturn "frame-pointer"="non-leaf" "min-legal-vector-width"="0" "no-trapping-math"="true" "stack-protector-buffer-size"="8" "target-cpu"="generic" "target-features"="+neon,+outline-atomics,+v8a" }

!llvm.module.flags = !{!0, !1, !2, !3, !4, !5, !6, !7, !8}
!llvm.ident = !{!9}

!0 = !{i32 1, !"wchar_size", i32 4}
!1 = !{i32 1, !"branch-target-enforcement", i32 0}
!2 = !{i32 1, !"sign-return-address", i32 0}
!3 = !{i32 1, !"sign-return-address-all", i32 0}
!4 = !{i32 1, !"sign-return-address-with-bkey", i32 0}
!5 = !{i32 7, !"PIC Level", i32 2}
!6 = !{i32 7, !"PIE Level", i32 2}
!7 = !{i32 7, !"uwtable", i32 1}
!8 = !{i32 7, !"frame-pointer", i32 1}
!9 = !{!"Ubuntu clang version 14.0.0-1ubuntu1.1"}
*** IR Dump Before ConstantMergePass on [module] ***
; ModuleID = 'classify.in.ll'
source_filename = "classify.c"
target datalayout = "e-m:e-i8:8:32-i16:16:32-i64:64-i128:128-n32:64-S128"
target triple = "aarch64-unknown-linux-gnu"

; Function Attrs: mustprogress nofree norecurse nosync nounwind readnone uwtable willreturn
define dso_local i32 @classify(i32 noundef %0) local_unnamed_addr #0 {
  ret i32 1
}

attributes #0 = { mustprogress nofree norecurse nosync nounwind readnone uwtable willreturn "frame-pointer"="non-leaf" "min-legal-vector-width"="0" "no-trapping-math"="true" "stack-protector-buffer-size"="8" "target-cpu"="generic" "target-features"="+neon,+outline-atomics,+v8a" }

!llvm.module.flags = !{!0, !1, !2, !3, !4, !5, !6, !7, !8}
!llvm.ident = !{!9}

!0 = !{i32 1, !"wchar_size", i32 4}
!1 = !{i32 1, !"branch-target-enforcement", i32 0}
!2 = !{i32 1, !"sign-return-address", i32 0}
!3 = !{i32 1, !"sign-return-address-all", i32 0}
!4 = !{i32 1, !"sign-return-address-with-bkey", i32 0}
!5 = !{i32 7, !"PIC Level", i32 2}
!6 = !{i32 7, !"PIE Level", i32 2}
!7 = !{i32 7, !"uwtable", i32 1}
!8 = !{i32 7, !"frame-pointer", i32 1}
!9 = !{!"Ubuntu clang version 14.0.0-1ubuntu1.1"}
*** IR Dump After ConstantMergePass on [module] ***
; ModuleID = 'classify.in.ll'
source_filename = "classify.c"
target datalayout = "e-m:e-i8:8:32-i16:16:32-i64:64-i128:128-n32:64-S128"
target triple = "aarch64-unknown-linux-gnu"

; Function Attrs: mustprogress nofree norecurse nosync nounwind readnone uwtable willreturn
define dso_local i32 @classify(i32 noundef %0) local_unnamed_addr #0 {
  ret i32 1
}

attributes #0 = { mustprogress nofree norecurse nosync nounwind readnone uwtable willreturn "frame-pointer"="non-leaf" "min-legal-vector-width"="0" "no-trapping-math"="true" "stack-protector-buffer-size"="8" "target-cpu"="generic" "target-features"="+neon,+outline-atomics,+v8a" }

!llvm.module.flags = !{!0, !1, !2, !3, !4, !5, !6, !7, !8}
!llvm.ident = !{!9}

!0 = !{i32 1, !"wchar_size", i32 4}
!1 = !{i32 1, !"branch-target-enforcement", i32 0}
!2 = !{i32 1, !"sign-return-address", i32 0}
!3 = !{i32 1, !"sign-return-address-all", i32 0}
!4 = !{i32 1, !"sign-return-address-with-bkey", i32 0}
!5 = !{i32 7, !"PIC Level", i32 2}
!6 = !{i32 7, !"PIE Level", i32 2}
!7 = !{i32 7, !"uwtable", i32 1}
!8 = !{i32 7, !"frame-pointer", i32 1}
!9 = !{!"Ubuntu clang version 14.0.0-1ubuntu1.1"}
*** IR Dump Before RelLookupTableConverterPass on [module] ***
; ModuleID = 'classify.in.ll'
source_filename = "classify.c"
target datalayout = "e-m:e-i8:8:32-i16:16:32-i64:64-i128:128-n32:64-S128"
target triple = "aarch64-unknown-linux-gnu"

; Function Attrs: mustprogress nofree norecurse nosync nounwind readnone uwtable willreturn
define dso_local i32 @classify(i32 noundef %0) local_unnamed_addr #0 {
  ret i32 1
}

attributes #0 = { mustprogress nofree norecurse nosync nounwind readnone uwtable willreturn "frame-pointer"="non-leaf" "min-legal-vector-width"="0" "no-trapping-math"="true" "stack-protector-buffer-size"="8" "target-cpu"="generic" "target-features"="+neon,+outline-atomics,+v8a" }

!llvm.module.flags = !{!0, !1, !2, !3, !4, !5, !6, !7, !8}
!llvm.ident = !{!9}

!0 = !{i32 1, !"wchar_size", i32 4}
!1 = !{i32 1, !"branch-target-enforcement", i32 0}
!2 = !{i32 1, !"sign-return-address", i32 0}
!3 = !{i32 1, !"sign-return-address-all", i32 0}
!4 = !{i32 1, !"sign-return-address-with-bkey", i32 0}
!5 = !{i32 7, !"PIC Level", i32 2}
!6 = !{i32 7, !"PIE Level", i32 2}
!7 = !{i32 7, !"uwtable", i32 1}
!8 = !{i32 7, !"frame-pointer", i32 1}
!9 = !{!"Ubuntu clang version 14.0.0-1ubuntu1.1"}
*** IR Dump After RelLookupTableConverterPass on [module] ***
; ModuleID = 'classify.in.ll'
source_filename = "classify.c"
target datalayout = "e-m:e-i8:8:32-i16:16:32-i64:64-i128:128-n32:64-S128"
target triple = "aarch64-unknown-linux-gnu"

; Function Attrs: mustprogress nofree norecurse nosync nounwind readnone uwtable willreturn
define dso_local i32 @classify(i32 noundef %0) local_unnamed_addr #0 {
  ret i32 1
}

attributes #0 = { mustprogress nofree norecurse nosync nounwind readnone uwtable willreturn "frame-pointer"="non-leaf" "min-legal-vector-width"="0" "no-trapping-math"="true" "stack-protector-buffer-size"="8" "target-cpu"="generic" "target-features"="+neon,+outline-atomics,+v8a" }

!llvm.module.flags = !{!0, !1, !2, !3, !4, !5, !6, !7, !8}
!llvm.ident = !{!9}

!0 = !{i32 1, !"wchar_size", i32 4}
!1 = !{i32 1, !"branch-target-enforcement", i32 0}
!2 = !{i32 1, !"sign-return-address", i32 0}
!3 = !{i32 1, !"sign-return-address-all", i32 0}
!4 = !{i32 1, !"sign-return-address-with-bkey", i32 0}
!5 = !{i32 7, !"PIC Level", i32 2}
!6 = !{i32 7, !"PIE Level", i32 2}
!7 = !{i32 7, !"uwtable", i32 1}
!8 = !{i32 7, !"frame-pointer", i32 1}
!9 = !{!"Ubuntu clang version 14.0.0-1ubuntu1.1"}
*** IR Dump Before AnnotationRemarksPass on classify ***
; Function Attrs: mustprogress nofree norecurse nosync nounwind readnone uwtable willreturn
define dso_local i32 @classify(i32 noundef %0) local_unnamed_addr #0 {
  ret i32 1
}
*** IR Dump After AnnotationRemarksPass on classify ***
; Function Attrs: mustprogress nofree norecurse nosync nounwind readnone uwtable willreturn
define dso_local i32 @classify(i32 noundef %0) local_unnamed_addr #0 {
  ret i32 1
}
*** IR Dump Before VerifierPass on [module] ***
; ModuleID = 'classify.in.ll'
source_filename = "classify.c"
target datalayout = "e-m:e-i8:8:32-i16:16:32-i64:64-i128:128-n32:64-S128"
target triple = "aarch64-unknown-linux-gnu"

; Function Attrs: mustprogress nofree norecurse nosync nounwind readnone uwtable willreturn
define dso_local i32 @classify(i32 noundef %0) local_unnamed_addr #0 {
  ret i32 1
}

attributes #0 = { mustprogress nofree norecurse nosync nounwind readnone uwtable willreturn "frame-pointer"="non-leaf" "min-legal-vector-width"="0" "no-trapping-math"="true" "stack-protector-buffer-size"="8" "target-cpu"="generic" "target-features"="+neon,+outline-atomics,+v8a" }

!llvm.module.flags = !{!0, !1, !2, !3, !4, !5, !6, !7, !8}
!llvm.ident = !{!9}

!0 = !{i32 1, !"wchar_size", i32 4}
!1 = !{i32 1, !"branch-target-enforcement", i32 0}
!2 = !{i32 1, !"sign-return-address", i32 0}
!3 = !{i32 1, !"sign-return-address-all", i32 0}
!4 = !{i32 1, !"sign-return-address-with-bkey", i32 0}
!5 = !{i32 7, !"PIC Level", i32 2}
!6 = !{i32 7, !"PIE Level", i32 2}
!7 = !{i32 7, !"uwtable", i32 1}
!8 = !{i32 7, !"frame-pointer", i32 1}
!9 = !{!"Ubuntu clang version 14.0.0-1ubuntu1.1"}
*** IR Dump After VerifierPass on [module] ***
; ModuleID = 'classify.in.ll'
source_filename = "classify.c"
target datalayout = "e-m:e-i8:8:32-i16:16:32-i64:64-i128:128-n32:64-S128"
target triple = "aarch64-unknown-linux-gnu"

; Function Attrs: mustprogress nofree norecurse nosync nounwind readnone uwtable willreturn
define dso_local i32 @classify(i32 noundef %0) local_unnamed_addr #0 {
  ret i32 1
}

attributes #0 = { mustprogress nofree norecurse nosync nounwind readnone uwtable willreturn "frame-pointer"="non-leaf" "min-legal-vector-width"="0" "no-trapping-math"="true" "stack-protector-buffer-size"="8" "target-cpu"="generic" "target-features"="+neon,+outline-atomics,+v8a" }

!llvm.module.flags = !{!0, !1, !2, !3, !4, !5, !6, !7, !8}
!llvm.ident = !{!9}

!0 = !{i32 1, !"wchar_size", i32 4}
!1 = !{i32 1, !"branch-target-enforcement", i32 0}
!2 = !{i32 1, !"sign-return-address", i32 0}
!3 = !{i32 1, !"sign-return-address-all", i32 0}
!4 = !{i32 1, !"sign-return-address-with-bkey", i32 0}
!5 = !{i32 7, !"PIC Level", i32 2}
!6 = !{i32 7, !"PIE Level", i32 2}
!7 = !{i32 7, !"uwtable", i32 1}
!8 = !{i32 7, !"frame-pointer", i32 1}
!9 = !{!"Ubuntu clang version 14.0.0-1ubuntu1.1"}
*** IR Dump Before PrintModulePass on [module] ***
; ModuleID = 'classify.in.ll'
source_filename = "classify.c"
target datalayout = "e-m:e-i8:8:32-i16:16:32-i64:64-i128:128-n32:64-S128"
target triple = "aarch64-unknown-linux-gnu"

; Function Attrs: mustprogress nofree norecurse nosync nounwind readnone uwtable willreturn
define dso_local i32 @classify(i32 noundef %0) local_unnamed_addr #0 {
  ret i32 1
}

attributes #0 = { mustprogress nofree norecurse nosync nounwind readnone uwtable willreturn "frame-pointer"="non-leaf" "min-legal-vector-width"="0" "no-trapping-math"="true" "stack-protector-buffer-size"="8" "target-cpu"="generic" "target-features"="+neon,+outline-atomics,+v8a" }

!llvm.module.flags = !{!0, !1, !2, !3, !4, !5, !6, !7, !8}
!llvm.ident = !{!9}

!0 = !{i32 1, !"wchar_size", i32 4}
!1 = !{i32 1, !"branch-target-enforcement", i32 0}
!2 = !{i32 1, !"sign-return-address", i32 0}
!3 = !{i32 1, !"sign-return-address-all", i32 0}
!4 = !{i32 1, !"sign-return-address-with-bkey", i32 0}
!5 = !{i32 7, !"PIC Level", i32 2}
!6 = !{i32 7, !"PIE Level", i32 2}
!7 = !{i32 7, !"uwtable", i32 1}
!8 = !{i32 7, !"frame-pointer", i32 1}
!9 = !{!"Ubuntu clang version 14.0.0-1ubuntu1.1"}
*** IR Dump After PrintModulePass on [module] ***
; ModuleID = 'classify.in.ll'
source_filename = "classify.c"
target datalayout = "e-m:e-i8:8:32-i16:16:32-i64:64-i128:128-n32:64-S128"
target triple = "aarch64-unknown-linux-gnu"

; Function Attrs: mustprogress nofree norecurse nosync nounwind readnone uwtable willreturn
define dso_local i32 @classify(i32 noundef %0) local_unnamed_addr #0 {
  ret i32 1
}

attributes #0 = { mustprogress nofree norecurse nosync nounwind readnone uwtable willreturn "frame-pointer"="non-leaf" "min-legal-vector-width"="0" "no-trapping-math"="true" "stack-protector-buffer-size"="8" "target-cpu"="generic" "target-features"="+neon,+outline-atomics,+v8a" }

!llvm.module.flags = !{!0, !1, !2, !3, !4, !5, !6, !7, !8}
!llvm.ident = !{!9}

!0 = !{i32 1, !"wchar_size", i32 4}
!1 = !{i32 1, !"branch-target-enforcement", i32 0}
!2 = !{i32 1, !"sign-return-address", i32 0}
!3 = !{i32 1, !"sign-return-address-all", i32 0}
!4 = !{i32 1, !"sign-return-address-with-bkey", i32 0}
!5 = !{i32 7, !"PIC Level", i32 2}
!6 = !{i32 7, !"PIE Level", i32 2}
!7 = !{i32 7, !"uwtable", i32 1}
!8 = !{i32 7, !"frame-pointer", i32 1}
!9 = !{!"Ubuntu clang version 14.0.0-1ubuntu1.1"}
