*** IR Dump Before VerifierPass on [module] ***
; ModuleID = 'constfold.in.ll'
source_filename = "constfold.c"
target datalayout = "e-m:e-i8:8:32-i16:16:32-i64:64-i128:128-n32:64-S128"
target triple = "aarch64-unknown-linux-gnu"

; Function Attrs: nounwind uwtable
define dso_local i32 @compute() #0 {
  %1 = alloca i32, align 4
  %2 = alloca i32, align 4
  %3 = alloca i32, align 4
  %4 = alloca i32, align 4
  store i32 6, i32* %1, align 4
  store i32 7, i32* %2, align 4
  %5 = load i32, i32* %1, align 4
  %6 = load i32, i32* %2, align 4
  %7 = mul nsw i32 %5, %6
  store i32 %7, i32* %3, align 4
  %8 = load i32, i32* %3, align 4
  %9 = add nsw i32 %8, 100
  store i32 %9, i32* %4, align 4
  %10 = load i32, i32* %4, align 4
  %11 = sub nsw i32 %10, 42
  ret i32 %11
}

attributes #0 = { nounwind uwtable "frame-pointer"="non-leaf" "min-legal-vector-width"="0" "no-trapping-math"="true" "stack-protector-buffer-size"="8" "target-cpu"="generic" "target-features"="+neon,+outline-atomics,+v8a" }

!llvm.module.flags = !{!0, !1, !2, !3, !4, !5, !6, !7, !8}
!llvm.ident = !{!9}

!0 = !{i32 1, !"wchar_size", i32 4}
!1 = !{i32 1, !"branch-target-enforcement", i32 0}
!2 = !{i32 1, !"sign-return-address", i32 0}
!3 = !{i32 1, !"sign-return-address-all", i32 0}
!4 = !{i32 1, !"sign-return-address-with-bkey", i32 0}
!5 = !{i32 7, !"PIC Level", i32 2}
!6 = !{i32 7, !"PIE Level", i32 2}
!7 = !{i32 7, !"uwtable", i32 1}
!8 = !{i32 7, !"frame-pointer", i32 1}
!9 = !{!"Ubuntu clang version 14.0.0-1ubuntu1.1"}
*** IR Dump After VerifierPass on [module] ***
; ModuleID = 'constfold.in.ll'
source_filename = "constfold.c"
target datalayout = "e-m:e-i8:8:32-i16:16:32-i64:64-i128:128-n32:64-S128"
target triple = "aarch64-unknown-linux-gnu"

; Function Attrs: nounwind uwtable
define dso_local i32 @compute() #0 {
  %1 = alloca i32, align 4
  %2 = alloca i32, align 4
  %3 = alloca i32, align 4
  %4 = alloca i32, align 4
  store i32 6, i32* %1, align 4
  store i32 7, i32* %2, align 4
  %5 = load i32, i32* %1, align 4
  %6 = load i32, i32* %2, align 4
  %7 = mul nsw i32 %5, %6
  store i32 %7, i32* %3, align 4
  %8 = load i32, i32* %3, align 4
  %9 = add nsw i32 %8, 100
  store i32 %9, i32* %4, align 4
  %10 = load i32, i32* %4, align 4
  %11 = sub nsw i32 %10, 42
  ret i32 %11
}

attributes #0 = { nounwind uwtable "frame-pointer"="non-leaf" "min-legal-vector-width"="0" "no-trapping-math"="true" "stack-protector-buffer-size"="8" "target-cpu"="generic" "target-features"="+neon,+outline-atomics,+v8a" }

!llvm.module.flags = !{!0, !1, !2, !3, !4, !5, !6, !7, !8}
!llvm.ident = !{!9}

!0 = !{i32 1, !"wchar_size", i32 4}
!1 = !{i32 1, !"branch-target-enforcement", i32 0}
!2 = !{i32 1, !"sign-return-address", i32 0}
!3 = !{i32 1, !"sign-return-address-all", i32 0}
!4 = !{i32 1, !"sign-return-address-with-bkey", i32 0}
!5 = !{i32 7, !"PIC Level", i32 2}
!6 = !{i32 7, !"PIE Level", i32 2}
!7 = !{i32 7, !"uwtable", i32 1}
!8 = !{i32 7, !"frame-pointer", i32 1}
!9 = !{!"Ubuntu clang version 14.0.0-1ubuntu1.1"}
*** IR Dump Before Annotation2MetadataPass on [module] ***
; ModuleID = 'constfold.in.ll'
source_filename = "constfold.c"
target datalayout = "e-m:e-i8:8:32-i16:16:32-i64:64-i128:128-n32:64-S128"
target triple = "aarch64-unknown-linux-gnu"

; Function Attrs: nounwind uwtable
define dso_local i32 @compute() #0 {
  %1 = alloca i32, align 4
  %2 = alloca i32, align 4
  %3 = alloca i32, align 4
  %4 = alloca i32, align 4
  store i32 6, i32* %1, align 4
  store i32 7, i32* %2, align 4
  %5 = load i32, i32* %1, align 4
  %6 = load i32, i32* %2, align 4
  %7 = mul nsw i32 %5, %6
  store i32 %7, i32* %3, align 4
  %8 = load i32, i32* %3, align 4
  %9 = add nsw i32 %8, 100
  store i32 %9, i32* %4, align 4
  %10 = load i32, i32* %4, align 4
  %11 = sub nsw i32 %10, 42
  ret i32 %11
}

attributes #0 = { nounwind uwtable "frame-pointer"="non-leaf" "min-legal-vector-width"="0" "no-trapping-math"="true" "stack-protector-buffer-size"="8" "target-cpu"="generic" "target-features"="+neon,+outline-atomics,+v8a" }

!llvm.module.flags = !{!0, !1, !2, !3, !4, !5, !6, !7, !8}
!llvm.ident = !{!9}

!0 = !{i32 1, !"wchar_size", i32 4}
!1 = !{i32 1, !"branch-target-enforcement", i32 0}
!2 = !{i32 1, !"sign-return-address", i32 0}
!3 = !{i32 1, !"sign-return-address-all", i32 0}
!4 = !{i32 1, !"sign-return-address-with-bkey", i32 0}
!5 = !{i32 7, !"PIC Level", i32 2}
!6 = !{i32 7, !"PIE Level", i32 2}
!7 = !{i32 7, !"uwtable", i32 1}
!8 = !{i32 7, !"frame-pointer", i32 1}
!9 = !{!"Ubuntu clang version 14.0.0-1ubuntu1.1"}
*** IR Dump After Annotation2MetadataPass on [module] ***
; ModuleID = 'constfold.in.ll'
source_filename = "constfold.c"
target datalayout = "e-m:e-i8:8:32-i16:16:32-i64:64-i128:128-n32:64-S128"
target triple = "aarch64-unknown-linux-gnu"

; Function Attrs: nounwind uwtable
define dso_local i32 @compute() #0 {
  %1 = alloca i32, align 4
  %2 = alloca i32, align 4
  %3 = alloca i32, align 4
  %4 = alloca i32, align 4
  store i32 6, i32* %1, align 4
  store i32 7, i32* %2, align 4
  %5 = load i32, i32* %1, align 4
  %6 = load i32, i32* %2, align 4
  %7 = mul nsw i32 %5, %6
  store i32 %7, i32* %3, align 4
  %8 = load i32, i32* %3, align 4
  %9 = add nsw i32 %8, 100
  store i32 %9, i32* %4, align 4
  %10 = load i32, i32* %4, align 4
  %11 = sub nsw i32 %10, 42
  ret i32 %11
}

attributes #0 = { nounwind uwtable "frame-pointer"="non-leaf" "min-legal-vector-width"="0" "no-trapping-math"="true" "stack-protector-buffer-size"="8" "target-cpu"="generic" "target-features"="+neon,+outline-atomics,+v8a" }

!llvm.module.flags = !{!0, !1, !2, !3, !4, !5, !6, !7, !8}
!llvm.ident = !{!9}

!0 = !{i32 1, !"wchar_size", i32 4}
!1 = !{i32 1, !"branch-target-enforcement", i32 0}
!2 = !{i32 1, !"sign-return-address", i32 0}
!3 = !{i32 1, !"sign-return-address-all", i32 0}
!4 = !{i32 1, !"sign-return-address-with-bkey", i32 0}
!5 = !{i32 7, !"PIC Level", i32 2}
!6 = !{i32 7, !"PIE Level", i32 2}
!7 = !{i32 7, !"uwtable", i32 1}
!8 = !{i32 7, !"frame-pointer", i32 1}
!9 = !{!"Ubuntu clang version 14.0.0-1ubuntu1.1"}
*** IR Dump Before ForceFunctionAttrsPass on [module] ***
; ModuleID = 'constfold.in.ll'
source_filename = "constfold.c"
target datalayout = "e-m:e-i8:8:32-i16:16:32-i64:64-i128:128-n32:64-S128"
target triple = "aarch64-unknown-linux-gnu"

; Function Attrs: nounwind uwtable
define dso_local i32 @compute() #0 {
  %1 = alloca i32, align 4
  %2 = alloca i32, align 4
  %3 = alloca i32, align 4
  %4 = alloca i32, align 4
  store i32 6, i32* %1, align 4
  store i32 7, i32* %2, align 4
  %5 = load i32, i32* %1, align 4
  %6 = load i32, i32* %2, align 4
  %7 = mul nsw i32 %5, %6
  store i32 %7, i32* %3, align 4
  %8 = load i32, i32* %3, align 4
  %9 = add nsw i32 %8, 100
  store i32 %9, i32* %4, align 4
  %10 = load i32, i32* %4, align 4
  %11 = sub nsw i32 %10, 42
  ret i32 %11
}

attributes #0 = { nounwind uwtable "frame-pointer"="non-leaf" "min-legal-vector-width"="0" "no-trapping-math"="true" "stack-protector-buffer-size"="8" "target-cpu"="generic" "target-features"="+neon,+outline-atomics,+v8a" }

!llvm.module.flags = !{!0, !1, !2, !3, !4, !5, !6, !7, !8}
!llvm.ident = !{!9}

!0 = !{i32 1, !"wchar_size", i32 4}
!1 = !{i32 1, !"branch-target-enforcement", i32 0}
!2 = !{i32 1, !"sign-return-address", i32 0}
!3 = !{i32 1, !"sign-return-address-all", i32 0}
!4 = !{i32 1, !"sign-return-address-with-bkey", i32 0}
!5 = !{i32 7, !"PIC Level", i32 2}
!6 = !{i32 7, !"PIE Level", i32 2}
!7 = !{i32 7, !"uwtable", i32 1}
!8 = !{i32 7, !"frame-pointer", i32 1}
!9 = !{!"Ubuntu clang version 14.0.0-1ubuntu1.1"}
*** IR Dump After ForceFunctionAttrsPass on [module] ***
; ModuleID = 'constfold.in.ll'
source_filename = "constfold.c"
target datalayout = "e-m:e-i8:8:32-i16:16:32-i64:64-i128:128-n32:64-S128"
target triple = "aarch64-unknown-linux-gnu"

; Function Attrs: nounwind uwtable
define dso_local i32 @compute() #0 {
  %1 = alloca i32, align 4
  %2 = alloca i32, align 4
  %3 = alloca i32, align 4
  %4 = alloca i32, align 4
  store i32 6, i32* %1, align 4
  store i32 7, i32* %2, align 4
  %5 = load i32, i32* %1, align 4
  %6 = load i32, i32* %2, align 4
  %7 = mul nsw i32 %5, %6
  store i32 %7, i32* %3, align 4
  %8 = load i32, i32* %3, align 4
  %9 = add nsw i32 %8, 100
  store i32 %9, i32* %4, align 4
  %10 = load i32, i32* %4, align 4
  %11 = sub nsw i32 %10, 42
  ret i32 %11
}

attributes #0 = { nounwind uwtable "frame-pointer"="non-leaf" "min-legal-vector-width"="0" "no-trapping-math"="true" "stack-protector-buffer-size"="8" "target-cpu"="generic" "target-features"="+neon,+outline-atomics,+v8a" }

!llvm.module.flags = !{!0, !1, !2, !3, !4, !5, !6, !7, !8}
!llvm.ident = !{!9}

!0 = !{i32 1, !"wchar_size", i32 4}
!1 = !{i32 1, !"branch-target-enforcement", i32 0}
!2 = !{i32 1, !"sign-return-address", i32 0}
!3 = !{i32 1, !"sign-return-address-all", i32 0}
!4 = !{i32 1, !"sign-return-address-with-bkey", i32 0}
!5 = !{i32 7, !"PIC Level", i32 2}
!6 = !{i32 7, !"PIE Level", i32 2}
!7 = !{i32 7, !"uwtable", i32 1}
!8 = !{i32 7, !"frame-pointer", i32 1}
!9 = !{!"Ubuntu clang version 14.0.0-1ubuntu1.1"}
*** IR Dump Before InferFunctionAttrsPass on [module] ***
; ModuleID = 'constfold.in.ll'
source_filename = "constfold.c"
target datalayout = "e-m:e-i8:8:32-i16:16:32-i64:64-i128:128-n32:64-S128"
target triple = "aarch64-unknown-linux-gnu"

; Function Attrs: nounwind uwtable
define dso_local i32 @compute() #0 {
  %1 = alloca i32, align 4
  %2 = alloca i32, align 4
  %3 = alloca i32, align 4
  %4 = alloca i32, align 4
  store i32 6, i32* %1, align 4
  store i32 7, i32* %2, align 4
  %5 = load i32, i32* %1, align 4
  %6 = load i32, i32* %2, align 4
  %7 = mul nsw i32 %5, %6
  store i32 %7, i32* %3, align 4
  %8 = load i32, i32* %3, align 4
  %9 = add nsw i32 %8, 100
  store i32 %9, i32* %4, align 4
  %10 = load i32, i32* %4, align 4
  %11 = sub nsw i32 %10, 42
  ret i32 %11
}

attributes #0 = { nounwind uwtable "frame-pointer"="non-leaf" "min-legal-vector-width"="0" "no-trapping-math"="true" "stack-protector-buffer-size"="8" "target-cpu"="generic" "target-features"="+neon,+outline-atomics,+v8a" }

!llvm.module.flags = !{!0, !1, !2, !3, !4, !5, !6, !7, !8}
!llvm.ident = !{!9}

!0 = !{i32 1, !"wchar_size", i32 4}
!1 = !{i32 1, !"branch-target-enforcement", i32 0}
!2 = !{i32 1, !"sign-return-address", i32 0}
!3 = !{i32 1, !"sign-return-address-all", i32 0}
!4 = !{i32 1, !"sign-return-address-with-bkey", i32 0}
!5 = !{i32 7, !"PIC Level", i32 2}
!6 = !{i32 7, !"PIE Level", i32 2}
!7 = !{i32 7, !"uwtable", i32 1}
!8 = !{i32 7, !"frame-pointer", i32 1}
!9 = !{!"Ubuntu clang version 14.0.0-1ubuntu1.1"}
*** IR Dump After InferFunctionAttrsPass on [module] ***
; ModuleID = 'constfold.in.ll'
source_filename = "constfold.c"
target datalayout = "e-m:e-i8:8:32-i16:16:32-i64:64-i128:128-n32:64-S128"
target triple = "aarch64-unknown-linux-gnu"

; Function Attrs: nounwind uwtable
define dso_local i32 @compute() #0 {
  %1 = alloca i32, align 4
  %2 = alloca i32, align 4
  %3 = alloca i32, align 4
  %4 = alloca i32, align 4
  store i32 6, i32* %1, align 4
  store i32 7, i32* %2, align 4
  %5 = load i32, i32* %1, align 4
  %6 = load i32, i32* %2, align 4
  %7 = mul nsw i32 %5, %6
  store i32 %7, i32* %3, align 4
  %8 = load i32, i32* %3, align 4
  %9 = add nsw i32 %8, 100
  store i32 %9, i32* %4, align 4
  %10 = load i32, i32* %4, align 4
  %11 = sub nsw i32 %10, 42
  ret i32 %11
}

attributes #0 = { nounwind uwtable "frame-pointer"="non-leaf" "min-legal-vector-width"="0" "no-trapping-math"="true" "stack-protector-buffer-size"="8" "target-cpu"="generic" "target-features"="+neon,+outline-atomics,+v8a" }

!llvm.module.flags = !{!0, !1, !2, !3, !4, !5, !6, !7, !8}
!llvm.ident = !{!9}

!0 = !{i32 1, !"wchar_size", i32 4}
!1 = !{i32 1, !"branch-target-enforcement", i32 0}
!2 = !{i32 1, !"sign-return-address", i32 0}
!3 = !{i32 1, !"sign-return-address-all", i32 0}
!4 = !{i32 1, !"sign-return-address-with-bkey", i32 0}
!5 = !{i32 7, !"PIC Level", i32 2}
!6 = !{i32 7, !"PIE Level", i32 2}
!7 = !{i32 7, !"uwtable", i32 1}
!8 = !{i32 7, !"frame-pointer", i32 1}
!9 = !{!"Ubuntu clang version 14.0.0-1ubuntu1.1"}
*** IR Dump Before LowerExpectIntrinsicPass on compute ***
; Function Attrs: nounwind uwtable
define dso_local i32 @compute() #0 {
  %1 = alloca i32, align 4
  %2 = alloca i32, align 4
  %3 = alloca i32, align 4
  %4 = alloca i32, align 4
  store i32 6, i32* %1, align 4
  store i32 7, i32* %2, align 4
  %5 = load i32, i32* %1, align 4
  %6 = load i32, i32* %2, align 4
  %7 = mul nsw i32 %5, %6
  store i32 %7, i32* %3, align 4
  %8 = load i32, i32* %3, align 4
  %9 = add nsw i32 %8, 100
  store i32 %9, i32* %4, align 4
  %10 = load i32, i32* %4, align 4
  %11 = sub nsw i32 %10, 42
  ret i32 %11
}
*** IR Dump After LowerExpectIntrinsicPass on compute ***
; Function Attrs: nounwind uwtable
define dso_local i32 @compute() #0 {
  %1 = alloca i32, align 4
  %2 = alloca i32, align 4
  %3 = alloca i32, align 4
  %4 = alloca i32, align 4
  store i32 6, i32* %1, align 4
  store i32 7, i32* %2, align 4
  %5 = load i32, i32* %1, align 4
  %6 = load i32, i32* %2, align 4
  %7 = mul nsw i32 %5, %6
  store i32 %7, i32* %3, align 4
  %8 = load i32, i32* %3, align 4
  %9 = add nsw i32 %8, 100
  store i32 %9, i32* %4, align 4
  %10 = load i32, i32* %4, align 4
  %11 = sub nsw i32 %10, 42
  ret i32 %11
}
*** IR Dump Before SimplifyCFGPass on compute ***
; Function Attrs: nounwind uwtable
define dso_local i32 @compute() #0 {
  %1 = alloca i32, align 4
  %2 = alloca i32, align 4
  %3 = alloca i32, align 4
  %4 = alloca i32, align 4
  store i32 6, i32* %1, align 4
  store i32 7, i32* %2, align 4
  %5 = load i32, i32* %1, align 4
  %6 = load i32, i32* %2, align 4
  %7 = mul nsw i32 %5, %6
  store i32 %7, i32* %3, align 4
  %8 = load i32, i32* %3, align 4
  %9 = add nsw i32 %8, 100
  store i32 %9, i32* %4, align 4
  %10 = load i32, i32* %4, align 4
  %11 = sub nsw i32 %10, 42
  ret i32 %11
}
*** IR Dump After SimplifyCFGPass on compute ***
; Function Attrs: nounwind uwtable
define dso_local i32 @compute() #0 {
  %1 = alloca i32, align 4
  %2 = alloca i32, align 4
  %3 = alloca i32, align 4
  %4 = alloca i32, align 4
  store i32 6, i32* %1, align 4
  store i32 7, i32* %2, align 4
  %5 = load i32, i32* %1, align 4
  %6 = load i32, i32* %2, align 4
  %7 = mul nsw i32 %5, %6
  store i32 %7, i32* %3, align 4
  %8 = load i32, i32* %3, align 4
  %9 = add nsw i32 %8, 100
  store i32 %9, i32* %4, align 4
  %10 = load i32, i32* %4, align 4
  %11 = sub nsw i32 %10, 42
  ret i32 %11
}
*** IR Dump Before SROAPass on compute ***
; Function Attrs: nounwind uwtable
define dso_local i32 @compute() #0 {
  %1 = alloca i32, align 4
  %2 = alloca i32, align 4
  %3 = alloca i32, align 4
  %4 = alloca i32, align 4
  store i32 6, i32* %1, align 4
  store i32 7, i32* %2, align 4
  %5 = load i32, i32* %1, align 4
  %6 = load i32, i32* %2, align 4
  %7 = mul nsw i32 %5, %6
  store i32 %7, i32* %3, align 4
  %8 = load i32, i32* %3, align 4
  %9 = add nsw i32 %8, 100
  store i32 %9, i32* %4, align 4
  %10 = load i32, i32* %4, align 4
  %11 = sub nsw i32 %10, 42
  ret i32 %11
}
*** IR Dump After SROAPass on compute ***
; Function Attrs: nounwind uwtable
define dso_local i32 @compute() #0 {
  %1 = mul nsw i32 6, 7
  %2 = add nsw i32 %1, 100
  %3 = sub nsw i32 %2, 42
  ret i32 %3
}
*** IR Dump Before EarlyCSEPass on compute ***
; Function Attrs: nounwind uwtable
define dso_local i32 @compute() #0 {
  %1 = mul nsw i32 6, 7
  %2 = add nsw i32 %1, 100
  %3 = sub nsw i32 %2, 42
  ret i32 %3
}
*** IR Dump After EarlyCSEPass on compute ***
; Function Attrs: nounwind uwtable
define dso_local i32 @compute() #0 {
  ret i32 100
}
*** IR Dump Before CoroEarlyPass on compute ***
; Function Attrs: nounwind uwtable
define dso_local i32 @compute() #0 {
  ret i32 100
}
*** IR Dump After CoroEarlyPass on compute ***
; Function Attrs: nounwind uwtable
define dso_local i32 @compute() #0 {
  ret i32 100
}
*** IR Dump Before OpenMPOptPass on [module] ***
; ModuleID = 'constfold.in.ll'
source_filename = "constfold.c"
target datalayout = "e-m:e-i8:8:32-i16:16:32-i64:64-i128:128-n32:64-S128"
target triple = "aarch64-unknown-linux-gnu"

; Function Attrs: nounwind uwtable
define dso_local i32 @compute() #0 {
  ret i32 100
}

attributes #0 = { nounwind uwtable "frame-pointer"="non-leaf" "min-legal-vector-width"="0" "no-trapping-math"="true" "stack-protector-buffer-size"="8" "target-cpu"="generic" "target-features"="+neon,+outline-atomics,+v8a" }

!llvm.module.flags = !{!0, !1, !2, !3, !4, !5, !6, !7, !8}
!llvm.ident = !{!9}

!0 = !{i32 1, !"wchar_size", i32 4}
!1 = !{i32 1, !"branch-target-enforcement", i32 0}
!2 = !{i32 1, !"sign-return-address", i32 0}
!3 = !{i32 1, !"sign-return-address-all", i32 0}
!4 = !{i32 1, !"sign-return-address-with-bkey", i32 0}
!5 = !{i32 7, !"PIC Level", i32 2}
!6 = !{i32 7, !"PIE Level", i32 2}
!7 = !{i32 7, !"uwtable", i32 1}
!8 = !{i32 7, !"frame-pointer", i32 1}
!9 = !{!"Ubuntu clang version 14.0.0-1ubuntu1.1"}
*** IR Dump After OpenMPOptPass on [module] ***
; ModuleID = 'constfold.in.ll'
source_filename = "constfold.c"
target datalayout = "e-m:e-i8:8:32-i16:16:32-i64:64-i128:128-n32:64-S128"
target triple = "aarch64-unknown-linux-gnu"

; Function Attrs: nounwind uwtable
define dso_local i32 @compute() #0 {
  ret i32 100
}

attributes #0 = { nounwind uwtable "frame-pointer"="non-leaf" "min-legal-vector-width"="0" "no-trapping-math"="true" "stack-protector-buffer-size"="8" "target-cpu"="generic" "target-features"="+neon,+outline-atomics,+v8a" }

!llvm.module.flags = !{!0, !1, !2, !3, !4, !5, !6, !7, !8}
!llvm.ident = !{!9}

!0 = !{i32 1, !"wchar_size", i32 4}
!1 = !{i32 1, !"branch-target-enforcement", i32 0}
!2 = !{i32 1, !"sign-return-address", i32 0}
!3 = !{i32 1, !"sign-return-address-all", i32 0}
!4 = !{i32 1, !"sign-return-address-with-bkey", i32 0}
!5 = !{i32 7, !"PIC Level", i32 2}
!6 = !{i32 7, !"PIE Level", i32 2}
!7 = !{i32 7, !"uwtable", i32 1}
!8 = !{i32 7, !"frame-pointer", i32 1}
!9 = !{!"Ubuntu clang version 14.0.0-1ubuntu1.1"}
*** IR Dump Before IPSCCPPass on [module] ***
; ModuleID = 'constfold.in.ll'
source_filename = "constfold.c"
target datalayout = "e-m:e-i8:8:32-i16:16:32-i64:64-i128:128-n32:64-S128"
target triple = "aarch64-unknown-linux-gnu"

; Function Attrs: nounwind uwtable
define dso_local i32 @compute() #0 {
  ret i32 100
}

attributes #0 = { nounwind uwtable "frame-pointer"="non-leaf" "min-legal-vector-width"="0" "no-trapping-math"="true" "stack-protector-buffer-size"="8" "target-cpu"="generic" "target-features"="+neon,+outline-atomics,+v8a" }

!llvm.module.flags = !{!0, !1, !2, !3, !4, !5, !6, !7, !8}
!llvm.ident = !{!9}

!0 = !{i32 1, !"wchar_size", i32 4}
!1 = !{i32 1, !"branch-target-enforcement", i32 0}
!2 = !{i32 1, !"sign-return-address", i32 0}
!3 = !{i32 1, !"sign-return-address-all", i32 0}
!4 = !{i32 1, !"sign-return-address-with-bkey", i32 0}
!5 = !{i32 7, !"PIC Level", i32 2}
!6 = !{i32 7, !"PIE Level", i32 2}
!7 = !{i32 7, !"uwtable", i32 1}
!8 = !{i32 7, !"frame-pointer", i32 1}
!9 = !{!"Ubuntu clang version 14.0.0-1ubuntu1.1"}
*** IR Dump After IPSCCPPass on [module] ***
; ModuleID = 'constfold.in.ll'
source_filename = "constfold.c"
target datalayout = "e-m:e-i8:8:32-i16:16:32-i64:64-i128:128-n32:64-S128"
target triple = "aarch64-unknown-linux-gnu"

; Function Attrs: nounwind uwtable
define dso_local i32 @compute() #0 {
  ret i32 100
}

attributes #0 = { nounwind uwtable "frame-pointer"="non-leaf" "min-legal-vector-width"="0" "no-trapping-math"="true" "stack-protector-buffer-size"="8" "target-cpu"="generic" "target-features"="+neon,+outline-atomics,+v8a" }

!llvm.module.flags = !{!0, !1, !2, !3, !4, !5, !6, !7, !8}
!llvm.ident = !{!9}

!0 = !{i32 1, !"wchar_size", i32 4}
!1 = !{i32 1, !"branch-target-enforcement", i32 0}
!2 = !{i32 1, !"sign-return-address", i32 0}
!3 = !{i32 1, !"sign-return-address-all", i32 0}
!4 = !{i32 1, !"sign-return-address-with-bkey", i32 0}
!5 = !{i32 7, !"PIC Level", i32 2}
!6 = !{i32 7, !"PIE Level", i32 2}
!7 = !{i32 7, !"uwtable", i32 1}
!8 = !{i32 7, !"frame-pointer", i32 1}
!9 = !{!"Ubuntu clang version 14.0.0-1ubuntu1.1"}
*** IR Dump Before CalledValuePropagationPass on [module] ***
; ModuleID = 'constfold.in.ll'
source_filename = "constfold.c"
target datalayout = "e-m:e-i8:8:32-i16:16:32-i64:64-i128:128-n32:64-S128"
target triple = "aarch64-unknown-linux-gnu"

; Function Attrs: nounwind uwtable
define dso_local i32 @compute() #0 {
  ret i32 100
}

attributes #0 = { nounwind uwtable "frame-pointer"="non-leaf" "min-legal-vector-width"="0" "no-trapping-math"="true" "stack-protector-buffer-size"="8" "target-cpu"="generic" "target-features"="+neon,+outline-atomics,+v8a" }

!llvm.module.flags = !{!0, !1, !2, !3, !4, !5, !6, !7, !8}
!llvm.ident = !{!9}

!0 = !{i32 1, !"wchar_size", i32 4}
!1 = !{i32 1, !"branch-target-enforcement", i32 0}
!2 = !{i32 1, !"sign-return-address", i32 0}
!3 = !{i32 1, !"sign-return-address-all", i32 0}
!4 = !{i32 1, !"sign-return-address-with-bkey", i32 0}
!5 = !{i32 7, !"PIC Level", i32 2}
!6 = !{i32 7, !"PIE Level", i32 2}
!7 = !{i32 7, !"uwtable", i32 1}
!8 = !{i32 7, !"frame-pointer", i32 1}
!9 = !{!"Ubuntu clang version 14.0.0-1ubuntu1.1"}
*** IR Dump After CalledValuePropagationPass on [module] ***
; ModuleID = 'constfold.in.ll'
source_filename = "constfold.c"
target datalayout = "e-m:e-i8:8:32-i16:16:32-i64:64-i128:128-n32:64-S128"
target triple = "aarch64-unknown-linux-gnu"

; Function Attrs: nounwind uwtable
define dso_local i32 @compute() #0 {
  ret i32 100
}

attributes #0 = { nounwind uwtable "frame-pointer"="non-leaf" "min-legal-vector-width"="0" "no-trapping-math"="true" "stack-protector-buffer-size"="8" "target-cpu"="generic" "target-features"="+neon,+outline-atomics,+v8a" }

!llvm.module.flags = !{!0, !1, !2, !3, !4, !5, !6, !7, !8}
!llvm.ident = !{!9}

!0 = !{i32 1, !"wchar_size", i32 4}
!1 = !{i32 1, !"branch-target-enforcement", i32 0}
!2 = !{i32 1, !"sign-return-address", i32 0}
!3 = !{i32 1, !"sign-return-address-all", i32 0}
!4 = !{i32 1, !"sign-return-address-with-bkey", i32 0}
!5 = !{i32 7, !"PIC Level", i32 2}
!6 = !{i32 7, !"PIE Level", i32 2}
!7 = !{i32 7, !"uwtable", i32 1}
!8 = !{i32 7, !"frame-pointer", i32 1}
!9 = !{!"Ubuntu clang version 14.0.0-1ubuntu1.1"}
*** IR Dump Before GlobalOptPass on [module] ***
; ModuleID = 'constfold.in.ll'
source_filename = "constfold.c"
target datalayout = "e-m:e-i8:8:32-i16:16:32-i64:64-i128:128-n32:64-S128"
target triple = "aarch64-unknown-linux-gnu"

; Function Attrs: nounwind uwtable
define dso_local i32 @compute() #0 {
  ret i32 100
}

attributes #0 = { nounwind uwtable "frame-pointer"="non-leaf" "min-legal-vector-width"="0" "no-trapping-math"="true" "stack-protector-buffer-size"="8" "target-cpu"="generic" "target-features"="+neon,+outline-atomics,+v8a" }

!llvm.module.flags = !{!0, !1, !2, !3, !4, !5, !6, !7, !8}
!llvm.ident = !{!9}

!0 = !{i32 1, !"wchar_size", i32 4}
!1 = !{i32 1, !"branch-target-enforcement", i32 0}
!2 = !{i32 1, !"sign-return-address", i32 0}
!3 = !{i32 1, !"sign-return-address-all", i32 0}
!4 = !{i32 1, !"sign-return-address-with-bkey", i32 0}
!5 = !{i32 7, !"PIC Level", i32 2}
!6 = !{i32 7, !"PIE Level", i32 2}
!7 = !{i32 7, !"uwtable", i32 1}
!8 = !{i32 7, !"frame-pointer", i32 1}
!9 = !{!"Ubuntu clang version 14.0.0-1ubuntu1.1"}
*** IR Dump After GlobalOptPass on [module] ***
; ModuleID = 'constfold.in.ll'
source_filename = "constfold.c"
target datalayout = "e-m:e-i8:8:32-i16:16:32-i64:64-i128:128-n32:64-S128"
target triple = "aarch64-unknown-linux-gnu"

; Function Attrs: nounwind uwtable
define dso_local i32 @compute() local_unnamed_addr #0 {
  ret i32 100
}

attributes #0 = { nounwind uwtable "frame-pointer"="non-leaf" "min-legal-vector-width"="0" "no-trapping-math"="true" "stack-protector-buffer-size"="8" "target-cpu"="generic" "target-features"="+neon,+outline-atomics,+v8a" }

!llvm.module.flags = !{!0, !1, !2, !3, !4, !5, !6, !7, !8}
!llvm.ident = !{!9}

!0 = !{i32 1, !"wchar_size", i32 4}
!1 = !{i32 1, !"branch-target-enforcement", i32 0}
!2 = !{i32 1, !"sign-return-address", i32 0}
!3 = !{i32 1, !"sign-return-address-all", i32 0}
!4 = !{i32 1, !"sign-return-address-with-bkey", i32 0}
!5 = !{i32 7, !"PIC Level", i32 2}
!6 = !{i32 7, !"PIE Level", i32 2}
!7 = !{i32 7, !"uwtable", i32 1}
!8 = !{i32 7, !"frame-pointer", i32 1}
!9 = !{!"Ubuntu clang version 14.0.0-1ubuntu1.1"}
*** IR Dump Before PromotePass on compute ***
; Function Attrs: nounwind uwtable
define dso_local i32 @compute() local_unnamed_addr #0 {
  ret i32 100
}
*** IR Dump After PromotePass on compute ***
; Function Attrs: nounwind uwtable
define dso_local i32 @compute() local_unnamed_addr #0 {
  ret i32 100
}
*** IR Dump Before DeadArgumentEliminationPass on [module] ***
; ModuleID = 'constfold.in.ll'
source_filename = "constfold.c"
target datalayout = "e-m:e-i8:8:32-i16:16:32-i64:64-i128:128-n32:64-S128"
target triple = "aarch64-unknown-linux-gnu"

; Function Attrs: nounwind uwtable
define dso_local i32 @compute() local_unnamed_addr #0 {
  ret i32 100
}

attributes #0 = { nounwind uwtable "frame-pointer"="non-leaf" "min-legal-vector-width"="0" "no-trapping-math"="true" "stack-protector-buffer-size"="8" "target-cpu"="generic" "target-features"="+neon,+outline-atomics,+v8a" }

!llvm.module.flags = !{!0, !1, !2, !3, !4, !5, !6, !7, !8}
!llvm.ident = !{!9}

!0 = !{i32 1, !"wchar_size", i32 4}
!1 = !{i32 1, !"branch-target-enforcement", i32 0}
!2 = !{i32 1, !"sign-return-address", i32 0}
!3 = !{i32 1, !"sign-return-address-all", i32 0}
!4 = !{i32 1, !"sign-return-address-with-bkey", i32 0}
!5 = !{i32 7, !"PIC Level", i32 2}
!6 = !{i32 7, !"PIE Level", i32 2}
!7 = !{i32 7, !"uwtable", i32 1}
!8 = !{i32 7, !"frame-pointer", i32 1}
!9 = !{!"Ubuntu clang version 14.0.0-1ubuntu1.1"}
*** IR Dump After DeadArgumentEliminationPass on [module] ***
; ModuleID = 'constfold.in.ll'
source_filename = "constfold.c"
target datalayout = "e-m:e-i8:8:32-i16:16:32-i64:64-i128:128-n32:64-S128"
target triple = "aarch64-unknown-linux-gnu"

; Function Attrs: nounwind uwtable
define dso_local i32 @compute() local_unnamed_addr #0 {
  ret i32 100
}

attributes #0 = { nounwind uwtable "frame-pointer"="non-leaf" "min-legal-vector-width"="0" "no-trapping-math"="true" "stack-protector-buffer-size"="8" "target-cpu"="generic" "target-features"="+neon,+outline-atomics,+v8a" }

!llvm.module.flags = !{!0, !1, !2, !3, !4, !5, !6, !7, !8}
!llvm.ident = !{!9}

!0 = !{i32 1, !"wchar_size", i32 4}
!1 = !{i32 1, !"branch-target-enforcement", i32 0}
!2 = !{i32 1, !"sign-return-address", i32 0}
!3 = !{i32 1, !"sign-return-address-all", i32 0}
!4 = !{i32 1, !"sign-return-address-with-bkey", i32 0}
!5 = !{i32 7, !"PIC Level", i32 2}
!6 = !{i32 7, !"PIE Level", i32 2}
!7 = !{i32 7, !"uwtable", i32 1}
!8 = !{i32 7, !"frame-pointer", i32 1}
!9 = !{!"Ubuntu clang version 14.0.0-1ubuntu1.1"}
*** IR Dump Before InstCombinePass on compute ***
; Function Attrs: nounwind uwtable
define dso_local i32 @compute() local_unnamed_addr #0 {
  ret i32 100
}
*** IR Dump After InstCombinePass on compute ***
; Function Attrs: nounwind uwtable
define dso_local i32 @compute() local_unnamed_addr #0 {
  ret i32 100
}
*** IR Dump Before SimplifyCFGPass on compute ***
; Function Attrs: nounwind uwtable
define dso_local i32 @compute() local_unnamed_addr #0 {
  ret i32 100
}
*** IR Dump After SimplifyCFGPass on compute ***
; Function Attrs: nounwind uwtable
define dso_local i32 @compute() local_unnamed_addr #0 {
  ret i32 100
}
*** IR Dump Before RequireAnalysisPass<llvm::GlobalsAA, llvm::Module> on [module] ***
; ModuleID = 'constfold.in.ll'
source_filename = "constfold.c"
target datalayout = "e-m:e-i8:8:32-i16:16:32-i64:64-i128:128-n32:64-S128"
target triple = "aarch64-unknown-linux-gnu"

; Function Attrs: nounwind uwtable
define dso_local i32 @compute() local_unnamed_addr #0 {
  ret i32 100
}

attributes #0 = { nounwind uwtable "frame-pointer"="non-leaf" "min-legal-vector-width"="0" "no-trapping-math"="true" "stack-protector-buffer-size"="8" "target-cpu"="generic" "target-features"="+neon,+outline-atomics,+v8a" }

!llvm.module.flags = !{!0, !1, !2, !3, !4, !5, !6, !7, !8}
!llvm.ident = !{!9}

!0 = !{i32 1, !"wchar_size", i32 4}
!1 = !{i32 1, !"branch-target-enforcement", i32 0}
!2 = !{i32 1, !"sign-return-address", i32 0}
!3 = !{i32 1, !"sign-return-address-all", i32 0}
!4 = !{i32 1, !"sign-return-address-with-bkey", i32 0}
!5 = !{i32 7, !"PIC Level", i32 2}
!6 = !{i32 7, !"PIE Level", i32 2}
!7 = !{i32 7, !"uwtable", i32 1}
!8 = !{i32 7, !"frame-pointer", i32 1}
!9 = !{!"Ubuntu clang version 14.0.0-1ubuntu1.1"}
*** IR Dump After RequireAnalysisPass<llvm::GlobalsAA, llvm::Module> on [module] ***
; ModuleID = 'constfold.in.ll'
source_filename = "constfold.c"
target datalayout = "e-m:e-i8:8:32-i16:16:32-i64:64-i128:128-n32:64-S128"
target triple = "aarch64-unknown-linux-gnu"

; Function Attrs: nounwind uwtable
define dso_local i32 @compute() local_unnamed_addr #0 {
  ret i32 100
}

attributes #0 = { nounwind uwtable "frame-pointer"="non-leaf" "min-legal-vector-width"="0" "no-trapping-math"="true" "stack-protector-buffer-size"="8" "target-cpu"="generic" "target-features"="+neon,+outline-atomics,+v8a" }

!llvm.module.flags = !{!0, !1, !2, !3, !4, !5, !6, !7, !8}
!llvm.ident = !{!9}

!0 = !{i32 1, !"wchar_size", i32 4}
!1 = !{i32 1, !"branch-target-enforcement", i32 0}
!2 = !{i32 1, !"sign-return-address", i32 0}
!3 = !{i32 1, !"sign-return-address-all", i32 0}
!4 = !{i32 1, !"sign-return-address-with-bkey", i32 0}
!5 = !{i32 7, !"PIC Level", i32 2}
!6 = !{i32 7, !"PIE Level", i32 2}
!7 = !{i32 7, !"uwtable", i32 1}
!8 = !{i32 7, !"frame-pointer", i32 1}
!9 = !{!"Ubuntu clang version 14.0.0-1ubuntu1.1"}
*** IR Dump Before InvalidateAnalysisPass<llvm::AAManager> on compute ***
; Function Attrs: nounwind uwtable
define dso_local i32 @compute() local_unnamed_addr #0 {
  ret i32 100
}
*** IR Dump After InvalidateAnalysisPass<llvm::AAManager> on compute ***
; Function Attrs: nounwind uwtable
define dso_local i32 @compute() local_unnamed_addr #0 {
  ret i32 100
}
*** IR Dump Before RequireAnalysisPass<llvm::ProfileSummaryAnalysis, llvm::Module> on [module] ***
; ModuleID = 'constfold.in.ll'
source_filename = "constfold.c"
target datalayout = "e-m:e-i8:8:32-i16:16:32-i64:64-i128:128-n32:64-S128"
target triple = "aarch64-unknown-linux-gnu"

; Function Attrs: nounwind uwtable
define dso_local i32 @compute() local_unnamed_addr #0 {
  ret i32 100
}

attributes #0 = { nounwind uwtable "frame-pointer"="non-leaf" "min-legal-vector-width"="0" "no-trapping-math"="true" "stack-protector-buffer-size"="8" "target-cpu"="generic" "target-features"="+neon,+outline-atomics,+v8a" }

!llvm.module.flags = !{!0, !1, !2, !3, !4, !5, !6, !7, !8}
!llvm.ident = !{!9}

!0 = !{i32 1, !"wchar_size", i32 4}
!1 = !{i32 1, !"branch-target-enforcement", i32 0}
!2 = !{i32 1, !"sign-return-address", i32 0}
!3 = !{i32 1, !"sign-return-address-all", i32 0}
!4 = !{i32 1, !"sign-return-address-with-bkey", i32 0}
!5 = !{i32 7, !"PIC Level", i32 2}
!6 = !{i32 7, !"PIE Level", i32 2}
!7 = !{i32 7, !"uwtable", i32 1}
!8 = !{i32 7, !"frame-pointer", i32 1}
!9 = !{!"Ubuntu clang version 14.0.0-1ubuntu1.1"}
*** IR Dump After RequireAnalysisPass<llvm::ProfileSummaryAnalysis, llvm::Module> on [module] ***
; ModuleID = 'constfold.in.ll'
source_filename = "constfold.c"
target datalayout = "e-m:e-i8:8:32-i16:16:32-i64:64-i128:128-n32:64-S128"
target triple = "aarch64-unknown-linux-gnu"

; Function Attrs: nounwind uwtable
define dso_local i32 @compute() local_unnamed_addr #0 {
  ret i32 100
}

attributes #0 = { nounwind uwtable "frame-pointer"="non-leaf" "min-legal-vector-width"="0" "no-trapping-math"="true" "stack-protector-buffer-size"="8" "target-cpu"="generic" "target-features"="+neon,+outline-atomics,+v8a" }

!llvm.module.flags = !{!0, !1, !2, !3, !4, !5, !6, !7, !8}
!llvm.ident = !{!9}

!0 = !{i32 1, !"wchar_size", i32 4}
!1 = !{i32 1, !"branch-target-enforcement", i32 0}
!2 = !{i32 1, !"sign-return-address", i32 0}
!3 = !{i32 1, !"sign-return-address-all", i32 0}
!4 = !{i32 1, !"sign-return-address-with-bkey", i32 0}
!5 = !{i32 7, !"PIC Level", i32 2}
!6 = !{i32 7, !"PIE Level", i32 2}
!7 = !{i32 7, !"uwtable", i32 1}
!8 = !{i32 7, !"frame-pointer", i32 1}
!9 = !{!"Ubuntu clang version 14.0.0-1ubuntu1.1"}
*** IR Dump Before InlinerPass on (compute) ***
; Function Attrs: nounwind uwtable
define dso_local i32 @compute() local_unnamed_addr #0 {
  ret i32 100
}
*** IR Dump After InlinerPass on (compute) ***
; Function Attrs: nounwind uwtable
define dso_local i32 @compute() local_unnamed_addr #0 {
  ret i32 100
}
*** IR Dump Before InlinerPass on (compute) ***
; Function Attrs: nounwind uwtable
define dso_local i32 @compute() local_unnamed_addr #0 {
  ret i32 100
}
*** IR Dump After InlinerPass on (compute) ***
; Function Attrs: nounwind uwtable
define dso_local i32 @compute() local_unnamed_addr #0 {
  ret i32 100
}
*** IR Dump Before PostOrderFunctionAttrsPass on (compute) ***
; Function Attrs: nounwind uwtable
define dso_local i32 @compute() local_unnamed_addr #0 {
  ret i32 100
}
*** IR Dump After PostOrderFunctionAttrsPass on (compute) ***
; Function Attrs: mustprogress nofree norecurse nosync nounwind readnone uwtable willreturn
define dso_local i32 @compute() local_unnamed_addr #0 {
  ret i32 100
}
*** IR Dump Before SROAPass on compute ***
; Function Attrs: mustprogress nofree norecurse nosync nounwind readnone uwtable willreturn
define dso_local i32 @compute() local_unnamed_addr #0 {
  ret i32 100
}
*** IR Dump After SROAPass on compute ***
; Function Attrs: mustprogress nofree norecurse nosync nounwind readnone uwtable willreturn
define dso_local i32 @compute() local_unnamed_addr #0 {
  ret i32 100
}
*** IR Dump Before EarlyCSEPass on compute ***
; Function Attrs: mustprogress nofree norecurse nosync nounwind readnone uwtable willreturn
define dso_local i32 @compute() local_unnamed_addr #0 {
  ret i32 100
}
*** IR Dump After EarlyCSEPass on compute ***
; Function Attrs: mustprogress nofree norecurse nosync nounwind readnone uwtable willreturn
define dso_local i32 @compute() local_unnamed_addr #0 {
  ret i32 100
}
*** IR Dump Before SimplifyCFGPass on compute ***
; Function Attrs: mustprogress nofree norecurse nosync nounwind readnone uwtable willreturn
define dso_local i32 @compute() local_unnamed_addr #0 {
  ret i32 100
}
*** IR Dump After SimplifyCFGPass on compute ***
; Function Attrs: mustprogress nofree norecurse nosync nounwind readnone uwtable willreturn
define dso_local i32 @compute() local_unnamed_addr #0 {
  ret i32 100
}
*** IR Dump Before InstCombinePass on compute ***
; Function Attrs: mustprogress nofree norecurse nosync nounwind readnone uwtable willreturn
define dso_local i32 @compute() local_unnamed_addr #0 {
  ret i32 100
}
*** IR Dump After InstCombinePass on compute ***
; Function Attrs: mustprogress nofree norecurse nosync nounwind readnone uwtable willreturn
define dso_local i32 @compute() local_unnamed_addr #0 {
  ret i32 100
}
*** IR Dump Before LibCallsShrinkWrapPass on compute ***
; Function Attrs: mustprogress nofree norecurse nosync nounwind readnone uwtable willreturn
define dso_local i32 @compute() local_unnamed_addr #0 {
  ret i32 100
}
*** IR Dump After LibCallsShrinkWrapPass on compute ***
; Function Attrs: mustprogress nofree norecurse nosync nounwind readnone uwtable willreturn
define dso_local i32 @compute() local_unnamed_addr #0 {
  ret i32 100
}
*** IR Dump Before SimplifyCFGPass on compute ***
; Function Attrs: mustprogress nofree norecurse nosync nounwind readnone uwtable willreturn
define dso_local i32 @compute() local_unnamed_addr #0 {
  ret i32 100
}
*** IR Dump After SimplifyCFGPass on compute ***
; Function Attrs: mustprogress nofree norecurse nosync nounwind readnone uwtable willreturn
define dso_local i32 @compute() local_unnamed_addr #0 {
  ret i32 100
}
*** IR Dump Before ReassociatePass on compute ***
; Function Attrs: mustprogress nofree norecurse nosync nounwind readnone uwtable willreturn
define dso_local i32 @compute() local_unnamed_addr #0 {
  ret i32 100
}
*** IR Dump After ReassociatePass on compute ***
; Function Attrs: mustprogress nofree norecurse nosync nounwind readnone uwtable willreturn
define dso_local i32 @compute() local_unnamed_addr #0 {
  ret i32 100
}
*** IR Dump Before RequireAnalysisPass<llvm::OptimizationRemarkEmitterAnalysis, llvm::Function> on compute ***
; Function Attrs: mustprogress nofree norecurse nosync nounwind readnone uwtable willreturn
define dso_local i32 @compute() local_unnamed_addr #0 {
  ret i32 100
}
*** IR Dump After RequireAnalysisPass<llvm::OptimizationRemarkEmitterAnalysis, llvm::Function> on compute ***
; Function Attrs: mustprogress nofree norecurse nosync nounwind readnone uwtable willreturn
define dso_local i32 @compute() local_unnamed_addr #0 {
  ret i32 100
}
*** IR Dump Before LoopSimplifyPass on compute ***
; Function Attrs: mustprogress nofree norecurse nosync nounwind readnone uwtable willreturn
define dso_local i32 @compute() local_unnamed_addr #0 {
  ret i32 100
}
*** IR Dump After LoopSimplifyPass on compute ***
; Function Attrs: mustprogress nofree norecurse nosync nounwind readnone uwtable willreturn
define dso_local i32 @compute() local_unnamed_addr #0 {
  ret i32 100
}
*** IR Dump Before LCSSAPass on compute ***
; Function Attrs: mustprogress nofree norecurse nosync nounwind readnone uwtable willreturn
define dso_local i32 @compute() local_unnamed_addr #0 {
  ret i32 100
}
*** IR Dump After LCSSAPass on compute ***
; Function Attrs: mustprogress nofree norecurse nosync nounwind readnone uwtable willreturn
define dso_local i32 @compute() local_unnamed_addr #0 {
  ret i32 100
}
*** IR Dump Before SimplifyCFGPass on compute ***
; Function Attrs: mustprogress nofree norecurse nosync nounwind readnone uwtable willreturn
define dso_local i32 @compute() local_unnamed_addr #0 {
  ret i32 100
}
*** IR Dump After SimplifyCFGPass on compute ***
; Function Attrs: mustprogress nofree norecurse nosync nounwind readnone uwtable willreturn
define dso_local i32 @compute() local_unnamed_addr #0 {
  ret i32 100
}
*** IR Dump Before InstCombinePass on compute ***
; Function Attrs: mustprogress nofree norecurse nosync nounwind readnone uwtable willreturn
define dso_local i32 @compute() local_unnamed_addr #0 {
  ret i32 100
}
*** IR Dump After InstCombinePass on compute ***
; Function Attrs: mustprogress nofree norecurse nosync nounwind readnone uwtable willreturn
define dso_local i32 @compute() local_unnamed_addr #0 {
  ret i32 100
}
*** IR Dump Before LoopSimplifyPass on compute ***
; Function Attrs: mustprogress nofree norecurse nosync nounwind readnone uwtable willreturn
define dso_local i32 @compute() local_unnamed_addr #0 {
  ret i32 100
}
*** IR Dump After LoopSimplifyPass on compute ***
; Function Attrs: mustprogress nofree norecurse nosync nounwind readnone uwtable willreturn
define dso_local i32 @compute() local_unnamed_addr #0 {
  ret i32 100
}
*** IR Dump Before LCSSAPass on compute ***
; Function Attrs: mustprogress nofree norecurse nosync nounwind readnone uwtable willreturn
define dso_local i32 @compute() local_unnamed_addr #0 {
  ret i32 100
}
*** IR Dump After LCSSAPass on compute ***
; Function Attrs: mustprogress nofree norecurse nosync nounwind readnone uwtable willreturn
define dso_local i32 @compute() local_unnamed_addr #0 {
  ret i32 100
}
*** IR Dump Before SROAPass on compute ***
; Function Attrs: mustprogress nofree norecurse nosync nounwind readnone uwtable willreturn
define dso_local i32 @compute() local_unnamed_addr #0 {
  ret i32 100
}
*** IR Dump After SROAPass on compute ***
; Function Attrs: mustprogress nofree norecurse nosync nounwind readnone uwtable willreturn
define dso_local i32 @compute() local_unnamed_addr #0 {
  ret i32 100
}
*** IR Dump Before MemCpyOptPass on compute ***
; Function Attrs: mustprogress nofree norecurse nosync nounwind readnone uwtable willreturn
define dso_local i32 @compute() local_unnamed_addr #0 {
  ret i32 100
}
*** IR Dump After MemCpyOptPass on compute ***
; Function Attrs: mustprogress nofree norecurse nosync nounwind readnone uwtable willreturn
define dso_local i32 @compute() local_unnamed_addr #0 {
  ret i32 100
}
*** IR Dump Before SCCPPass on compute ***
; Function Attrs: mustprogress nofree norecurse nosync nounwind readnone uwtable willreturn
define dso_local i32 @compute() local_unnamed_addr #0 {
  ret i32 100
}
*** IR Dump After SCCPPass on compute ***
; Function Attrs: mustprogress nofree norecurse nosync nounwind readnone uwtable willreturn
define dso_local i32 @compute() local_unnamed_addr #0 {
  ret i32 100
}
*** IR Dump Before BDCEPass on compute ***
; Function Attrs: mustprogress nofree norecurse nosync nounwind readnone uwtable willreturn
define dso_local i32 @compute() local_unnamed_addr #0 {
  ret i32 100
}
*** IR Dump After BDCEPass on compute ***
; Function Attrs: mustprogress nofree norecurse nosync nounwind readnone uwtable willreturn
define dso_local i32 @compute() local_unnamed_addr #0 {
  ret i32 100
}
*** IR Dump Before InstCombinePass on compute ***
; Function Attrs: mustprogress nofree norecurse nosync nounwind readnone uwtable willreturn
define dso_local i32 @compute() local_unnamed_addr #0 {
  ret i32 100
}
*** IR Dump After InstCombinePass on compute ***
; Function Attrs: mustprogress nofree norecurse nosync nounwind readnone uwtable willreturn
define dso_local i32 @compute() local_unnamed_addr #0 {
  ret i32 100
}
*** IR Dump Before CoroElidePass on compute ***
; Function Attrs: mustprogress nofree norecurse nosync nounwind readnone uwtable willreturn
define dso_local i32 @compute() local_unnamed_addr #0 {
  ret i32 100
}
*** IR Dump After CoroElidePass on compute ***
; Function Attrs: mustprogress nofree norecurse nosync nounwind readnone uwtable willreturn
define dso_local i32 @compute() local_unnamed_addr #0 {
  ret i32 100
}
*** IR Dump Before ADCEPass on compute ***
; Function Attrs: mustprogress nofree norecurse nosync nounwind readnone uwtable willreturn
define dso_local i32 @compute() local_unnamed_addr #0 {
  ret i32 100
}
*** IR Dump After ADCEPass on compute ***
; Function Attrs: mustprogress nofree norecurse nosync nounwind readnone uwtable willreturn
define dso_local i32 @compute() local_unnamed_addr #0 {
  ret i32 100
}
*** IR Dump Before SimplifyCFGPass on compute ***
; Function Attrs: mustprogress nofree norecurse nosync nounwind readnone uwtable willreturn
define dso_local i32 @compute() local_unnamed_addr #0 {
  ret i32 100
}
*** IR Dump After SimplifyCFGPass on compute ***
; Function Attrs: mustprogress nofree norecurse nosync nounwind readnone uwtable willreturn
define dso_local i32 @compute() local_unnamed_addr #0 {
  ret i32 100
}
*** IR Dump Before InstCombinePass on compute ***
; Function Attrs: mustprogress nofree norecurse nosync nounwind readnone uwtable willreturn
define dso_local i32 @compute() local_unnamed_addr #0 {
  ret i32 100
}
*** IR Dump After InstCombinePass on compute ***
; Function Attrs: mustprogress nofree norecurse nosync nounwind readnone uwtable willreturn
define dso_local i32 @compute() local_unnamed_addr #0 {
  ret i32 100
}
*** IR Dump Before CoroSplitPass on (compute) ***
; Function Attrs: mustprogress nofree norecurse nosync nounwind readnone uwtable willreturn
define dso_local i32 @compute() local_unnamed_addr #0 {
  ret i32 100
}
*** IR Dump After CoroSplitPass on (compute) ***
; Function Attrs: mustprogress nofree norecurse nosync nounwind readnone uwtable willreturn
define dso_local i32 @compute() local_unnamed_addr #0 {
  ret i32 100
}
*** IR Dump Before GlobalOptPass on [module] ***
; ModuleID = 'constfold.in.ll'
source_filename = "constfold.c"
target datalayout = "e-m:e-i8:8:32-i16:16:32-i64:64-i128:128-n32:64-S128"
target triple = "aarch64-unknown-linux-gnu"

; Function Attrs: mustprogress nofree norecurse nosync nounwind readnone uwtable willreturn
define dso_local i32 @compute() local_unnamed_addr #0 {
  ret i32 100
}

attributes #0 = { mustprogress nofree norecurse nosync nounwind readnone uwtable willreturn "frame-pointer"="non-leaf" "min-legal-vector-width"="0" "no-trapping-math"="true" "stack-protector-buffer-size"="8" "target-cpu"="generic" "target-features"="+neon,+outline-atomics,+v8a" }

!llvm.module.flags = !{!0, !1, !2, !3, !4, !5, !6, !7, !8}
!llvm.ident = !{!9}

!0 = !{i32 1, !"wchar_size", i32 4}
!1 = !{i32 1, !"branch-target-enforcement", i32 0}
!2 = !{i32 1, !"sign-return-address", i32 0}
!3 = !{i32 1, !"sign-return-address-all", i32 0}
!4 = !{i32 1, !"sign-return-address-with-bkey", i32 0}
!5 = !{i32 7, !"PIC Level", i32 2}
!6 = !{i32 7, !"PIE Level", i32 2}
!7 = !{i32 7, !"uwtable", i32 1}
!8 = !{i32 7, !"frame-pointer", i32 1}
!9 = !{!"Ubuntu clang version 14.0.0-1ubuntu1.1"}
*** IR Dump After GlobalOptPass on [module] ***
; ModuleID = 'constfold.in.ll'
source_filename = "constfold.c"
target datalayout = "e-m:e-i8:8:32-i16:16:32-i64:64-i128:128-n32:64-S128"
target triple = "aarch64-unknown-linux-gnu"

; Function Attrs: mustprogress nofree norecurse nosync nounwind readnone uwtable willreturn
define dso_local i32 @compute() local_unnamed_addr #0 {
  ret i32 100
}

attributes #0 = { mustprogress nofree norecurse nosync nounwind readnone uwtable willreturn "frame-pointer"="non-leaf" "min-legal-vector-width"="0" "no-trapping-math"="true" "stack-protector-buffer-size"="8" "target-cpu"="generic" "target-features"="+neon,+outline-atomics,+v8a" }

!llvm.module.flags = !{!0, !1, !2, !3, !4, !5, !6, !7, !8}
!llvm.ident = !{!9}

!0 = !{i32 1, !"wchar_size", i32 4}
!1 = !{i32 1, !"branch-target-enforcement", i32 0}
!2 = !{i32 1, !"sign-return-address", i32 0}
!3 = !{i32 1, !"sign-return-address-all", i32 0}
!4 = !{i32 1, !"sign-return-address-with-bkey", i32 0}
!5 = !{i32 7, !"PIC Level", i32 2}
!6 = !{i32 7, !"PIE Level", i32 2}
!7 = !{i32 7, !"uwtable", i32 1}
!8 = !{i32 7, !"frame-pointer", i32 1}
!9 = !{!"Ubuntu clang version 14.0.0-1ubuntu1.1"}
*** IR Dump Before GlobalDCEPass on [module] ***
; ModuleID = 'constfold.in.ll'
source_filename = "constfold.c"
target datalayout = "e-m:e-i8:8:32-i16:16:32-i64:64-i128:128-n32:64-S128"
target triple = "aarch64-unknown-linux-gnu"

; Function Attrs: mustprogress nofree norecurse nosync nounwind readnone uwtable willreturn
define dso_local i32 @compute() local_unnamed_addr #0 {
  ret i32 100
}

attributes #0 = { mustprogress nofree norecurse nosync nounwind readnone uwtable willreturn "frame-pointer"="non-leaf" "min-legal-vector-width"="0" "no-trapping-math"="true" "stack-protector-buffer-size"="8" "target-cpu"="generic" "target-features"="+neon,+outline-atomics,+v8a" }

!llvm.module.flags = !{!0, !1, !2, !3, !4, !5, !6, !7, !8}
!llvm.ident = !{!9}

!0 = !{i32 1, !"wchar_size", i32 4}
!1 = !{i32 1, !"branch-target-enforcement", i32 0}
!2 = !{i32 1, !"sign-return-address", i32 0}
!3 = !{i32 1, !"sign-return-address-all", i32 0}
!4 = !{i32 1, !"sign-return-address-with-bkey", i32 0}
!5 = !{i32 7, !"PIC Level", i32 2}
!6 = !{i32 7, !"PIE Level", i32 2}
!7 = !{i32 7, !"uwtable", i32 1}
!8 = !{i32 7, !"frame-pointer", i32 1}
!9 = !{!"Ubuntu clang version 14.0.0-1ubuntu1.1"}
*** IR Dump After GlobalDCEPass on [module] ***
; ModuleID = 'constfold.in.ll'
source_filename = "constfold.c"
target datalayout = "e-m:e-i8:8:32-i16:16:32-i64:64-i128:128-n32:64-S128"
target triple = "aarch64-unknown-linux-gnu"

; Function Attrs: mustprogress nofree norecurse nosync nounwind readnone uwtable willreturn
define dso_local i32 @compute() local_unnamed_addr #0 {
  ret i32 100
}

attributes #0 = { mustprogress nofree norecurse nosync nounwind readnone uwtable willreturn "frame-pointer"="non-leaf" "min-legal-vector-width"="0" "no-trapping-math"="true" "stack-protector-buffer-size"="8" "target-cpu"="generic" "target-features"="+neon,+outline-atomics,+v8a" }

!llvm.module.flags = !{!0, !1, !2, !3, !4, !5, !6, !7, !8}
!llvm.ident = !{!9}

!0 = !{i32 1, !"wchar_size", i32 4}
!1 = !{i32 1, !"branch-target-enforcement", i32 0}
!2 = !{i32 1, !"sign-return-address", i32 0}
!3 = !{i32 1, !"sign-return-address-all", i32 0}
!4 = !{i32 1, !"sign-return-address-with-bkey", i32 0}
!5 = !{i32 7, !"PIC Level", i32 2}
!6 = !{i32 7, !"PIE Level", i32 2}
!7 = !{i32 7, !"uwtable", i32 1}
!8 = !{i32 7, !"frame-pointer", i32 1}
!9 = !{!"Ubuntu clang version 14.0.0-1ubuntu1.1"}
*** IR Dump Before EliminateAvailableExternallyPass on [module] ***
; ModuleID = 'constfold.in.ll'
source_filename = "constfold.c"
target datalayout = "e-m:e-i8:8:32-i16:16:32-i64:64-i128:128-n32:64-S128"
target triple = "aarch64-unknown-linux-gnu"

; Function Attrs: mustprogress nofree norecurse nosync nounwind readnone uwtable willreturn
define dso_local i32 @compute() local_unnamed_addr #0 {
  ret i32 100
}

attributes #0 = { mustprogress nofree norecurse nosync nounwind readnone uwtable willreturn "frame-pointer"="non-leaf" "min-legal-vector-width"="0" "no-trapping-math"="true" "stack-protector-buffer-size"="8" "target-cpu"="generic" "target-features"="+neon,+outline-atomics,+v8a" }

!llvm.module.flags = !{!0, !1, !2, !3, !4, !5, !6, !7, !8}
!llvm.ident = !{!9}

!0 = !{i32 1, !"wchar_size", i32 4}
!1 = !{i32 1, !"branch-target-enforcement", i32 0}
!2 = !{i32 1, !"sign-return-address", i32 0}
!3 = !{i32 1, !"sign-return-address-all", i32 0}
!4 = !{i32 1, !"sign-return-address-with-bkey", i32 0}
!5 = !{i32 7, !"PIC Level", i32 2}
!6 = !{i32 7, !"PIE Level", i32 2}
!7 = !{i32 7, !"uwtable", i32 1}
!8 = !{i32 7, !"frame-pointer", i32 1}
!9 = !{!"Ubuntu clang version 14.0.0-1ubuntu1.1"}
*** IR Dump After EliminateAvailableExternallyPass on [module] ***
; ModuleID = 'constfold.in.ll'
source_filename = "constfold.c"
target datalayout = "e-m:e-i8:8:32-i16:16:32-i64:64-i128:128-n32:64-S128"
target triple = "aarch64-unknown-linux-gnu"

; Function Attrs: mustprogress nofree norecurse nosync nounwind readnone uwtable willreturn
define dso_local i32 @compute() local_unnamed_addr #0 {
  ret i32 100
}

attributes #0 = { mustprogress nofree norecurse nosync nounwind readnone uwtable willreturn "frame-pointer"="non-leaf" "min-legal-vector-width"="0" "no-trapping-math"="true" "stack-protector-buffer-size"="8" "target-cpu"="generic" "target-features"="+neon,+outline-atomics,+v8a" }

!llvm.module.flags = !{!0, !1, !2, !3, !4, !5, !6, !7, !8}
!llvm.ident = !{!9}

!0 = !{i32 1, !"wchar_size", i32 4}
!1 = !{i32 1, !"branch-target-enforcement", i32 0}
!2 = !{i32 1, !"sign-return-address", i32 0}
!3 = !{i32 1, !"sign-return-address-all", i32 0}
!4 = !{i32 1, !"sign-return-address-with-bkey", i32 0}
!5 = !{i32 7, !"PIC Level", i32 2}
!6 = !{i32 7, !"PIE Level", i32 2}
!7 = !{i32 7, !"uwtable", i32 1}
!8 = !{i32 7, !"frame-pointer", i32 1}
!9 = !{!"Ubuntu clang version 14.0.0-1ubuntu1.1"}
*** IR Dump Before ReversePostOrderFunctionAttrsPass on [module] ***
; ModuleID = 'constfold.in.ll'
source_filename = "constfold.c"
target datalayout = "e-m:e-i8:8:32-i16:16:32-i64:64-i128:128-n32:64-S128"
target triple = "aarch64-unknown-linux-gnu"

; Function Attrs: mustprogress nofree norecurse nosync nounwind readnone uwtable willreturn
define dso_local i32 @compute() local_unnamed_addr #0 {
  ret i32 100
}

attributes #0 = { mustprogress nofree norecurse nosync nounwind readnone uwtable willreturn "frame-pointer"="non-leaf" "min-legal-vector-width"="0" "no-trapping-math"="true" "stack-protector-buffer-size"="8" "target-cpu"="generic" "target-features"="+neon,+outline-atomics,+v8a" }

!llvm.module.flags = !{!0, !1, !2, !3, !4, !5, !6, !7, !8}
!llvm.ident = !{!9}

!0 = !{i32 1, !"wchar_size", i32 4}
!1 = !{i32 1, !"branch-target-enforcement", i32 0}
!2 = !{i32 1, !"sign-return-address", i32 0}
!3 = !{i32 1, !"sign-return-address-all", i32 0}
!4 = !{i32 1, !"sign-return-address-with-bkey", i32 0}
!5 = !{i32 7, !"PIC Level", i32 2}
!6 = !{i32 7, !"PIE Level", i32 2}
!7 = !{i32 7, !"uwtable", i32 1}
!8 = !{i32 7, !"frame-pointer", i32 1}
!9 = !{!"Ubuntu clang version 14.0.0-1ubuntu1.1"}
*** IR Dump After ReversePostOrderFunctionAttrsPass on [module] ***
; ModuleID = 'constfold.in.ll'
source_filename = "constfold.c"
target datalayout = "e-m:e-i8:8:32-i16:16:32-i64:64-i128:128-n32:64-S128"
target triple = "aarch64-unknown-linux-gnu"

; Function Attrs: mustprogress nofree norecurse nosync nounwind readnone uwtable willreturn
define dso_local i32 @compute() local_unnamed_addr #0 {
  ret i32 100
}

attributes #0 = { mustprogress nofree norecurse nosync nounwind readnone uwtable willreturn "frame-pointer"="non-leaf" "min-legal-vector-width"="0" "no-trapping-math"="true" "stack-protector-buffer-size"="8" "target-cpu"="generic" "target-features"="+neon,+outline-atomics,+v8a" }

!llvm.module.flags = !{!0, !1, !2, !3, !4, !5, !6, !7, !8}
!llvm.ident = !{!9}

!0 = !{i32 1, !"wchar_size", i32 4}
!1 = !{i32 1, !"branch-target-enforcement", i32 0}
!2 = !{i32 1, !"sign-return-address", i32 0}
!3 = !{i32 1, !"sign-return-address-all", i32 0}
!4 = !{i32 1, !"sign-return-address-with-bkey", i32 0}
!5 = !{i32 7, !"PIC Level", i32 2}
!6 = !{i32 7, !"PIE Level", i32 2}
!7 = !{i32 7, !"uwtable", i32 1}
!8 = !{i32 7, !"frame-pointer", i32 1}
!9 = !{!"Ubuntu clang version 14.0.0-1ubuntu1.1"}
*** IR Dump Before RequireAnalysisPass<llvm::GlobalsAA, llvm::Module> on [module] ***
; ModuleID = 'constfold.in.ll'
source_filename = "constfold.c"
target datalayout = "e-m:e-i8:8:32-i16:16:32-i64:64-i128:128-n32:64-S128"
target triple = "aarch64-unknown-linux-gnu"

; Function Attrs: mustprogress nofree norecurse nosync nounwind readnone uwtable willreturn
define dso_local i32 @compute() local_unnamed_addr #0 {
  ret i32 100
}

attributes #0 = { mustprogress nofree norecurse nosync nounwind readnone uwtable willreturn "frame-pointer"="non-leaf" "min-legal-vector-width"="0" "no-trapping-math"="true" "stack-protector-buffer-size"="8" "target-cpu"="generic" "target-features"="+neon,+outline-atomics,+v8a" }

!llvm.module.flags = !{!0, !1, !2, !3, !4, !5, !6, !7, !8}
!llvm.ident = !{!9}

!0 = !{i32 1, !"wchar_size", i32 4}
!1 = !{i32 1, !"branch-target-enforcement", i32 0}
!2 = !{i32 1, !"sign-return-address", i32 0}
!3 = !{i32 1, !"sign-return-address-all", i32 0}
!4 = !{i32 1, !"sign-return-address-with-bkey", i32 0}
!5 = !{i32 7, !"PIC Level", i32 2}
!6 = !{i32 7, !"PIE Level", i32 2}
!7 = !{i32 7, !"uwtable", i32 1}
!8 = !{i32 7, !"frame-pointer", i32 1}
!9 = !{!"Ubuntu clang version 14.0.0-1ubuntu1.1"}
*** IR Dump After RequireAnalysisPass<llvm::GlobalsAA, llvm::Module> on [module] ***
; ModuleID = 'constfold.in.ll'
source_filename = "constfold.c"
target datalayout = "e-m:e-i8:8:32-i16:16:32-i64:64-i128:128-n32:64-S128"
target triple = "aarch64-unknown-linux-gnu"

; Function Attrs: mustprogress nofree norecurse nosync nounwind readnone uwtable willreturn
define dso_local i32 @compute() local_unnamed_addr #0 {
  ret i32 100
}

attributes #0 = { mustprogress nofree norecurse nosync nounwind readnone uwtable willreturn "frame-pointer"="non-leaf" "min-legal-vector-width"="0" "no-trapping-math"="true" "stack-protector-buffer-size"="8" "target-cpu"="generic" "target-features"="+neon,+outline-atomics,+v8a" }

!llvm.module.flags = !{!0, !1, !2, !3, !4, !5, !6, !7, !8}
!llvm.ident = !{!9}

!0 = !{i32 1, !"wchar_size", i32 4}
!1 = !{i32 1, !"branch-target-enforcement", i32 0}
!2 = !{i32 1, !"sign-return-address", i32 0}
!3 = !{i32 1, !"sign-return-address-all", i32 0}
!4 = !{i32 1, !"sign-return-address-with-bkey", i32 0}
!5 = !{i32 7, !"PIC Level", i32 2}
!6 = !{i32 7, !"PIE Level", i32 2}
!7 = !{i32 7, !"uwtable", i32 1}
!8 = !{i32 7, !"frame-pointer", i32 1}
!9 = !{!"Ubuntu clang version 14.0.0-1ubuntu1.1"}
*** IR Dump Before Float2IntPass on compute ***
; Function Attrs: mustprogress nofree norecurse nosync nounwind readnone uwtable willreturn
define dso_local i32 @compute() local_unnamed_addr #0 {
  ret i32 100
}
*** IR Dump After Float2IntPass on compute ***
; Function Attrs: mustprogress nofree norecurse nosync nounwind readnone uwtable willreturn
define dso_local i32 @compute() local_unnamed_addr #0 {
  ret i32 100
}
*** IR Dump Before LowerConstantIntrinsicsPass on compute ***
; Function Attrs: mustprogress nofree norecurse nosync nounwind readnone uwtable willreturn
define dso_local i32 @compute() local_unnamed_addr #0 {
  ret i32 100
}
*** IR Dump After LowerConstantIntrinsicsPass on compute ***
; Function Attrs: mustprogress nofree norecurse nosync nounwind readnone uwtable willreturn
define dso_local i32 @compute() local_unnamed_addr #0 {
  ret i32 100
}
*** IR Dump Before LoopSimplifyPass on compute ***
; Function Attrs: mustprogress nofree norecurse nosync nounwind readnone uwtable willreturn
define dso_local i32 @compute() local_unnamed_addr #0 {
  ret i32 100
}
*** IR Dump After LoopSimplifyPass on compute ***
; Function Attrs: mustprogress nofree norecurse nosync nounwind readnone uwtable willreturn
define dso_local i32 @compute() local_unnamed_addr #0 {
  ret i32 100
}
*** IR Dump Before LCSSAPass on compute ***
; Function Attrs: mustprogress nofree norecurse nosync nounwind readnone uwtable willreturn
define dso_local i32 @compute() local_unnamed_addr #0 {
  ret i32 100
}
*** IR Dump After LCSSAPass on compute ***
; Function Attrs: mustprogress nofree norecurse nosync nounwind readnone uwtable willreturn
define dso_local i32 @compute() local_unnamed_addr #0 {
  ret i32 100
}
*** IR Dump Before LoopDistributePass on compute ***
; Function Attrs: mustprogress nofree norecurse nosync nounwind readnone uwtable willreturn
define dso_local i32 @compute() local_unnamed_addr #0 {
  ret i32 100
}
*** IR Dump After LoopDistributePass on compute ***
; Function Attrs: mustprogress nofree norecurse nosync nounwind readnone uwtable willreturn
define dso_local i32 @compute() local_unnamed_addr #0 {
  ret i32 100
}
*** IR Dump Before InjectTLIMappings on compute ***
; Function Attrs: mustprogress nofree norecurse nosync nounwind readnone uwtable willreturn
define dso_local i32 @compute() local_unnamed_addr #0 {
  ret i32 100
}
*** IR Dump After InjectTLIMappings on compute ***
; Function Attrs: mustprogress nofree norecurse nosync nounwind readnone uwtable willreturn
define dso_local i32 @compute() local_unnamed_addr #0 {
  ret i32 100
}
*** IR Dump Before LoopVectorizePass on compute ***
; Function Attrs: mustprogress nofree norecurse nosync nounwind readnone uwtable willreturn
define dso_local i32 @compute() local_unnamed_addr #0 {
  ret i32 100
}
*** IR Dump After LoopVectorizePass on compute ***
; Function Attrs: mustprogress nofree norecurse nosync nounwind readnone uwtable willreturn
define dso_local i32 @compute() local_unnamed_addr #0 {
  ret i32 100
}
*** IR Dump Before LoopLoadEliminationPass on compute ***
; Function Attrs: mustprogress nofree norecurse nosync nounwind readnone uwtable willreturn
define dso_local i32 @compute() local_unnamed_addr #0 {
  ret i32 100
}
*** IR Dump After LoopLoadEliminationPass on compute ***
; Function Attrs: mustprogress nofree norecurse nosync nounwind readnone uwtable willreturn
define dso_local i32 @compute() local_unnamed_addr #0 {
  ret i32 100
}
*** IR Dump Before InstCombinePass on compute ***
; Function Attrs: mustprogress nofree norecurse nosync nounwind readnone uwtable willreturn
define dso_local i32 @compute() local_unnamed_addr #0 {
  ret i32 100
}
*** IR Dump After InstCombinePass on compute ***
; Function Attrs: mustprogress nofree norecurse nosync nounwind readnone uwtable willreturn
define dso_local i32 @compute() local_unnamed_addr #0 {
  ret i32 100
}
*** IR Dump Before SimplifyCFGPass on compute ***
; Function Attrs: mustprogress nofree norecurse nosync nounwind readnone uwtable willreturn
define dso_local i32 @compute() local_unnamed_addr #0 {
  ret i32 100
}
*** IR Dump After SimplifyCFGPass on compute ***
; Function Attrs: mustprogress nofree norecurse nosync nounwind readnone uwtable willreturn
define dso_local i32 @compute() local_unnamed_addr #0 {
  ret i32 100
}
*** IR Dump Before VectorCombinePass on compute ***
; Function Attrs: mustprogress nofree norecurse nosync nounwind readnone uwtable willreturn
define dso_local i32 @compute() local_unnamed_addr #0 {
  ret i32 100
}
*** IR Dump After VectorCombinePass on compute ***
; Function Attrs: mustprogress nofree norecurse nosync nounwind readnone uwtable willreturn
define dso_local i32 @compute() local_unnamed_addr #0 {
  ret i32 100
}
*** IR Dump Before InstCombinePass on compute ***
; Function Attrs: mustprogress nofree norecurse nosync nounwind readnone uwtable willreturn
define dso_local i32 @compute() local_unnamed_addr #0 {
  ret i32 100
}
*** IR Dump After InstCombinePass on compute ***
; Function Attrs: mustprogress nofree norecurse nosync nounwind readnone uwtable willreturn
define dso_local i32 @compute() local_unnamed_addr #0 {
  ret i32 100
}
*** IR Dump Before LoopUnrollPass on compute ***
; Function Attrs: mustprogress nofree norecurse nosync nounwind readnone uwtable willreturn
define dso_local i32 @compute() local_unnamed_addr #0 {
  ret i32 100
}
*** IR Dump After LoopUnrollPass on compute ***
; Function Attrs: mustprogress nofree norecurse nosync nounwind readnone uwtable willreturn
define dso_local i32 @compute() local_unnamed_addr #0 {
  ret i32 100
}
*** IR Dump Before WarnMissedTransformationsPass on compute ***
; Function Attrs: mustprogress nofree norecurse nosync nounwind readnone uwtable willreturn
define dso_local i32 @compute() local_unnamed_addr #0 {
  ret i32 100
}
*** IR Dump After WarnMissedTransformationsPass on compute ***
; Function Attrs: mustprogress nofree norecurse nosync nounwind readnone uwtable willreturn
define dso_local i32 @compute() local_unnamed_addr #0 {
  ret i32 100
}
*** IR Dump Before InstCombinePass on compute ***
; Function Attrs: mustprogress nofree norecurse nosync nounwind readnone uwtable willreturn
define dso_local i32 @compute() local_unnamed_addr #0 {
  ret i32 100
}
*** IR Dump After InstCombinePass on compute ***
; Function Attrs: mustprogress nofree norecurse nosync nounwind readnone uwtable willreturn
define dso_local i32 @compute() local_unnamed_addr #0 {
  ret i32 100
}
*** IR Dump Before RequireAnalysisPass<llvm::OptimizationRemarkEmitterAnalysis, llvm::Function> on compute ***
; Function Attrs: mustprogress nofree norecurse nosync nounwind readnone uwtable willreturn
define dso_local i32 @compute() local_unnamed_addr #0 {
  ret i32 100
}
*** IR Dump After RequireAnalysisPass<llvm::OptimizationRemarkEmitterAnalysis, llvm::Function> on compute ***
; Function Attrs: mustprogress nofree norecurse nosync nounwind readnone uwtable willreturn
define dso_local i32 @compute() local_unnamed_addr #0 {
  ret i32 100
}
*** IR Dump Before LoopSimplifyPass on compute ***
; Function Attrs: mustprogress nofree norecurse nosync nounwind readnone uwtable willreturn
define dso_local i32 @compute() local_unnamed_addr #0 {
  ret i32 100
}
*** IR Dump After LoopSimplifyPass on compute ***
; Function Attrs: mustprogress nofree norecurse nosync nounwind readnone uwtable willreturn
define dso_local i32 @compute() local_unnamed_addr #0 {
  ret i32 100
}
*** IR Dump Before LCSSAPass on compute ***
; Function Attrs: mustprogress nofree norecurse nosync nounwind readnone uwtable willreturn
define dso_local i32 @compute() local_unnamed_addr #0 {
  ret i32 100
}
*** IR Dump After LCSSAPass on compute ***
; Function Attrs: mustprogress nofree norecurse nosync nounwind readnone uwtable willreturn
define dso_local i32 @compute() local_unnamed_addr #0 {
  ret i32 100
}
*** IR Dump Before AlignmentFromAssumptionsPass on compute ***
; Function Attrs: mustprogress nofree norecurse nosync nounwind readnone uwtable willreturn
define dso_local i32 @compute() local_unnamed_addr #0 {
  ret i32 100
}
*** IR Dump After AlignmentFromAssumptionsPass on compute ***
; Function Attrs: mustprogress nofree norecurse nosync nounwind readnone uwtable willreturn
define dso_local i32 @compute() local_unnamed_addr #0 {
  ret i32 100
}
*** IR Dump Before LoopSinkPass on compute ***
; Function Attrs: mustprogress nofree norecurse nosync nounwind readnone uwtable willreturn
define dso_local i32 @compute() local_unnamed_addr #0 {
  ret i32 100
}
*** IR Dump After LoopSinkPass on compute ***
; Function Attrs: mustprogress nofree norecurse nosync nounwind readnone uwtable willreturn
define dso_local i32 @compute() local_unnamed_addr #0 {
  ret i32 100
}
*** IR Dump Before InstSimplifyPass on compute ***
; Function Attrs: mustprogress nofree norecurse nosync nounwind readnone uwtable willreturn
define dso_local i32 @compute() local_unnamed_addr #0 {
  ret i32 100
}
*** IR Dump After InstSimplifyPass on compute ***
; Function Attrs: mustprogress nofree norecurse nosync nounwind readnone uwtable willreturn
define dso_local i32 @compute() local_unnamed_addr #0 {
  ret i32 100
}
*** IR Dump Before DivRemPairsPass on compute ***
; Function Attrs: mustprogress nofree norecurse nosync nounwind readnone uwtable willreturn
define dso_local i32 @compute() local_unnamed_addr #0 {
  ret i32 100
}
*** IR Dump After DivRemPairsPass on compute ***
; Function Attrs: mustprogress nofree norecurse nosync nounwind readnone uwtable willreturn
define dso_local i32 @compute() local_unnamed_addr #0 {
  ret i32 100
}
*** IR Dump Before SimplifyCFGPass on compute ***
; Function Attrs: mustprogress nofree norecurse nosync nounwind readnone uwtable willreturn
define dso_local i32 @compute() local_unnamed_addr #0 {
  ret i32 100
}
*** IR Dump After SimplifyCFGPass on compute ***
; Function Attrs: mustprogress nofree norecurse nosync nounwind readnone uwtable willreturn
define dso_local i32 @compute() local_unnamed_addr #0 {
  ret i32 100
}
*** IR Dump Before CoroCleanupPass on compute ***
; Function Attrs: mustprogress nofree norecurse nosync nounwind readnone uwtable willreturn
define dso_local i32 @compute() local_unnamed_addr #0 {
  ret i32 100
}
*** IR Dump After CoroCleanupPass on compute ***
; Function Attrs: mustprogress nofree norecurse nosync nounwind readnone uwtable willreturn
define dso_local i32 @compute() local_unnamed_addr #0 {
  ret i32 100
}
*** IR Dump Before CGProfilePass on [module] ***
; ModuleID = 'constfold.in.ll'
source_filename = "constfold.c"
target datalayout = "e-m:e-i8:8:32-i16:16:32-i64:64-i128:128-n32:64-S128"
target triple = "aarch64-unknown-linux-gnu"

; Function Attrs: mustprogress nofree norecurse nosync nounwind readnone uwtable willreturn
define dso_local i32 @compute() local_unnamed_addr #0 {
  ret i32 100
}

attributes #0 = { mustprogress nofree norecurse nosync nounwind readnone uwtable willreturn "frame-pointer"="non-leaf" "min-legal-vector-width"="0" "no-trapping-math"="true" "stack-protector-buffer-size"="8" "target-cpu"="generic" "target-features"="+neon,+outline-atomics,+v8a" }

!llvm.module.flags = !{!0, !1, !2, !3, !4, !5, !6, !7, !8}
!llvm.ident = !{!9}

!0 = !{i32 1, !"wchar_size", i32 4}
!1 = !{i32 1, !"branch-target-enforcement", i32 0}
!2 = !{i32 1, !"sign-return-address", i32 0}
!3 = !{i32 1, !"sign-return-address-all", i32 0}
!4 = !{i32 1, !"sign-return-address-with-bkey", i32 0}
!5 = !{i32 7, !"PIC Level", i32 2}
!6 = !{i32 7, !"PIE Level", i32 2}
!7 = !{i32 7, !"uwtable", i32 1}
!8 = !{i32 7, !"frame-pointer", i32 1}
!9 = !{!"Ubuntu clang version 14.0.0-1ubuntu1.1"}
*** IR Dump After CGProfilePass on [module] ***
; ModuleID = 'constfold.in.ll'
source_filename = "constfold.c"
target datalayout = "e-m:e-i8:8:32-i16:16:32-i64:64-i128:128-n32:64-S128"
target triple = "aarch64-unknown-linux-gnu"

; Function Attrs: mustprogress nofree norecurse nosync nounwind readnone uwtable willreturn
define dso_local i32 @compute() local_unnamed_addr #0 {
  ret i32 100
}

attributes #0 = { mustprogress nofree norecurse nosync nounwind readnone uwtable willreturn "frame-pointer"="non-leaf" "min-legal-vector-width"="0" "no-trapping-math"="true" "stack-protector-buffer-size"="8" "target-cpu"="generic" "target-features"="+neon,+outline-atomics,+v8a" }

!llvm.module.flags = !{!0, !1, !2, !3, !4, !5, !6, !7, !8}
!llvm.ident = !{!9}

!0 = !{i32 1, !"wchar_size", i32 4}
!1 = !{i32 1, !"branch-target-enforcement", i32 0}
!2 = !{i32 1, !"sign-return-address", i32 0}
!3 = !{i32 1, !"sign-return-address-all", i32 0}
!4 = !{i32 1, !"sign-return-address-with-bkey", i32 0}
!5 = !{i32 7, !"PIC Level", i32 2}
!6 = !{i32 7, !"PIE Level", i32 2}
!7 = !{i32 7, !"uwtable", i32 1}
!8 = !{i32 7, !"frame-pointer", i32 1}
!9 = !{!"Ubuntu clang version 14.0.0-1ubuntu1.1"}
*** IR Dump Before GlobalDCEPass on [module] ***
; ModuleID = 'constfold.in.ll'
source_filename = "constfold.c"
target datalayout = "e-m:e-i8:8:32-i16:16:32-i64:64-i128:128-n32:64-S128"
target triple = "aarch64-unknown-linux-gnu"

; Function Attrs: mustprogress nofree norecurse nosync nounwind readnone uwtable willreturn
define dso_local i32 @compute() local_unnamed_addr #0 {
  ret i32 100
}

attributes #0 = { mustprogress nofree norecurse nosync nounwind readnone uwtable willreturn "frame-pointer"="non-leaf" "min-legal-vector-width"="0" "no-trapping-math"="true" "stack-protector-buffer-size"="8" "target-cpu"="generic" "target-features"="+neon,+outline-atomics,+v8a" }

!llvm.module.flags = !{!0, !1, !2, !3, !4, !5, !6, !7, !8}
!llvm.ident = !{!9}

!0 = !{i32 1, !"wchar_size", i32 4}
!1 = !{i32 1, !"branch-target-enforcement", i32 0}
!2 = !{i32 1, !"sign-return-address", i32 0}
!3 = !{i32 1, !"sign-return-address-all", i32 0}
!4 = !{i32 1, !"sign-return-address-with-bkey", i32 0}
!5 = !{i32 7, !"PIC Level", i32 2}
!6 = !{i32 7, !"PIE Level", i32 2}
!7 = !{i32 7, !"uwtable", i32 1}
!8 = !{i32 7, !"frame-pointer", i32 1}
!9 = !{!"Ubuntu clang version 14.0.0-1ubuntu1.1"}
*** IR Dump After GlobalDCEPass on [module] ***
; ModuleID = 'constfold.in.ll'
source_filename = "constfold.c"
target datalayout = "e-m:e-i8:8:32-i16:16:32-i64:64-i128:128-n32:64-S128"
target triple = "aarch64-unknown-linux-gnu"

; Function Attrs: mustprogress nofree norecurse nosync nounwind readnone uwtable willreturn
define dso_local i32 @compute() local_unnamed_addr #0 {
  ret i32 100
}

attributes #0 = { mustprogress nofree norecurse nosync nounwind readnone uwtable willreturn "frame-pointer"="non-leaf" "min-legal-vector-width"="0" "no-trapping-math"="true" "stack-protector-buffer-size"="8" "target-cpu"="generic" "target-features"="+neon,+outline-atomics,+v8a" }

!llvm.module.flags = !{!0, !1, !2, !3, !4, !5, !6, !7, !8}
!llvm.ident = !{!9}

!0 = !{i32 1, !"wchar_size", i32 4}
!1 = !{i32 1, !"branch-target-enforcement", i32 0}
!2 = !{i32 1, !"sign-return-address", i32 0}
!3 = !{i32 1, !"sign-return-address-all", i32 0}
!4 = !{i32 1, !"sign-return-address-with-bkey", i32 0}
!5 = !{i32 7, !"PIC Level", i32 2}
!6 = !{i32 7, !"PIE Level", i32 2}
!7 = !{i32 7, !"uwtable", i32 1}
!8 = !{i32 7, !"frame-pointer", i32 1}
!9 = !{!"Ubuntu clang version 14.0.0-1ubuntu1.1"}
*** IR Dump Before ConstantMergePass on [module] ***
; ModuleID = 'constfold.in.ll'
source_filename = "constfold.c"
target datalayout = "e-m:e-i8:8:32-i16:16:32-i64:64-i128:128-n32:64-S128"
target triple = "aarch64-unknown-linux-gnu"

; Function Attrs: mustprogress nofree norecurse nosync nounwind readnone uwtable willreturn
define dso_local i32 @compute() local_unnamed_addr #0 {
  ret i32 100
}

attributes #0 = { mustprogress nofree norecurse nosync nounwind readnone uwtable willreturn "frame-pointer"="non-leaf" "min-legal-vector-width"="0" "no-trapping-math"="true" "stack-protector-buffer-size"="8" "target-cpu"="generic" "target-features"="+neon,+outline-atomics,+v8a" }

!llvm.module.flags = !{!0, !1, !2, !3, !4, !5, !6, !7, !8}
!llvm.ident = !{!9}

!0 = !{i32 1, !"wchar_size", i32 4}
!1 = !{i32 1, !"branch-target-enforcement", i32 0}
!2 = !{i32 1, !"sign-return-address", i32 0}
!3 = !{i32 1, !"sign-return-address-all", i32 0}
!4 = !{i32 1, !"sign-return-address-with-bkey", i32 0}
!5 = !{i32 7, !"PIC Level", i32 2}
!6 = !{i32 7, !"PIE Level", i32 2}
!7 = !{i32 7, !"uwtable", i32 1}
!8 = !{i32 7, !"frame-pointer", i32 1}
!9 = !{!"Ubuntu clang version 14.0.0-1ubuntu1.1"}
*** IR Dump After ConstantMergePass on [module] ***
; ModuleID = 'constfold.in.ll'
source_filename = "constfold.c"
target datalayout = "e-m:e-i8:8:32-i16:16:32-i64:64-i128:128-n32:64-S128"
target triple = "aarch64-unknown-linux-gnu"

; Function Attrs: mustprogress nofree norecurse nosync nounwind readnone uwtable willreturn
define dso_local i32 @compute() local_unnamed_addr #0 {
  ret i32 100
}

attributes #0 = { mustprogress nofree norecurse nosync nounwind readnone uwtable willreturn "frame-pointer"="non-leaf" "min-legal-vector-width"="0" "no-trapping-math"="true" "stack-protector-buffer-size"="8" "target-cpu"="generic" "target-features"="+neon,+outline-atomics,+v8a" }

!llvm.module.flags = !{!0, !1, !2, !3, !4, !5, !6, !7, !8}
!llvm.ident = !{!9}

!0 = !{i32 1, !"wchar_size", i32 4}
!1 = !{i32 1, !"branch-target-enforcement", i32 0}
!2 = !{i32 1, !"sign-return-address", i32 0}
!3 = !{i32 1, !"sign-return-address-all", i32 0}
!4 = !{i32 1, !"sign-return-address-with-bkey", i32 0}
!5 = !{i32 7, !"PIC Level", i32 2}
!6 = !{i32 7, !"PIE Level", i32 2}
!7 = !{i32 7, !"uwtable", i32 1}
!8 = !{i32 7, !"frame-pointer", i32 1}
!9 = !{!"Ubuntu clang version 14.0.0-1ubuntu1.1"}
*** IR Dump Before RelLookupTableConverterPass on [module] ***
; ModuleID = 'constfold.in.ll'
source_filename = "constfold.c"
target datalayout = "e-m:e-i8:8:32-i16:16:32-i64:64-i128:128-n32:64-S128"
target triple = "aarch64-unknown-linux-gnu"

; Function Attrs: mustprogress nofree norecurse nosync nounwind readnone uwtable willreturn
define dso_local i32 @compute() local_unnamed_addr #0 {
  ret i32 100
}

attributes #0 = { mustprogress nofree norecurse nosync nounwind readnone uwtable willreturn "frame-pointer"="non-leaf" "min-legal-vector-width"="0" "no-trapping-math"="true" "stack-protector-buffer-size"="8" "target-cpu"="generic" "target-features"="+neon,+outline-atomics,+v8a" }

!llvm.module.flags = !{!0, !1, !2, !3, !4, !5, !6, !7, !8}
!llvm.ident = !{!9}

!0 = !{i32 1, !"wchar_size", i32 4}
!1 = !{i32 1, !"branch-target-enforcement", i32 0}
!2 = !{i32 1, !"sign-return-address", i32 0}
!3 = !{i32 1, !"sign-return-address-all", i32 0}
!4 = !{i32 1, !"sign-return-address-with-bkey", i32 0}
!5 = !{i32 7, !"PIC Level", i32 2}
!6 = !{i32 7, !"PIE Level", i32 2}
!7 = !{i32 7, !"uwtable", i32 1}
!8 = !{i32 7, !"frame-pointer", i32 1}
!9 = !{!"Ubuntu clang version 14.0.0-1ubuntu1.1"}
*** IR Dump After RelLookupTableConverterPass on [module] ***
; ModuleID = 'constfold.in.ll'
source_filename = "constfold.c"
target datalayout = "e-m:e-i8:8:32-i16:16:32-i64:64-i128:128-n32:64-S128"
target triple = "aarch64-unknown-linux-gnu"

; Function Attrs: mustprogress nofree norecurse nosync nounwind readnone uwtable willreturn
define dso_local i32 @compute() local_unnamed_addr #0 {
  ret i32 100
}

attributes #0 = { mustprogress nofree norecurse nosync nounwind readnone uwtable willreturn "frame-pointer"="non-leaf" "min-legal-vector-width"="0" "no-trapping-math"="true" "stack-protector-buffer-size"="8" "target-cpu"="generic" "target-features"="+neon,+outline-atomics,+v8a" }

!llvm.module.flags = !{!0, !1, !2, !3, !4, !5, !6, !7, !8}
!llvm.ident = !{!9}

!0 = !{i32 1, !"wchar_size", i32 4}
!1 = !{i32 1, !"branch-target-enforcement", i32 0}
!2 = !{i32 1, !"sign-return-address", i32 0}
!3 = !{i32 1, !"sign-return-address-all", i32 0}
!4 = !{i32 1, !"sign-return-address-with-bkey", i32 0}
!5 = !{i32 7, !"PIC Level", i32 2}
!6 = !{i32 7, !"PIE Level", i32 2}
!7 = !{i32 7, !"uwtable", i32 1}
!8 = !{i32 7, !"frame-pointer", i32 1}
!9 = !{!"Ubuntu clang version 14.0.0-1ubuntu1.1"}
*** IR Dump Before AnnotationRemarksPass on compute ***
; Function Attrs: mustprogress nofree norecurse nosync nounwind readnone uwtable willreturn
define dso_local i32 @compute() local_unnamed_addr #0 {
  ret i32 100
}
*** IR Dump After AnnotationRemarksPass on compute ***
; Function Attrs: mustprogress nofree norecurse nosync nounwind readnone uwtable willreturn
define dso_local i32 @compute() local_unnamed_addr #0 {
  ret i32 100
}
*** IR Dump Before VerifierPass on [module] ***
; ModuleID = 'constfold.in.ll'
source_filename = "constfold.c"
target datalayout = "e-m:e-i8:8:32-i16:16:32-i64:64-i128:128-n32:64-S128"
target triple = "aarch64-unknown-linux-gnu"

; Function Attrs: mustprogress nofree norecurse nosync nounwind readnone uwtable willreturn
define dso_local i32 @compute() local_unnamed_addr #0 {
  ret i32 100
}

attributes #0 = { mustprogress nofree norecurse nosync nounwind readnone uwtable willreturn "frame-pointer"="non-leaf" "min-legal-vector-width"="0" "no-trapping-math"="true" "stack-protector-buffer-size"="8" "target-cpu"="generic" "target-features"="+neon,+outline-atomics,+v8a" }

!llvm.module.flags = !{!0, !1, !2, !3, !4, !5, !6, !7, !8}
!llvm.ident = !{!9}

!0 = !{i32 1, !"wchar_size", i32 4}
!1 = !{i32 1, !"branch-target-enforcement", i32 0}
!2 = !{i32 1, !"sign-return-address", i32 0}
!3 = !{i32 1, !"sign-return-address-all", i32 0}
!4 = !{i32 1, !"sign-return-address-with-bkey", i32 0}
!5 = !{i32 7, !"PIC Level", i32 2}
!6 = !{i32 7, !"PIE Level", i32 2}
!7 = !{i32 7, !"uwtable", i32 1}
!8 = !{i32 7, !"frame-pointer", i32 1}
!9 = !{!"Ubuntu clang version 14.0.0-1ubuntu1.1"}
*** IR Dump After VerifierPass on [module] ***
; ModuleID = 'constfold.in.ll'
source_filename = "constfold.c"
target datalayout = "e-m:e-i8:8:32-i16:16:32-i64:64-i128:128-n32:64-S128"
target triple = "aarch64-unknown-linux-gnu"

; Function Attrs: mustprogress nofree norecurse nosync nounwind readnone uwtable willreturn
define dso_local i32 @compute() local_unnamed_addr #0 {
  ret i32 100
}

attributes #0 = { mustprogress nofree norecurse nosync nounwind readnone uwtable willreturn "frame-pointer"="non-leaf" "min-legal-vector-width"="0" "no-trapping-math"="true" "stack-protector-buffer-size"="8" "target-cpu"="generic" "target-features"="+neon,+outline-atomics,+v8a" }

!llvm.module.flags = !{!0, !1, !2, !3, !4, !5, !6, !7, !8}
!llvm.ident = !{!9}

!0 = !{i32 1, !"wchar_size", i32 4}
!1 = !{i32 1, !"branch-target-enforcement", i32 0}
!2 = !{i32 1, !"sign-return-address", i32 0}
!3 = !{i32 1, !"sign-return-address-all", i32 0}
!4 = !{i32 1, !"sign-return-address-with-bkey", i32 0}
!5 = !{i32 7, !"PIC Level", i32 2}
!6 = !{i32 7, !"PIE Level", i32 2}
!7 = !{i32 7, !"uwtable", i32 1}
!8 = !{i32 7, !"frame-pointer", i32 1}
!9 = !{!"Ubuntu clang version 14.0.0-1ubuntu1.1"}
*** IR Dump Before PrintModulePass on [module] ***
; ModuleID = 'constfold.in.ll'
source_filename = "constfold.c"
target datalayout = "e-m:e-i8:8:32-i16:16:32-i64:64-i128:128-n32:64-S128"
target triple = "aarch64-unknown-linux-gnu"

; Function Attrs: mustprogress nofree norecurse nosync nounwind readnone uwtable willreturn
define dso_local i32 @compute() local_unnamed_addr #0 {
  ret i32 100
}

attributes #0 = { mustprogress nofree norecurse nosync nounwind readnone uwtable willreturn "frame-pointer"="non-leaf" "min-legal-vector-width"="0" "no-trapping-math"="true" "stack-protector-buffer-size"="8" "target-cpu"="generic" "target-features"="+neon,+outline-atomics,+v8a" }

!llvm.module.flags = !{!0, !1, !2, !3, !4, !5, !6, !7, !8}
!llvm.ident = !{!9}

!0 = !{i32 1, !"wchar_size", i32 4}
!1 = !{i32 1, !"branch-target-enforcement", i32 0}
!2 = !{i32 1, !"sign-return-address", i32 0}
!3 = !{i32 1, !"sign-return-address-all", i32 0}
!4 = !{i32 1, !"sign-return-address-with-bkey", i32 0}
!5 = !{i32 7, !"PIC Level", i32 2}
!6 = !{i32 7, !"PIE Level", i32 2}
!7 = !{i32 7, !"uwtable", i32 1}
!8 = !{i32 7, !"frame-pointer", i32 1}
!9 = !{!"Ubuntu clang version 14.0.0-1ubuntu1.1"}
*** IR Dump After PrintModulePass on [module] ***
; ModuleID = 'constfold.in.ll'
source_filename = "constfold.c"
target datalayout = "e-m:e-i8:8:32-i16:16:32-i64:64-i128:128-n32:64-S128"
target triple = "aarch64-unknown-linux-gnu"

; Function Attrs: mustprogress nofree norecurse nosync nounwind readnone uwtable willreturn
define dso_local i32 @compute() local_unnamed_addr #0 {
  ret i32 100
}

attributes #0 = { mustprogress nofree norecurse nosync nounwind readnone uwtable willreturn "frame-pointer"="non-leaf" "min-legal-vector-width"="0" "no-trapping-math"="true" "stack-protector-buffer-size"="8" "target-cpu"="generic" "target-features"="+neon,+outline-atomics,+v8a" }

!llvm.module.flags = !{!0, !1, !2, !3, !4, !5, !6, !7, !8}
!llvm.ident = !{!9}

!0 = !{i32 1, !"wchar_size", i32 4}
!1 = !{i32 1, !"branch-target-enforcement", i32 0}
!2 = !{i32 1, !"sign-return-address", i32 0}
!3 = !{i32 1, !"sign-return-address-all", i32 0}
!4 = !{i32 1, !"sign-return-address-with-bkey", i32 0}
!5 = !{i32 7, !"PIC Level", i32 2}
!6 = !{i32 7, !"PIE Level", i32 2}
!7 = !{i32 7, !"uwtable", i32 1}
!8 = !{i32 7, !"frame-pointer", i32 1}
!9 = !{!"Ubuntu clang version 14.0.0-1ubuntu1.1"}
